<?xml version="1.0" encoding="ISO-8859-1" ?>
<link_info>
   <banner>TI ARM Linker PC v20.2.6.LTS</banner>
   <copyright>Copyright (c) 1996-2018 Texas Instruments Incorporated</copyright>
   <link_time>0x624aa4a2</link_time>
   <link_errors>0x0</link_errors>
   <output_file>gpiointerrupt_CC3220S_LAUNCHXL_nortos_ccs.out</output_file>
   <entry_point>
      <name>resetISR</name>
      <address>0x2000ec5d</address>
   </entry_point>
   <input_file_list>
      <input_file id="fl-2">
         <path>.\</path>
         <kind>object</kind>
         <file>gpiointerrupt.obj</file>
         <name>gpiointerrupt.obj</name>
      </input_file>
      <input_file id="fl-3">
         <path>.\syscfg\</path>
         <kind>object</kind>
         <file>ti_drivers_config.obj</file>
         <name>ti_drivers_config.obj</name>
      </input_file>
      <input_file id="fl-4">
         <path>.\</path>
         <kind>object</kind>
         <file>main_nortos.obj</file>
         <name>main_nortos.obj</name>
      </input_file>
      <input_file id="fl-d">
         <kind>object</kind>
         <file>&lt;internal&gt;</file>
         <name>&lt;internal&gt;</name>
      </input_file>
      <input_file id="fl-e">
         <path>C:\ti\simplelink_cc32xx_sdk_4_30_00_06\source\ti\drivers\lib\ccs\m4\</path>
         <kind>archive</kind>
         <file>drivers_cc32xx.a</file>
         <name>Timer.oem4</name>
      </input_file>
      <input_file id="fl-f">
         <path>C:\ti\simplelink_cc32xx_sdk_4_30_00_06\source\ti\drivers\lib\ccs\m4\</path>
         <kind>archive</kind>
         <file>drivers_cc32xx.a</file>
         <name>GPIOCC32XX.oem4</name>
      </input_file>
      <input_file id="fl-10">
         <path>C:\ti\simplelink_cc32xx_sdk_4_30_00_06\source\ti\drivers\lib\ccs\m4\</path>
         <kind>archive</kind>
         <file>drivers_cc32xx.a</file>
         <name>PowerCC32XX.oem4</name>
      </input_file>
      <input_file id="fl-11">
         <path>C:\ti\simplelink_cc32xx_sdk_4_30_00_06\source\ti\drivers\lib\ccs\m4\</path>
         <kind>archive</kind>
         <file>drivers_cc32xx.a</file>
         <name>PowerCC32XX_asm.oem4</name>
      </input_file>
      <input_file id="fl-12">
         <path>C:\ti\simplelink_cc32xx_sdk_4_30_00_06\source\ti\drivers\lib\ccs\m4\</path>
         <kind>archive</kind>
         <file>drivers_cc32xx.a</file>
         <name>TimerCC32XX.oem4</name>
      </input_file>
      <input_file id="fl-13">
         <path>C:\ti\simplelink_cc32xx_sdk_4_30_00_06\source\ti\drivers\lib\ccs\m4\</path>
         <kind>archive</kind>
         <file>drivers_cc32xx.a</file>
         <name>List.oem4</name>
      </input_file>
      <input_file id="fl-14">
         <path>C:\ti\simplelink_cc32xx_sdk_4_30_00_06\kernel\nortos\lib\ccs\m4\</path>
         <kind>archive</kind>
         <file>nortos_cc32xx.a</file>
         <name>posix_sleep.oem4</name>
      </input_file>
      <input_file id="fl-15">
         <path>C:\ti\simplelink_cc32xx_sdk_4_30_00_06\kernel\nortos\lib\ccs\m4\</path>
         <kind>archive</kind>
         <file>nortos_cc32xx.a</file>
         <name>NoRTOS.oem4</name>
      </input_file>
      <input_file id="fl-16">
         <path>C:\ti\simplelink_cc32xx_sdk_4_30_00_06\kernel\nortos\lib\ccs\m4\</path>
         <kind>archive</kind>
         <file>nortos_cc32xx.a</file>
         <name>SemaphoreP_nortos.oem4</name>
      </input_file>
      <input_file id="fl-17">
         <path>C:\ti\simplelink_cc32xx_sdk_4_30_00_06\kernel\nortos\lib\ccs\m4\</path>
         <kind>archive</kind>
         <file>nortos_cc32xx.a</file>
         <name>ClockPSysTick_nortos.oem4</name>
      </input_file>
      <input_file id="fl-18">
         <path>C:\ti\simplelink_cc32xx_sdk_4_30_00_06\kernel\nortos\lib\ccs\m4\</path>
         <kind>archive</kind>
         <file>nortos_cc32xx.a</file>
         <name>HwiPCC32XX_nortos.oem4</name>
      </input_file>
      <input_file id="fl-19">
         <path>C:\ti\simplelink_cc32xx_sdk_4_30_00_06\kernel\nortos\lib\ccs\m4\</path>
         <kind>archive</kind>
         <file>nortos_cc32xx.a</file>
         <name>PowerCC32XX_nortos.oem4</name>
      </input_file>
      <input_file id="fl-1a">
         <path>C:\ti\simplelink_cc32xx_sdk_4_30_00_06\kernel\nortos\lib\ccs\m4\</path>
         <kind>archive</kind>
         <file>nortos_cc32xx.a</file>
         <name>startup_cc32xx_ccs.oem4</name>
      </input_file>
      <input_file id="fl-1b">
         <path>C:\ti\simplelink_cc32xx_sdk_4_30_00_06\kernel\nortos\lib\ccs\m4\</path>
         <kind>archive</kind>
         <file>nortos_cc32xx.a</file>
         <name>SwiP_nortos.oem4</name>
      </input_file>
      <input_file id="fl-1c">
         <path>C:\ti\simplelink_cc32xx_sdk_4_30_00_06\kernel\nortos\lib\ccs\m4\</path>
         <kind>archive</kind>
         <file>nortos_cc32xx.a</file>
         <name>QueueP_nortos.oem4</name>
      </input_file>
      <input_file id="fl-1d">
         <path>C:\ti\simplelink_cc32xx_sdk_4_30_00_06\source\ti\devices\cc32xx\driverlib\ccs\Release\</path>
         <kind>archive</kind>
         <file>driverlib.a</file>
         <name>cpu.obj</name>
      </input_file>
      <input_file id="fl-1e">
         <path>C:\ti\simplelink_cc32xx_sdk_4_30_00_06\source\ti\devices\cc32xx\driverlib\ccs\Release\</path>
         <kind>archive</kind>
         <file>driverlib.a</file>
         <name>interrupt.obj</name>
      </input_file>
      <input_file id="fl-1f">
         <path>C:\ti\simplelink_cc32xx_sdk_4_30_00_06\source\ti\devices\cc32xx\driverlib\ccs\Release\</path>
         <kind>archive</kind>
         <file>driverlib.a</file>
         <name>pin.obj</name>
      </input_file>
      <input_file id="fl-20">
         <path>C:\ti\simplelink_cc32xx_sdk_4_30_00_06\source\ti\devices\cc32xx\driverlib\ccs\Release\</path>
         <kind>archive</kind>
         <file>driverlib.a</file>
         <name>prcm.obj</name>
      </input_file>
      <input_file id="fl-21">
         <path>C:\ti\simplelink_cc32xx_sdk_4_30_00_06\source\ti\devices\cc32xx\driverlib\ccs\Release\</path>
         <kind>archive</kind>
         <file>driverlib.a</file>
         <name>timer.obj</name>
      </input_file>
      <input_file id="fl-22">
         <path>C:\ti\simplelink_cc32xx_sdk_4_30_00_06\source\ti\devices\cc32xx\driverlib\ccs\Release\</path>
         <kind>archive</kind>
         <file>driverlib.a</file>
         <name>utils.obj</name>
      </input_file>
      <input_file id="fl-23">
         <path>C:\ti\simplelink_cc32xx_sdk_4_30_00_06\source\ti\devices\cc32xx\driverlib\ccs\Release\</path>
         <kind>archive</kind>
         <file>driverlib.a</file>
         <name>flash.obj</name>
      </input_file>
      <input_file id="fl-d9">
         <path>C:\ti\ccs1110\ccs\tools\compiler\ti-cgt-arm_20.2.6.LTS\lib\</path>
         <kind>archive</kind>
         <file>rtsv7M4_T_le_eabi.lib</file>
         <name>ll_mul_t2.asm.obj</name>
      </input_file>
      <input_file id="fl-da">
         <path>C:\ti\ccs1110\ccs\tools\compiler\ti-cgt-arm_20.2.6.LTS\lib\</path>
         <kind>archive</kind>
         <file>rtsv7M4_T_le_eabi.lib</file>
         <name>memcpy_t2.asm.obj</name>
      </input_file>
      <input_file id="fl-db">
         <path>C:\ti\ccs1110\ccs\tools\compiler\ti-cgt-arm_20.2.6.LTS\lib\</path>
         <kind>archive</kind>
         <file>rtsv7M4_T_le_eabi.lib</file>
         <name>ull_div_t2.asm.obj</name>
      </input_file>
      <input_file id="fl-dc">
         <path>C:\ti\ccs1110\ccs\tools\compiler\ti-cgt-arm_20.2.6.LTS\lib\</path>
         <kind>archive</kind>
         <file>rtsv7M4_T_le_eabi.lib</file>
         <name>copy_zero_init.c.obj</name>
      </input_file>
      <input_file id="fl-dd">
         <path>C:\ti\ccs1110\ccs\tools\compiler\ti-cgt-arm_20.2.6.LTS\lib\</path>
         <kind>archive</kind>
         <file>rtsv7M4_T_le_eabi.lib</file>
         <name>copy_decompress_none.c.obj</name>
      </input_file>
      <input_file id="fl-de">
         <path>C:\ti\ccs1110\ccs\tools\compiler\ti-cgt-arm_20.2.6.LTS\lib\</path>
         <kind>archive</kind>
         <file>rtsv7M4_T_le_eabi.lib</file>
         <name>copy_decompress_lzss.c.obj</name>
      </input_file>
      <input_file id="fl-df">
         <path>C:\ti\ccs1110\ccs\tools\compiler\ti-cgt-arm_20.2.6.LTS\lib\</path>
         <kind>archive</kind>
         <file>rtsv7M4_T_le_eabi.lib</file>
         <name>memory.c.obj</name>
      </input_file>
      <input_file id="fl-e0">
         <path>C:\ti\ccs1110\ccs\tools\compiler\ti-cgt-arm_20.2.6.LTS\lib\</path>
         <kind>archive</kind>
         <file>rtsv7M4_T_le_eabi.lib</file>
         <name>boot_cortex_m.c.obj</name>
      </input_file>
      <input_file id="fl-e1">
         <path>C:\ti\ccs1110\ccs\tools\compiler\ti-cgt-arm_20.2.6.LTS\lib\</path>
         <kind>archive</kind>
         <file>rtsv7M4_T_le_eabi.lib</file>
         <name>div0.asm.obj</name>
      </input_file>
      <input_file id="fl-e2">
         <path>C:\ti\ccs1110\ccs\tools\compiler\ti-cgt-arm_20.2.6.LTS\lib\</path>
         <kind>archive</kind>
         <file>rtsv7M4_T_le_eabi.lib</file>
         <name>memset_t2.asm.obj</name>
      </input_file>
      <input_file id="fl-e3">
         <path>C:\ti\ccs1110\ccs\tools\compiler\ti-cgt-arm_20.2.6.LTS\lib\</path>
         <kind>archive</kind>
         <file>rtsv7M4_T_le_eabi.lib</file>
         <name>autoinit.c.obj</name>
      </input_file>
      <input_file id="fl-e4">
         <path>C:\ti\ccs1110\ccs\tools\compiler\ti-cgt-arm_20.2.6.LTS\lib\</path>
         <kind>archive</kind>
         <file>rtsv7M4_T_le_eabi.lib</file>
         <name>pre_init.c.obj</name>
      </input_file>
      <input_file id="fl-e5">
         <path>C:\ti\ccs1110\ccs\tools\compiler\ti-cgt-arm_20.2.6.LTS\lib\</path>
         <kind>archive</kind>
         <file>rtsv7M4_T_le_eabi.lib</file>
         <name>cpy_tbl.c.obj</name>
      </input_file>
      <input_file id="fl-e6">
         <path>C:\ti\ccs1110\ccs\tools\compiler\ti-cgt-arm_20.2.6.LTS\lib\</path>
         <kind>archive</kind>
         <file>rtsv7M4_T_le_eabi.lib</file>
         <name>exit.c.obj</name>
      </input_file>
      <input_file id="fl-e7">
         <path>C:\ti\ccs1110\ccs\tools\compiler\ti-cgt-arm_20.2.6.LTS\lib\</path>
         <kind>archive</kind>
         <file>rtsv7M4_T_le_eabi.lib</file>
         <name>_lock.c.obj</name>
      </input_file>
      <input_file id="fl-e8">
         <path>C:\ti\ccs1110\ccs\tools\compiler\ti-cgt-arm_20.2.6.LTS\lib\</path>
         <kind>archive</kind>
         <file>rtsv7M4_T_le_eabi.lib</file>
         <name>args_main.c.obj</name>
      </input_file>
   </input_file_list>
   <object_component_list>
      <object_component id="oc-1bf">
         <name>.text:PRCMCC3200MCUInit</name>
         <load_address>0x2000c040</load_address>
         <run_address>0x2000c040</run_address>
         <size>0x42c</size>
         <input_file_ref idref="fl-20"/>
      </object_component>
      <object_component id="oc-1d9">
         <name>.text:GPIO_setConfig</name>
         <load_address>0x2000c46c</load_address>
         <run_address>0x2000c46c</run_address>
         <size>0x1e4</size>
         <input_file_ref idref="fl-f"/>
      </object_component>
      <object_component id="oc-373">
         <name>.text:PowerCC32XX_sleepPolicy</name>
         <load_address>0x2000c650</load_address>
         <run_address>0x2000c650</run_address>
         <size>0x19c</size>
         <input_file_ref idref="fl-19"/>
      </object_component>
      <object_component id="oc-534">
         <name>.text:parkPins</name>
         <load_address>0x2000c7ec</load_address>
         <run_address>0x2000c7ec</run_address>
         <size>0x148</size>
         <input_file_ref idref="fl-10"/>
      </object_component>
      <object_component id="oc-480">
         <name>.text:Power_sleep</name>
         <load_address>0x2000c934</load_address>
         <run_address>0x2000c934</run_address>
         <size>0x138</size>
         <input_file_ref idref="fl-10"/>
      </object_component>
      <object_component id="oc-5a5">
         <name>.text:TimerCC32XX_open</name>
         <load_address>0x2000ca6c</load_address>
         <run_address>0x2000ca6c</run_address>
         <size>0x128</size>
         <input_file_ref idref="fl-12"/>
      </object_component>
      <object_component id="oc-327">
         <name>.text:morse_SOS</name>
         <load_address>0x2000cb94</load_address>
         <run_address>0x2000cb94</run_address>
         <size>0x118</size>
         <input_file_ref idref="fl-2"/>
      </object_component>
      <object_component id="oc-4df">
         <name>.text:aligned_alloc</name>
         <load_address>0x2000ccac</load_address>
         <run_address>0x2000ccac</run_address>
         <size>0x100</size>
         <input_file_ref idref="fl-df"/>
      </object_component>
      <object_component id="oc-1f1">
         <name>.text:morseCodeStateMachine</name>
         <load_address>0x2000cdac</load_address>
         <run_address>0x2000cdac</run_address>
         <size>0xec</size>
         <input_file_ref idref="fl-2"/>
      </object_component>
      <object_component id="oc-38f">
         <name>.text:free</name>
         <load_address>0x2000ce98</load_address>
         <run_address>0x2000ce98</run_address>
         <size>0xe4</size>
         <input_file_ref idref="fl-df"/>
      </object_component>
      <object_component id="oc-1d3">
         <name>.text:GPIO_init</name>
         <load_address>0x2000cf7c</load_address>
         <run_address>0x2000cf7c</run_address>
         <size>0xc4</size>
         <input_file_ref idref="fl-f"/>
      </object_component>
      <object_component id="oc-551">
         <name>.text:restoreParkedPins</name>
         <load_address>0x2000d040</load_address>
         <run_address>0x2000d040</run_address>
         <size>0xc0</size>
         <input_file_ref idref="fl-10"/>
      </object_component>
      <object_component id="oc-32d">
         <name>.text:morse_OK</name>
         <load_address>0x2000d100</load_address>
         <run_address>0x2000d100</run_address>
         <size>0xbc</size>
         <input_file_ref idref="fl-2"/>
      </object_component>
      <object_component id="oc-b5">
         <name>.text:IntEnable</name>
         <load_address>0x2000d1bc</load_address>
         <run_address>0x2000d1bc</run_address>
         <size>0xa8</size>
         <input_file_ref idref="fl-1e"/>
      </object_component>
      <object_component id="oc-282">
         <name>.text:PowerCC32XX_configureWakeup</name>
         <load_address>0x2000d264</load_address>
         <run_address>0x2000d264</run_address>
         <size>0xa8</size>
         <input_file_ref idref="fl-10"/>
      </object_component>
      <object_component id="oc-2a8">
         <name>.text:SemaphoreP_pend</name>
         <load_address>0x2000d30c</load_address>
         <run_address>0x2000d30c</run_address>
         <size>0xa0</size>
         <input_file_ref idref="fl-16"/>
      </object_component>
      <object_component id="oc-3b">
         <name>.text</name>
         <load_address>0x2000d3ac</load_address>
         <run_address>0x2000d3ac</run_address>
         <size>0x9c</size>
         <input_file_ref idref="fl-da"/>
      </object_component>
      <object_component id="oc-2c4">
         <name>.text:powerNotifyFxn</name>
         <load_address>0x2000d448</load_address>
         <run_address>0x2000d448</run_address>
         <size>0x98</size>
         <input_file_ref idref="fl-f"/>
      </object_component>
      <object_component id="oc-47b">
         <name>.text</name>
         <load_address>0x2000d4e0</load_address>
         <run_address>0x2000d4e0</run_address>
         <size>0x96</size>
         <input_file_ref idref="fl-db"/>
      </object_component>
      <object_component id="oc-1cb">
         <name>.text:Board_initHook</name>
         <load_address>0x2000d576</load_address>
         <run_address>0x2000d576</run_address>
         <size>0x2</size>
         <input_file_ref idref="fl-3"/>
      </object_component>
      <object_component id="oc-545">
         <name>.text:restoreNVICRegs</name>
         <load_address>0x2000d578</load_address>
         <run_address>0x2000d578</run_address>
         <size>0x90</size>
         <input_file_ref idref="fl-10"/>
      </object_component>
      <object_component id="oc-3f0">
         <name>.text:HwiP_construct</name>
         <load_address>0x2000d608</load_address>
         <run_address>0x2000d608</run_address>
         <size>0x8c</size>
         <input_file_ref idref="fl-18"/>
      </object_component>
      <object_component id="oc-615">
         <name>.text:IntPendSet</name>
         <load_address>0x2000d694</load_address>
         <run_address>0x2000d694</run_address>
         <size>0x88</size>
         <input_file_ref idref="fl-1e"/>
      </object_component>
      <object_component id="oc-2ce">
         <name>.text:PinConfigSet</name>
         <load_address>0x2000d71c</load_address>
         <run_address>0x2000d71c</run_address>
         <size>0x88</size>
         <input_file_ref idref="fl-1f"/>
      </object_component>
      <object_component id="oc-5ab">
         <name>.text:TimerCC32XX_setPeriod</name>
         <load_address>0x2000d7a4</load_address>
         <run_address>0x2000d7a4</run_address>
         <size>0x88</size>
         <input_file_ref idref="fl-12"/>
      </object_component>
      <object_component id="oc-1c5">
         <name>.text:Power_init</name>
         <load_address>0x2000d82c</load_address>
         <run_address>0x2000d82c</run_address>
         <size>0x84</size>
         <input_file_ref idref="fl-10"/>
      </object_component>
      <object_component id="oc-53a">
         <name>.text:saveNVICRegs</name>
         <load_address>0x2000d8b0</load_address>
         <run_address>0x2000d8b0</run_address>
         <size>0x84</size>
         <input_file_ref idref="fl-10"/>
      </object_component>
      <object_component id="oc-2d4">
         <name>.text:Power_setDependency</name>
         <load_address>0x2000d934</load_address>
         <run_address>0x2000d934</run_address>
         <size>0x80</size>
         <input_file_ref idref="fl-10"/>
      </object_component>
      <object_component id="oc-2f8">
         <name>.text:GPIO_hwiIntFxn</name>
         <load_address>0x2000d9b4</load_address>
         <run_address>0x2000d9b4</run_address>
         <size>0x78</size>
         <input_file_ref idref="fl-f"/>
      </object_component>
      <object_component id="oc-5b1">
         <name>.text:TimerCC32XX_start</name>
         <load_address>0x2000da2c</load_address>
         <run_address>0x2000da2c</run_address>
         <size>0x78</size>
         <input_file_ref idref="fl-12"/>
      </object_component>
      <object_component id="oc-15e">
         <name>.text:mainThread</name>
         <load_address>0x2000daa4</load_address>
         <run_address>0x2000daa4</run_address>
         <size>0x78</size>
         <input_file_ref idref="fl-2"/>
      </object_component>
      <object_component id="oc-581">
         <name>.text:split</name>
         <load_address>0x2000db1c</load_address>
         <run_address>0x2000db1c</run_address>
         <size>0x70</size>
         <input_file_ref idref="fl-df"/>
      </object_component>
      <object_component id="oc-14">
         <name>.text:decompress:lzss:__TI_decompress_lzss</name>
         <load_address>0x2000db8c</load_address>
         <run_address>0x2000db8c</run_address>
         <size>0x68</size>
         <input_file_ref idref="fl-de"/>
      </object_component>
      <object_component id="oc-3de">
         <name>.text:PowerCC32XX_setParkState</name>
         <load_address>0x2000dbf4</load_address>
         <run_address>0x2000dbf4</run_address>
         <size>0x64</size>
         <input_file_ref idref="fl-10"/>
      </object_component>
      <object_component id="oc-250">
         <name>.text:PRCMSysResetCauseGet</name>
         <load_address>0x2000dc58</load_address>
         <run_address>0x2000dc58</run_address>
         <size>0x60</size>
         <input_file_ref idref="fl-20"/>
      </object_component>
      <object_component id="oc-509">
         <name>.text:getTimeUsec</name>
         <load_address>0x2000dcb8</load_address>
         <run_address>0x2000dcb8</run_address>
         <size>0x60</size>
         <input_file_ref idref="fl-17"/>
      </object_component>
      <object_component id="oc-1df">
         <name>.text:GPIO_setCallback</name>
         <load_address>0x2000dd18</load_address>
         <run_address>0x2000dd18</run_address>
         <size>0x5c</size>
         <input_file_ref idref="fl-f"/>
      </object_component>
      <object_component id="oc-5c1">
         <name>.text:sysTickInit</name>
         <load_address>0x2000dd74</load_address>
         <run_address>0x2000dd74</run_address>
         <size>0x5c</size>
         <input_file_ref idref="fl-17"/>
      </object_component>
      <object_component id="oc-420">
         <name>.text:GPIO_write</name>
         <load_address>0x2000ddd0</load_address>
         <run_address>0x2000ddd0</run_address>
         <size>0x58</size>
         <input_file_ref idref="fl-f"/>
      </object_component>
      <object_component id="oc-269">
         <name>.text:PRCMPeripheralReset</name>
         <load_address>0x2000de28</load_address>
         <run_address>0x2000de28</run_address>
         <size>0x58</size>
         <input_file_ref idref="fl-20"/>
      </object_component>
      <object_component id="oc-6b9">
         <name>.text:Power_releaseDependency</name>
         <load_address>0x2000de80</load_address>
         <run_address>0x2000de80</run_address>
         <size>0x58</size>
         <input_file_ref idref="fl-10"/>
      </object_component>
      <object_component id="oc-5b7">
         <name>.text:TimerCC32XX_stop</name>
         <load_address>0x2000ded8</load_address>
         <run_address>0x2000ded8</run_address>
         <size>0x56</size>
         <input_file_ref idref="fl-12"/>
      </object_component>
      <object_component id="oc-5f2">
         <name>.text:PowerCC32XX_resumeLPDS</name>
         <load_address>0x2000df2e</load_address>
         <run_address>0x2000df2e</run_address>
         <size>0x52</size>
         <input_file_ref idref="fl-11"/>
      </object_component>
      <object_component id="oc-64f">
         <name>.text:initHw</name>
         <load_address>0x2000df80</load_address>
         <run_address>0x2000df80</run_address>
         <size>0x52</size>
         <input_file_ref idref="fl-12"/>
      </object_component>
      <object_component id="oc-36d">
         <name>.text:PowerCC32XX_initPolicy</name>
         <load_address>0x2000dfd2</load_address>
         <run_address>0x2000dfd2</run_address>
         <size>0x2</size>
         <input_file_ref idref="fl-19"/>
      </object_component>
      <object_component id="oc-79">
         <name>.text:ClockP_sysTickHandler</name>
         <load_address>0x2000dfd4</load_address>
         <run_address>0x2000dfd4</run_address>
         <size>0x50</size>
         <input_file_ref idref="fl-17"/>
      </object_component>
      <object_component id="oc-4a1">
         <name>.text:SemaphoreP_construct</name>
         <load_address>0x2000e024</load_address>
         <run_address>0x2000e024</run_address>
         <size>0x50</size>
         <input_file_ref idref="fl-16"/>
      </object_component>
      <object_component id="oc-643">
         <name>.text:TimerCC32XX_allocateTimerResource</name>
         <load_address>0x2000e074</load_address>
         <run_address>0x2000e074</run_address>
         <size>0x50</size>
         <input_file_ref idref="fl-12"/>
      </object_component>
      <object_component id="oc-1eb">
         <name>.text:initTimer</name>
         <load_address>0x2000e0c4</load_address>
         <run_address>0x2000e0c4</run_address>
         <size>0x50</size>
         <input_file_ref idref="fl-2"/>
      </object_component>
      <object_component id="oc-1e5">
         <name>.text:GPIO_enableInt</name>
         <load_address>0x2000e114</load_address>
         <run_address>0x2000e114</run_address>
         <size>0x4c</size>
         <input_file_ref idref="fl-f"/>
      </object_component>
      <object_component id="oc-5e9">
         <name>.text:PowerCC32XX_parkPin</name>
         <load_address>0x2000e160</load_address>
         <run_address>0x2000e160</run_address>
         <size>0x4c</size>
         <input_file_ref idref="fl-10"/>
      </object_component>
      <object_component id="oc-54b">
         <name>.text:restorePeriphClocks</name>
         <load_address>0x2000e1ac</load_address>
         <run_address>0x2000e1ac</run_address>
         <size>0x4c</size>
         <input_file_ref idref="fl-10"/>
      </object_component>
      <object_component id="oc-426">
         <name>.text:ClockP_usleep</name>
         <load_address>0x2000e1f8</load_address>
         <run_address>0x2000e1f8</run_address>
         <size>0x48</size>
         <input_file_ref idref="fl-17"/>
      </object_component>
      <object_component id="oc-60d">
         <name>.text:FlashDisable</name>
         <load_address>0x2000e240</load_address>
         <run_address>0x2000e240</run_address>
         <size>0x48</size>
         <input_file_ref idref="fl-23"/>
      </object_component>
      <object_component id="oc-557">
         <name>.text:PRCMLPDSEnter</name>
         <load_address>0x2000e288</load_address>
         <run_address>0x2000e288</run_address>
         <size>0x48</size>
         <input_file_ref idref="fl-20"/>
      </object_component>
      <object_component id="oc-263">
         <name>.text:PRCMPeripheralClkEnable</name>
         <load_address>0x2000e2d0</load_address>
         <run_address>0x2000e2d0</run_address>
         <size>0x48</size>
         <input_file_ref idref="fl-20"/>
      </object_component>
      <object_component id="oc-68e">
         <name>.text:Power_releaseConstraint</name>
         <load_address>0x2000e318</load_address>
         <run_address>0x2000e318</run_address>
         <size>0x48</size>
         <input_file_ref idref="fl-10"/>
      </object_component>
      <object_component id="oc-649">
         <name>.text:getPrescaler</name>
         <load_address>0x2000e360</load_address>
         <run_address>0x2000e360</run_address>
         <size>0x46</size>
         <input_file_ref idref="fl-12"/>
      </object_component>
      <object_component id="oc-5cc">
         <name>.text:SemaphoreP_destruct</name>
         <load_address>0x2000e3a6</load_address>
         <run_address>0x2000e3a6</run_address>
         <size>0x2</size>
         <input_file_ref idref="fl-16"/>
      </object_component>
      <object_component id="oc-4c9">
         <name>.text:ClockP_stop</name>
         <load_address>0x2000e3a8</load_address>
         <run_address>0x2000e3a8</run_address>
         <size>0x44</size>
         <input_file_ref idref="fl-17"/>
      </object_component>
      <object_component id="oc-5f7">
         <name>.text:PRCMLPDSRestoreInfoSet</name>
         <load_address>0x2000e3ec</load_address>
         <run_address>0x2000e3ec</run_address>
         <size>0x44</size>
         <input_file_ref idref="fl-20"/>
      </object_component>
      <object_component id="oc-540">
         <name>.text:PowerCC32XX_enterLPDS</name>
         <load_address>0x2000e430</load_address>
         <run_address>0x2000e430</run_address>
         <size>0x44</size>
         <input_file_ref idref="fl-11"/>
      </object_component>
      <object_component id="oc-2b4">
         <name>.text:SemaphoreP_post</name>
         <load_address>0x2000e474</load_address>
         <run_address>0x2000e474</run_address>
         <size>0x44</size>
         <input_file_ref idref="fl-16"/>
      </object_component>
      <object_component id="oc-491">
         <name>.text:SwiP_restore</name>
         <load_address>0x2000e4b8</load_address>
         <run_address>0x2000e4b8</run_address>
         <size>0x44</size>
         <input_file_ref idref="fl-1b"/>
      </object_component>
      <object_component id="oc-308">
         <name>.text:Timer_init</name>
         <load_address>0x2000e4fc</load_address>
         <run_address>0x2000e4fc</run_address>
         <size>0x44</size>
         <input_file_ref idref="fl-e"/>
      </object_component>
      <object_component id="oc-171">
         <name>.text:__TI_auto_init_nobinit_nopinit:__TI_auto_init_nobinit_nopinit</name>
         <load_address>0x2000e540</load_address>
         <run_address>0x2000e540</run_address>
         <size>0x44</size>
         <input_file_ref idref="fl-e3"/>
      </object_component>
      <object_component id="oc-27b">
         <name>.text:PinModeSet</name>
         <load_address>0x2000e584</load_address>
         <run_address>0x2000e584</run_address>
         <size>0x40</size>
         <input_file_ref idref="fl-1f"/>
      </object_component>
      <object_component id="oc-314">
         <name>.text:Timer_open</name>
         <load_address>0x2000e5c4</load_address>
         <run_address>0x2000e5c4</run_address>
         <size>0x40</size>
         <input_file_ref idref="fl-e"/>
      </object_component>
      <object_component id="oc-3ae">
         <name>.text:ClockP_destruct</name>
         <load_address>0x2000e604</load_address>
         <run_address>0x2000e604</run_address>
         <size>0x3c</size>
         <input_file_ref idref="fl-17"/>
      </object_component>
      <object_component id="oc-675">
         <name>.text:Power_setConstraint</name>
         <load_address>0x2000e640</load_address>
         <run_address>0x2000e640</run_address>
         <size>0x3c</size>
         <input_file_ref idref="fl-10"/>
      </object_component>
      <object_component id="oc-58d">
         <name>.text:TimerCC32XX_close</name>
         <load_address>0x2000e67c</load_address>
         <run_address>0x2000e67c</run_address>
         <size>0x3a</size>
         <input_file_ref idref="fl-12"/>
      </object_component>
      <object_component id="oc-475">
         <name>.text:getCountsRTC</name>
         <load_address>0x2000e6b6</load_address>
         <run_address>0x2000e6b6</run_address>
         <size>0x3a</size>
         <input_file_ref idref="fl-19"/>
      </object_component>
      <object_component id="oc-55d">
         <name>.text:PRCMLPDSEnterKeepDebugIf</name>
         <load_address>0x2000e6f0</load_address>
         <run_address>0x2000e6f0</run_address>
         <size>0x38</size>
         <input_file_ref idref="fl-20"/>
      </object_component>
      <object_component id="oc-65b">
         <name>.text:TimerCC32XX_hwiIntFunction</name>
         <load_address>0x2000e728</load_address>
         <run_address>0x2000e728</run_address>
         <size>0x38</size>
         <input_file_ref idref="fl-12"/>
      </object_component>
      <object_component id="oc-db">
         <name>.text:addToList</name>
         <load_address>0x2000e760</load_address>
         <run_address>0x2000e760</run_address>
         <size>0x38</size>
         <input_file_ref idref="fl-17"/>
      </object_component>
      <object_component id="oc-59">
         <name>.text:initVectors</name>
         <load_address>0x2000e798</load_address>
         <run_address>0x2000e798</run_address>
         <size>0x38</size>
         <input_file_ref idref="fl-1a"/>
      </object_component>
      <object_component id="oc-52e">
         <name>.text:notify</name>
         <load_address>0x2000e7d0</load_address>
         <run_address>0x2000e7d0</run_address>
         <size>0x38</size>
         <input_file_ref idref="fl-10"/>
      </object_component>
      <object_component id="oc-6c5">
         <name>.text:TimerControlStall</name>
         <load_address>0x2000e808</load_address>
         <run_address>0x2000e808</run_address>
         <size>0x36</size>
         <input_file_ref idref="fl-21"/>
      </object_component>
      <object_component id="oc-59f">
         <name>.text:TimerCC32XX_init</name>
         <load_address>0x2000e83e</load_address>
         <run_address>0x2000e83e</run_address>
         <size>0x2</size>
         <input_file_ref idref="fl-12"/>
      </object_component>
      <object_component id="oc-463">
         <name>.text:ClockP_getTicksUntilInterrupt</name>
         <load_address>0x2000e840</load_address>
         <run_address>0x2000e840</run_address>
         <size>0x34</size>
         <input_file_ref idref="fl-17"/>
      </object_component>
      <object_component id="oc-503">
         <name>.text:ClockP_startup</name>
         <load_address>0x2000e874</load_address>
         <run_address>0x2000e874</run_address>
         <size>0x34</size>
         <input_file_ref idref="fl-17"/>
      </object_component>
      <object_component id="oc-275">
         <name>.text:PinModeGet</name>
         <load_address>0x2000e8a8</load_address>
         <run_address>0x2000e8a8</run_address>
         <size>0x34</size>
         <input_file_ref idref="fl-1f"/>
      </object_component>
      <object_component id="oc-639">
         <name>.text:TimerCC32XX_freeTimerResource</name>
         <load_address>0x2000e8dc</load_address>
         <run_address>0x2000e8dc</run_address>
         <size>0x34</size>
         <input_file_ref idref="fl-12"/>
      </object_component>
      <object_component id="oc-6b3">
         <name>.text:getPowerMgrId</name>
         <load_address>0x2000e910</load_address>
         <run_address>0x2000e910</run_address>
         <size>0x34</size>
         <input_file_ref idref="fl-12"/>
      </object_component>
      <object_component id="oc-39c">
         <name>.text:ClockP_start</name>
         <load_address>0x2000e944</load_address>
         <run_address>0x2000e944</run_address>
         <size>0x30</size>
         <input_file_ref idref="fl-17"/>
      </object_component>
      <object_component id="oc-606">
         <name>.text:PowerCC32XX_restoreParkedPin</name>
         <load_address>0x2000e974</load_address>
         <run_address>0x2000e974</run_address>
         <size>0x30</size>
         <input_file_ref idref="fl-10"/>
      </object_component>
      <object_component id="oc-2e0">
         <name>.text:HwiP_create</name>
         <load_address>0x2000e9a4</load_address>
         <run_address>0x2000e9a4</run_address>
         <size>0x2a</size>
         <input_file_ref idref="fl-18"/>
      </object_component>
      <object_component id="oc-668">
         <name>.text:TimerLoadSet</name>
         <load_address>0x2000e9ce</load_address>
         <run_address>0x2000e9ce</run_address>
         <size>0x2a</size>
         <input_file_ref idref="fl-21"/>
      </object_component>
      <object_component id="oc-662">
         <name>.text:TimerPrescaleSet</name>
         <load_address>0x2000e9f8</load_address>
         <run_address>0x2000e9f8</run_address>
         <size>0x2a</size>
         <input_file_ref idref="fl-21"/>
      </object_component>
      <object_component id="oc-33a">
         <name>.text:_nop</name>
         <load_address>0x2000ea22</load_address>
         <run_address>0x2000ea22</run_address>
         <size>0x2</size>
         <input_file_ref idref="fl-e7"/>
      </object_component>
      <object_component id="oc-26f">
         <name>.text:PRCMPeripheralClkDisable</name>
         <load_address>0x2000ea24</load_address>
         <run_address>0x2000ea24</run_address>
         <size>0x28</size>
         <input_file_ref idref="fl-20"/>
      </object_component>
      <object_component id="oc-2ae">
         <name>.text:Power_registerNotify</name>
         <load_address>0x2000ea4c</load_address>
         <run_address>0x2000ea4c</run_address>
         <size>0x28</size>
         <input_file_ref idref="fl-10"/>
      </object_component>
      <object_component id="oc-4c1">
         <name>.text:free_list_insert</name>
         <load_address>0x2000ea74</load_address>
         <run_address>0x2000ea74</run_address>
         <size>0x28</size>
         <input_file_ref idref="fl-df"/>
      </object_component>
      <object_component id="oc-3be">
         <name>.text:List_put</name>
         <load_address>0x2000ea9c</load_address>
         <run_address>0x2000ea9c</run_address>
         <size>0x26</size>
         <input_file_ref idref="fl-13"/>
      </object_component>
      <object_component id="oc-6a4">
         <name>.text:List_remove</name>
         <load_address>0x2000eac2</load_address>
         <run_address>0x2000eac2</run_address>
         <size>0x26</size>
         <input_file_ref idref="fl-13"/>
      </object_component>
      <object_component id="oc-4e9">
         <name>.text:HwiP_dispatch</name>
         <load_address>0x2000eae8</load_address>
         <run_address>0x2000eae8</run_address>
         <size>0x24</size>
         <input_file_ref idref="fl-18"/>
      </object_component>
      <object_component id="oc-c5">
         <name>.text:_c_int00_noargs:_c_int00_noargs</name>
         <load_address>0x2000eb0c</load_address>
         <run_address>0x2000eb0c</run_address>
         <size>0x24</size>
         <input_file_ref idref="fl-e0"/>
      </object_component>
      <object_component id="oc-50f">
         <name>.text:sleepTicks</name>
         <load_address>0x2000eb30</load_address>
         <run_address>0x2000eb30</run_address>
         <size>0x24</size>
         <input_file_ref idref="fl-17"/>
      </object_component>
      <object_component id="oc-6ac">
         <name>.text:HwiP_destruct</name>
         <load_address>0x2000eb54</load_address>
         <run_address>0x2000eb54</run_address>
         <size>0x20</size>
         <input_file_ref idref="fl-18"/>
      </object_component>
      <object_component id="oc-627">
         <name>.text:Power_unregisterNotify</name>
         <load_address>0x2000eb74</load_address>
         <run_address>0x2000eb74</run_address>
         <size>0x20</size>
         <input_file_ref idref="fl-10"/>
      </object_component>
      <object_component id="oc-682">
         <name>.text:TimerDisable</name>
         <load_address>0x2000eb94</load_address>
         <run_address>0x2000eb94</run_address>
         <size>0x1e</size>
         <input_file_ref idref="fl-21"/>
      </object_component>
      <object_component id="oc-67b">
         <name>.text:TimerEnable</name>
         <load_address>0x2000ebb2</load_address>
         <run_address>0x2000ebb2</run_address>
         <size>0x1e</size>
         <input_file_ref idref="fl-21"/>
      </object_component>
      <object_component id="oc-5e3">
         <name>.text:PinToPadGet</name>
         <load_address>0x2000ebd0</load_address>
         <run_address>0x2000ebd0</run_address>
         <size>0x1c</size>
         <input_file_ref idref="fl-1f"/>
      </object_component>
      <object_component id="oc-457">
         <name>.text:SwiP_disable</name>
         <load_address>0x2000ebec</load_address>
         <run_address>0x2000ebec</run_address>
         <size>0x1c</size>
         <input_file_ref idref="fl-1b"/>
      </object_component>
      <object_component id="oc-47">
         <name>.text:decompress:ZI:__TI_zero_init_nomemset:__TI_zero_init_nomemset</name>
         <load_address>0x2000ec08</load_address>
         <run_address>0x2000ec08</run_address>
         <size>0x1c</size>
         <input_file_ref idref="fl-dc"/>
      </object_component>
      <object_component id="oc-4bb">
         <name>.text:free_list_remove</name>
         <load_address>0x2000ec24</load_address>
         <run_address>0x2000ec24</run_address>
         <size>0x1c</size>
         <input_file_ref idref="fl-df"/>
      </object_component>
      <object_component id="oc-290">
         <name>.text:SemaphoreP_createBinary</name>
         <load_address>0x2000ec40</load_address>
         <run_address>0x2000ec40</run_address>
         <size>0x1a</size>
         <input_file_ref idref="fl-16"/>
      </object_component>
      <object_component id="oc-73">
         <name>.text:busFaultHandler</name>
         <load_address>0x2000ec5a</load_address>
         <run_address>0x2000ec5a</run_address>
         <size>0x2</size>
         <input_file_ref idref="fl-1a"/>
      </object_component>
      <object_component id="oc-21">
         <name>.text:resetISR</name>
         <load_address>0x2000ec5c</load_address>
         <run_address>0x2000ec5c</run_address>
         <size>0x1a</size>
         <input_file_ref idref="fl-1a"/>
      </object_component>
      <object_component id="oc-3b4">
         <name>.text:clkFxn</name>
         <load_address>0x2000ec76</load_address>
         <run_address>0x2000ec76</run_address>
         <size>0x2</size>
         <input_file_ref idref="fl-16"/>
      </object_component>
      <object_component id="oc-469">
         <name>.text:Power_getTransitionLatency</name>
         <load_address>0x2000ec78</load_address>
         <run_address>0x2000ec78</run_address>
         <size>0x18</size>
         <input_file_ref idref="fl-10"/>
      </object_component>
      <object_component id="oc-570">
         <name>.text:Power_idleFunc</name>
         <load_address>0x2000ec90</load_address>
         <run_address>0x2000ec90</run_address>
         <size>0x18</size>
         <input_file_ref idref="fl-10"/>
      </object_component>
      <object_component id="oc-599">
         <name>.text:TimerCC32XX_getCount</name>
         <load_address>0x2000eca8</load_address>
         <run_address>0x2000eca8</run_address>
         <size>0x18</size>
         <input_file_ref idref="fl-12"/>
      </object_component>
      <object_component id="oc-688">
         <name>.text:TimerIntDisable</name>
         <load_address>0x2000ecc0</load_address>
         <run_address>0x2000ecc0</run_address>
         <size>0x18</size>
         <input_file_ref idref="fl-21"/>
      </object_component>
      <object_component id="oc-66f">
         <name>.text:TimerIntEnable</name>
         <load_address>0x2000ecd8</load_address>
         <run_address>0x2000ecd8</run_address>
         <size>0x18</size>
         <input_file_ref idref="fl-21"/>
      </object_component>
      <object_component id="oc-1f7">
         <name>.text:gpioButtonFxn0</name>
         <load_address>0x2000ecf0</load_address>
         <run_address>0x2000ecf0</run_address>
         <size>0x18</size>
         <input_file_ref idref="fl-2"/>
      </object_component>
      <object_component id="oc-1fd">
         <name>.text:gpioButtonFxn1</name>
         <load_address>0x2000ed08</load_address>
         <run_address>0x2000ed08</run_address>
         <size>0x18</size>
         <input_file_ref idref="fl-2"/>
      </object_component>
      <object_component id="oc-486">
         <name>.text</name>
         <load_address>0x2000ed20</load_address>
         <run_address>0x2000ed20</run_address>
         <size>0x18</size>
         <input_file_ref idref="fl-d9"/>
      </object_component>
      <object_component id="oc-320">
         <name>.text:timerCallback</name>
         <load_address>0x2000ed38</load_address>
         <run_address>0x2000ed38</run_address>
         <size>0x18</size>
         <input_file_ref idref="fl-2"/>
      </object_component>
      <object_component id="oc-25d">
         <name>.text:PRCMHIBRegRead</name>
         <load_address>0x2000ed50</load_address>
         <run_address>0x2000ed50</run_address>
         <size>0x16</size>
         <input_file_ref idref="fl-20"/>
      </object_component>
      <object_component id="oc-257">
         <name>.text:PRCMHIBRegWrite</name>
         <load_address>0x2000ed66</load_address>
         <run_address>0x2000ed66</run_address>
         <size>0x16</size>
         <input_file_ref idref="fl-20"/>
      </object_component>
      <object_component id="oc-384">
         <name>.text:SemaphoreP_create</name>
         <load_address>0x2000ed7c</load_address>
         <run_address>0x2000ed7c</run_address>
         <size>0x16</size>
         <input_file_ref idref="fl-16"/>
      </object_component>
      <object_component id="oc-a3">
         <name>.text:CPUcpsid</name>
         <load_address>0x2000ed92</load_address>
         <run_address>0x2000ed92</run_address>
         <size>0x14</size>
         <input_file_ref idref="fl-1d"/>
      </object_component>
      <object_component id="oc-6d">
         <name>.text:defaultHandler</name>
         <load_address>0x2000eda6</load_address>
         <run_address>0x2000eda6</run_address>
         <size>0x2</size>
         <input_file_ref idref="fl-1a"/>
      </object_component>
      <object_component id="oc-3c5">
         <name>.text:HwiP_inISR</name>
         <load_address>0x2000eda8</load_address>
         <run_address>0x2000eda8</run_address>
         <size>0x14</size>
         <input_file_ref idref="fl-18"/>
      </object_component>
      <object_component id="oc-af">
         <name>.text:IntVTableBaseSet</name>
         <load_address>0x2000edbc</load_address>
         <run_address>0x2000edbc</run_address>
         <size>0x14</size>
         <input_file_ref idref="fl-1e"/>
      </object_component>
      <object_component id="oc-3cb">
         <name>.text:Power_disablePolicy</name>
         <load_address>0x2000edd0</load_address>
         <run_address>0x2000edd0</run_address>
         <size>0x14</size>
         <input_file_ref idref="fl-10"/>
      </object_component>
      <object_component id="oc-5ff">
         <name>.text:Power_getDependencyCount</name>
         <load_address>0x2000ede4</load_address>
         <run_address>0x2000ede4</run_address>
         <size>0x14</size>
         <input_file_ref idref="fl-10"/>
      </object_component>
      <object_component id="oc-2da">
         <name>.text:HwiP_Params_init</name>
         <load_address>0x2000edf8</load_address>
         <run_address>0x2000edf8</run_address>
         <size>0x12</size>
         <input_file_ref idref="fl-18"/>
      </object_component>
      <object_component id="oc-6cd">
         <name>.text:TimerIntClear</name>
         <load_address>0x2000ee0a</load_address>
         <run_address>0x2000ee0a</run_address>
         <size>0x12</size>
         <input_file_ref idref="fl-21"/>
      </object_component>
      <object_component id="oc-11a">
         <name>.text:main</name>
         <load_address>0x2000ee1c</load_address>
         <run_address>0x2000ee1c</run_address>
         <size>0x12</size>
         <input_file_ref idref="fl-4"/>
      </object_component>
      <object_component id="oc-152">
         <name>.text:Board_init</name>
         <load_address>0x2000ee2e</load_address>
         <run_address>0x2000ee2e</run_address>
         <size>0x10</size>
         <input_file_ref idref="fl-3"/>
      </object_component>
      <object_component id="oc-396">
         <name>.text:ClockP_add</name>
         <load_address>0x2000ee3e</load_address>
         <run_address>0x2000ee3e</run_address>
         <size>0x10</size>
         <input_file_ref idref="fl-17"/>
      </object_component>
      <object_component id="oc-67">
         <name>.text:faultISR</name>
         <load_address>0x2000ee4e</load_address>
         <run_address>0x2000ee4e</run_address>
         <size>0x2</size>
         <input_file_ref idref="fl-1a"/>
      </object_component>
      <object_component id="oc-451">
         <name>.text:ClockP_getCpuFreq</name>
         <load_address>0x2000ee50</load_address>
         <run_address>0x2000ee50</run_address>
         <size>0x10</size>
         <input_file_ref idref="fl-17"/>
      </object_component>
      <object_component id="oc-46f">
         <name>.text:ClockP_getSystemTicks</name>
         <load_address>0x2000ee60</load_address>
         <run_address>0x2000ee60</run_address>
         <size>0x10</size>
         <input_file_ref idref="fl-17"/>
      </object_component>
      <object_component id="oc-48b">
         <name>.text:ClockP_setTicks</name>
         <load_address>0x2000ee70</load_address>
         <run_address>0x2000ee70</run_address>
         <size>0x10</size>
         <input_file_ref idref="fl-17"/>
      </object_component>
      <object_component id="oc-633">
         <name>.text:HwiP_delete</name>
         <load_address>0x2000ee80</load_address>
         <run_address>0x2000ee80</run_address>
         <size>0x10</size>
         <input_file_ref idref="fl-18"/>
      </object_component>
      <object_component id="oc-29c">
         <name>.text:HwiP_restore</name>
         <load_address>0x2000ee90</load_address>
         <run_address>0x2000ee90</run_address>
         <size>0x10</size>
         <input_file_ref idref="fl-18"/>
      </object_component>
      <object_component id="oc-3a2">
         <name>.text:Power_enablePolicy</name>
         <load_address>0x2000eea0</load_address>
         <run_address>0x2000eea0</run_address>
         <size>0x10</size>
         <input_file_ref idref="fl-10"/>
      </object_component>
      <object_component id="oc-37e">
         <name>.text:SemaphoreP_Params_init</name>
         <load_address>0x2000eeb0</load_address>
         <run_address>0x2000eeb0</run_address>
         <size>0x10</size>
         <input_file_ref idref="fl-16"/>
      </object_component>
      <object_component id="oc-30e">
         <name>.text:Timer_Params_init</name>
         <load_address>0x2000eec0</load_address>
         <run_address>0x2000eec0</run_address>
         <size>0x10</size>
         <input_file_ref idref="fl-e"/>
      </object_component>
      <object_component id="oc-62d">
         <name>.text:HwiP_clearInterrupt</name>
         <load_address>0x2000eed0</load_address>
         <run_address>0x2000eed0</run_address>
         <size>0xe</size>
         <input_file_ref idref="fl-18"/>
      </object_component>
      <object_component id="oc-296">
         <name>.text:HwiP_disable</name>
         <load_address>0x2000eede</load_address>
         <run_address>0x2000eede</run_address>
         <size>0xe</size>
         <input_file_ref idref="fl-18"/>
      </object_component>
      <object_component id="oc-158">
         <name>.text:HwiP_enable</name>
         <load_address>0x2000eeec</load_address>
         <run_address>0x2000eeec</run_address>
         <size>0xe</size>
         <input_file_ref idref="fl-18"/>
      </object_component>
      <object_component id="oc-1a">
         <name>.text:decompress:none:__TI_decompress_none</name>
         <load_address>0x2000eefa</load_address>
         <run_address>0x2000eefa</run_address>
         <size>0xe</size>
         <input_file_ref idref="fl-dd"/>
      </object_component>
      <object_component id="oc-45d">
         <name>.text:Power_getConstraintMask</name>
         <load_address>0x2000ef08</load_address>
         <run_address>0x2000ef08</run_address>
         <size>0xc</size>
         <input_file_ref idref="fl-10"/>
      </object_component>
      <object_component id="oc-655">
         <name>.text:postNotifyFxn</name>
         <load_address>0x2000ef14</load_address>
         <run_address>0x2000ef14</run_address>
         <size>0xc</size>
         <input_file_ref idref="fl-12"/>
      </object_component>
      <object_component id="oc-3a8">
         <name>.text:ClockP_isActive</name>
         <load_address>0x2000ef20</load_address>
         <run_address>0x2000ef20</run_address>
         <size>0xa</size>
         <input_file_ref idref="fl-17"/>
      </object_component>
      <object_component id="oc-53">
         <name>.text:IntMasterDisable</name>
         <load_address>0x2000ef2a</load_address>
         <run_address>0x2000ef2a</run_address>
         <size>0xa</size>
         <input_file_ref idref="fl-1e"/>
      </object_component>
      <object_component id="oc-31a">
         <name>.text:Timer_start</name>
         <load_address>0x2000ef34</load_address>
         <run_address>0x2000ef34</run_address>
         <size>0xa</size>
         <input_file_ref idref="fl-e"/>
      </object_component>
      <object_component id="oc-3ea">
         <name>.text:malloc</name>
         <load_address>0x2000ef3e</load_address>
         <run_address>0x2000ef3e</run_address>
         <size>0x8</size>
         <input_file_ref idref="fl-df"/>
      </object_component>
      <object_component id="oc-593">
         <name>.text:TimerCC32XX_control</name>
         <load_address>0x2000ef46</load_address>
         <run_address>0x2000ef46</run_address>
         <size>0x6</size>
         <input_file_ref idref="fl-12"/>
      </object_component>
      <object_component id="oc-256">
         <name>.text:UtilsDelay</name>
         <load_address>0x2000ef4c</load_address>
         <run_address>0x2000ef4c</run_address>
         <size>0x6</size>
         <input_file_ref idref="fl-22"/>
      </object_component>
      <object_component id="oc-566">
         <name>.text:HwiP_post</name>
         <load_address>0x2000ef52</load_address>
         <run_address>0x2000ef52</run_address>
         <size>0x4</size>
         <input_file_ref idref="fl-18"/>
      </object_component>
      <object_component id="oc-2a2">
         <name>.text:SemaphoreP_delete</name>
         <load_address>0x2000ef56</load_address>
         <run_address>0x2000ef56</run_address>
         <size>0x4</size>
         <input_file_ref idref="fl-16"/>
      </object_component>
      <object_component id="oc-114">
         <name>.text:_system_pre_init</name>
         <load_address>0x2000ef5a</load_address>
         <run_address>0x2000ef5a</run_address>
         <size>0x4</size>
         <input_file_ref idref="fl-e4"/>
      </object_component>
      <object_component id="oc-165">
         <name>.text:abort:abort</name>
         <load_address>0x2000ef5e</load_address>
         <run_address>0x2000ef5e</run_address>
         <size>0x4</size>
         <input_file_ref idref="fl-e6"/>
      </object_component>
      <object_component id="oc-61">
         <name>.text:nmiISR</name>
         <load_address>0x2000ef62</load_address>
         <run_address>0x2000ef62</run_address>
         <size>0x2</size>
         <input_file_ref idref="fl-1a"/>
      </object_component>
      <object_component id="oc-528">
         <name>.text</name>
         <load_address>0x2000ef64</load_address>
         <run_address>0x2000ef64</run_address>
         <size>0x2</size>
         <input_file_ref idref="fl-e1"/>
      </object_component>
      <object_component id="oc-363">
         <name>.const:g_ulPinToPadMap</name>
         <load_address>0x2000f534</load_address>
         <run_address>0x2000f534</run_address>
         <size>0x100</size>
         <input_file_ref idref="fl-1f"/>
      </object_component>
      <object_component id="oc-35c">
         <name>.const:PRCM_PeriphRegsList</name>
         <load_address>0x2000f634</load_address>
         <run_address>0x2000f634</run_address>
         <size>0xa8</size>
         <input_file_ref idref="fl-20"/>
      </object_component>
      <object_component id="oc-28b">
         <name>.const:PowerCC32XX_config</name>
         <load_address>0x2000f6dc</load_address>
         <run_address>0x2000f6dc</run_address>
         <size>0x44</size>
         <input_file_ref idref="fl-3"/>
      </object_component>
      <object_component id="oc-2e6">
         <name>.const:.string:pinTable</name>
         <load_address>0x2000f720</load_address>
         <run_address>0x2000f720</run_address>
         <size>0x21</size>
         <input_file_ref idref="fl-f"/>
      </object_component>
      <object_component id="oc-4f7">
         <name>.const:TimerCC32XX_fxnTable</name>
         <load_address>0x2000f744</load_address>
         <run_address>0x2000f744</run_address>
         <size>0x20</size>
         <input_file_ref idref="fl-12"/>
      </object_component>
      <object_component id="oc-10e">
         <name>.const:g_pulEnRegs</name>
         <load_address>0x2000f764</load_address>
         <run_address>0x2000f764</run_address>
         <size>0x18</size>
         <input_file_ref idref="fl-1e"/>
      </object_component>
      <object_component id="oc-6a0">
         <name>.const:g_pulPendRegs</name>
         <load_address>0x2000f77c</load_address>
         <run_address>0x2000f77c</run_address>
         <size>0x18</size>
         <input_file_ref idref="fl-1e"/>
      </object_component>
      <object_component id="oc-2be">
         <name>.const:GPIOCC32XX_config</name>
         <load_address>0x2000f794</load_address>
         <run_address>0x2000f794</run_address>
         <size>0x14</size>
         <input_file_ref idref="fl-3"/>
      </object_component>
      <object_component id="oc-301">
         <name>.const:gpioBaseAddresses</name>
         <load_address>0x2000f7a8</load_address>
         <run_address>0x2000f7a8</run_address>
         <size>0x14</size>
         <input_file_ref idref="fl-f"/>
      </object_component>
      <object_component id="oc-2e9">
         <name>.const:powerResources</name>
         <load_address>0x2000f7bc</load_address>
         <run_address>0x2000f7bc</run_address>
         <size>0x14</size>
         <input_file_ref idref="fl-f"/>
      </object_component>
      <object_component id="oc-4fb">
         <name>.const:timerCC32XXHWAttrs</name>
         <load_address>0x2000f7d0</load_address>
         <run_address>0x2000f7d0</run_address>
         <size>0x10</size>
         <input_file_ref idref="fl-3"/>
      </object_component>
      <object_component id="oc-415">
         <name>.const:Timer_config</name>
         <load_address>0x2000f7e0</load_address>
         <run_address>0x2000f7e0</run_address>
         <size>0xc</size>
         <input_file_ref idref="fl-3"/>
      </object_component>
      <object_component id="oc-419">
         <name>.const:defaultParams</name>
         <load_address>0x2000f7ec</load_address>
         <run_address>0x2000f7ec</run_address>
         <size>0xc</size>
         <input_file_ref idref="fl-e"/>
      </object_component>
      <object_component id="oc-2ef">
         <name>.const:outPinTypes</name>
         <load_address>0x2000f7f8</load_address>
         <run_address>0x2000f7f8</run_address>
         <size>0x8</size>
         <input_file_ref idref="fl-f"/>
      </object_component>
      <object_component id="oc-2fe">
         <name>.const:.string:interruptType</name>
         <load_address>0x2000f800</load_address>
         <run_address>0x2000f800</run_address>
         <size>0x6</size>
         <input_file_ref idref="fl-f"/>
      </object_component>
      <object_component id="oc-2f2">
         <name>.const:inPinTypes</name>
         <load_address>0x2000f806</load_address>
         <run_address>0x2000f806</run_address>
         <size>0x6</size>
         <input_file_ref idref="fl-f"/>
      </object_component>
      <object_component id="oc-2ec">
         <name>.const:outPinStrengths</name>
         <load_address>0x2000f80c</load_address>
         <run_address>0x2000f80c</run_address>
         <size>0x6</size>
         <input_file_ref idref="fl-f"/>
      </object_component>
      <object_component id="oc-412">
         <name>.const</name>
         <load_address>0x2000f812</load_address>
         <run_address>0x2000f812</run_address>
         <size>0x6</size>
         <input_file_ref idref="fl-3"/>
      </object_component>
      <object_component id="oc-2f5">
         <name>.const:.string:portInterruptIds</name>
         <load_address>0x2000f818</load_address>
         <run_address>0x2000f818</run_address>
         <size>0x4</size>
         <input_file_ref idref="fl-f"/>
      </object_component>
      <object_component id="oc-718">
         <name>.cinit..data.load</name>
         <load_address>0x2000f9e0</load_address>
         <run_address>0x2000f9e0</run_address>
         <size>0xcb</size>
      </object_component>
      <object_component id="oc-716">
         <name>__TI_handler_table</name>
         <load_address>0x2000faac</load_address>
         <run_address>0x2000faac</run_address>
         <size>0xc</size>
      </object_component>
      <object_component id="oc-719">
         <name>.cinit..bss.load</name>
         <load_address>0x2000fab8</load_address>
         <run_address>0x2000fab8</run_address>
         <size>0x8</size>
      </object_component>
      <object_component id="oc-717">
         <name>__TI_cinit_table</name>
         <load_address>0x2000fac0</load_address>
         <run_address>0x2000fac0</run_address>
         <size>0x10</size>
      </object_component>
      <object_component id="oc-203">
         <name>.data</name>
         <load_address>0x2000f51c</load_address>
         <run_address>0x2000f51c</run_address>
         <size>0x8</size>
         <input_file_ref idref="fl-2"/>
      </object_component>
      <object_component id="oc-3d4">
         <name>.data:gpioPinConfigs</name>
         <load_address>0x2000f4e8</load_address>
         <run_address>0x2000f4e8</run_address>
         <size>0x10</size>
         <input_file_ref idref="fl-3"/>
      </object_component>
      <object_component id="oc-3d7">
         <name>.data:gpioCallbackFunctions</name>
         <load_address>0x2000f4d8</load_address>
         <run_address>0x2000f4d8</run_address>
         <size>0x10</size>
         <input_file_ref idref="fl-3"/>
      </object_component>
      <object_component id="oc-379">
         <name>.data:parkInfo</name>
         <load_address>0x2000f3e0</load_address>
         <run_address>0x2000f3e0</run_address>
         <size>0xf8</size>
         <input_file_ref idref="fl-3"/>
      </object_component>
      <object_component id="oc-40f">
         <name>.data</name>
         <load_address>0x2000f531</load_address>
         <run_address>0x2000f531</run_address>
         <size>0x1</size>
         <input_file_ref idref="fl-e"/>
      </object_component>
      <object_component id="oc-2bb">
         <name>.data</name>
         <load_address>0x2000f4f8</load_address>
         <run_address>0x2000f4f8</run_address>
         <size>0x9</size>
         <input_file_ref idref="fl-f"/>
      </object_component>
      <object_component id="oc-288">
         <name>.data:PowerCC32XX_module</name>
         <load_address>0x2000f274</load_address>
         <run_address>0x2000f274</run_address>
         <size>0x16c</size>
         <input_file_ref idref="fl-10"/>
      </object_component>
      <object_component id="oc-3ba">
         <name>.data</name>
         <load_address>0x2000f501</load_address>
         <run_address>0x2000f501</run_address>
         <size>0x3</size>
         <input_file_ref idref="fl-16"/>
      </object_component>
      <object_component id="oc-49d">
         <name>.data:SemaphoreP_defaultParams</name>
         <load_address>0x2000f514</load_address>
         <run_address>0x2000f514</run_address>
         <size>0x8</size>
         <input_file_ref idref="fl-16"/>
      </object_component>
      <object_component id="oc-497">
         <name>.data</name>
         <load_address>0x2000f52c</load_address>
         <run_address>0x2000f52c</run_address>
         <size>0x5</size>
         <input_file_ref idref="fl-17"/>
      </object_component>
      <object_component id="oc-4e6">
         <name>.data:HwiP_dispatchTable</name>
         <load_address>0x2000ef68</load_address>
         <run_address>0x2000ef68</run_address>
         <size>0x30c</size>
         <input_file_ref idref="fl-18"/>
      </object_component>
      <object_component id="oc-4ef">
         <name>.data</name>
         <load_address>0x2000f524</load_address>
         <run_address>0x2000f524</run_address>
         <size>0x8</size>
         <input_file_ref idref="fl-18"/>
      </object_component>
      <object_component id="oc-579">
         <name>.data:$O1$$</name>
         <load_address>0x2000f50c</load_address>
         <run_address>0x2000f50c</run_address>
         <size>0x8</size>
         <input_file_ref idref="fl-df"/>
      </object_component>
      <object_component id="oc-210">
         <name>.data:$O1$$</name>
         <load_address>0x2000f504</load_address>
         <run_address>0x2000f504</run_address>
         <size>0x8</size>
         <input_file_ref idref="fl-e7"/>
      </object_component>
      <object_component id="oc-2ca">
         <name>.bss:gpioCallbackInfo</name>
         <uninitialized>true</uninitialized>
         <run_address>0x2000f980</run_address>
         <size>0x20</size>
         <input_file_ref idref="fl-f"/>
      </object_component>
      <object_component id="oc-2c1">
         <name>.bss:powerNotifyObj</name>
         <uninitialized>true</uninitialized>
         <run_address>0x2000f9a0</run_address>
         <size>0x14</size>
         <input_file_ref idref="fl-f"/>
      </object_component>
      <object_component id="oc-2ba">
         <name>.bss</name>
         <uninitialized>true</uninitialized>
         <run_address>0x2000f9b4</run_address>
         <size>0x4</size>
         <input_file_ref idref="fl-f"/>
      </object_component>
      <object_component id="oc-6bf">
         <name>.bss:timerState</name>
         <uninitialized>true</uninitialized>
         <run_address>0x2000f9dc</run_address>
         <size>0x4</size>
         <input_file_ref idref="fl-12"/>
      </object_component>
      <object_component id="oc-5c7">
         <name>.bss</name>
         <uninitialized>true</uninitialized>
         <run_address>0x2000f9d8</run_address>
         <size>0x4</size>
         <input_file_ref idref="fl-17"/>
      </object_component>
      <object_component id="oc-519">
         <name>.bss</name>
         <uninitialized>true</uninitialized>
         <run_address>0x2000f9c8</run_address>
         <size>0xd</size>
         <input_file_ref idref="fl-1b"/>
      </object_component>
      <object_component id="oc-4fa">
         <name>.common:timerCC32XXObjects</name>
         <uninitialized>true</uninitialized>
         <run_address>0x2000f94c</run_address>
         <size>0x34</size>
      </object_component>
      <object_component id="oc-5f0">
         <name>.common:PowerCC32XX_contextSave</name>
         <uninitialized>true</uninitialized>
         <run_address>0x2000f820</run_address>
         <size>0x12c</size>
      </object_component>
      <object_component id="oc-e1">
         <name>.common:ClockP_ctrl</name>
         <uninitialized>true</uninitialized>
         <run_address>0x2000f9b8</run_address>
         <size>0x10</size>
      </object_component>
      <object_component id="oc-2a">
         <name>.sysmem</name>
         <uninitialized>true</uninitialized>
         <run_address>0x20004040</run_address>
         <size>0x10</size>
         <input_file_ref idref="fl-df"/>
      </object_component>
      <object_component id="oc-71c">
         <name>.sysmem</name>
         <uninitialized>true</uninitialized>
         <run_address>0x20004040</run_address>
         <size>0x0</size>
      </object_component>
      <object_component id="oc-2d">
         <name>.stack</name>
         <uninitialized>true</uninitialized>
         <run_address>0x20003000</run_address>
         <size>0x4</size>
         <input_file_ref idref="fl-e0"/>
      </object_component>
      <object_component id="oc-71b">
         <name>.stack</name>
         <uninitialized>true</uninitialized>
         <run_address>0x20003000</run_address>
         <size>0x0</size>
      </object_component>
      <object_component id="oc-27">
         <name>.resetVecs:retain</name>
         <load_address>0x20004000</load_address>
         <run_address>0x20004000</run_address>
         <size>0x40</size>
         <input_file_ref idref="fl-1a"/>
      </object_component>
      <object_component id="oc-bb">
         <name>.ramVecs</name>
         <uninitialized>true</uninitialized>
         <run_address>0x20000000</run_address>
         <size>0x30c</size>
         <input_file_ref idref="fl-1a"/>
      </object_component>
      <object_component id="oc-14d">
         <name>.debug_info</name>
         <load_address>0x0</load_address>
         <run_address>0x0</run_address>
         <size>0x3f2</size>
         <input_file_ref idref="fl-2"/>
      </object_component>
      <object_component id="oc-204">
         <name>.debug_info</name>
         <load_address>0x3f2</load_address>
         <run_address>0x3f2</run_address>
         <size>0x120</size>
         <input_file_ref idref="fl-2"/>
      </object_component>
      <object_component id="oc-324">
         <name>.debug_info</name>
         <load_address>0x512</load_address>
         <run_address>0x512</run_address>
         <size>0x199</size>
         <input_file_ref idref="fl-2"/>
      </object_component>
      <object_component id="oc-1ef">
         <name>.debug_info</name>
         <load_address>0x6ab</load_address>
         <run_address>0x6ab</run_address>
         <size>0x1ab</size>
         <input_file_ref idref="fl-2"/>
      </object_component>
      <object_component id="oc-1fb">
         <name>.debug_info</name>
         <load_address>0x856</load_address>
         <run_address>0x856</run_address>
         <size>0x164</size>
         <input_file_ref idref="fl-2"/>
      </object_component>
      <object_component id="oc-201">
         <name>.debug_info</name>
         <load_address>0x9ba</load_address>
         <run_address>0x9ba</run_address>
         <size>0x164</size>
         <input_file_ref idref="fl-2"/>
      </object_component>
      <object_component id="oc-32b">
         <name>.debug_info</name>
         <load_address>0xb1e</load_address>
         <run_address>0xb1e</run_address>
         <size>0x34f</size>
         <input_file_ref idref="fl-2"/>
      </object_component>
      <object_component id="oc-331">
         <name>.debug_info</name>
         <load_address>0xe6d</load_address>
         <run_address>0xe6d</run_address>
         <size>0x299</size>
         <input_file_ref idref="fl-2"/>
      </object_component>
      <object_component id="oc-1f5">
         <name>.debug_info</name>
         <load_address>0x1106</load_address>
         <run_address>0x1106</run_address>
         <size>0x217</size>
         <input_file_ref idref="fl-2"/>
      </object_component>
      <object_component id="oc-162">
         <name>.debug_info</name>
         <load_address>0x131d</load_address>
         <run_address>0x131d</run_address>
         <size>0x269</size>
         <input_file_ref idref="fl-2"/>
      </object_component>
      <object_component id="oc-1a9">
         <name>.debug_info</name>
         <load_address>0x1586</load_address>
         <run_address>0x1586</run_address>
         <size>0x2a9</size>
         <input_file_ref idref="fl-2"/>
      </object_component>
      <object_component id="oc-207">
         <name>.debug_info</name>
         <load_address>0x182f</load_address>
         <run_address>0x182f</run_address>
         <size>0x5a</size>
         <input_file_ref idref="fl-2"/>
      </object_component>
      <object_component id="oc-e7">
         <name>.debug_info</name>
         <load_address>0x1889</load_address>
         <run_address>0x1889</run_address>
         <size>0x26b</size>
         <input_file_ref idref="fl-2"/>
      </object_component>
      <object_component id="oc-36">
         <name>.debug_info</name>
         <load_address>0x1af4</load_address>
         <run_address>0x1af4</run_address>
         <size>0x84</size>
         <input_file_ref idref="fl-2"/>
      </object_component>
      <object_component id="oc-1b8">
         <name>.debug_info</name>
         <load_address>0x1b78</load_address>
         <run_address>0x1b78</run_address>
         <size>0x3b</size>
         <input_file_ref idref="fl-2"/>
      </object_component>
      <object_component id="oc-148">
         <name>.debug_info</name>
         <load_address>0x1bb3</load_address>
         <run_address>0x1bb3</run_address>
         <size>0x2a4</size>
         <input_file_ref idref="fl-2"/>
      </object_component>
      <object_component id="oc-1ae">
         <name>.debug_info</name>
         <load_address>0x1e57</load_address>
         <run_address>0x1e57</run_address>
         <size>0xef</size>
         <input_file_ref idref="fl-2"/>
      </object_component>
      <object_component id="oc-12f">
         <name>.debug_info</name>
         <load_address>0x1f46</load_address>
         <run_address>0x1f46</run_address>
         <size>0xbb</size>
         <input_file_ref idref="fl-2"/>
      </object_component>
      <object_component id="oc-61e">
         <name>.debug_info</name>
         <load_address>0x2001</load_address>
         <run_address>0x2001</run_address>
         <size>0x53</size>
         <input_file_ref idref="fl-2"/>
      </object_component>
      <object_component id="oc-1b3">
         <name>.debug_info</name>
         <load_address>0x2054</load_address>
         <run_address>0x2054</run_address>
         <size>0x53</size>
         <input_file_ref idref="fl-2"/>
      </object_component>
      <object_component id="oc-1a3">
         <name>.debug_info</name>
         <load_address>0x20a7</load_address>
         <run_address>0x20a7</run_address>
         <size>0x4b0</size>
         <input_file_ref idref="fl-3"/>
      </object_component>
      <object_component id="oc-3d5">
         <name>.debug_info</name>
         <load_address>0x2557</load_address>
         <run_address>0x2557</run_address>
         <size>0x109</size>
         <input_file_ref idref="fl-3"/>
      </object_component>
      <object_component id="oc-3d8">
         <name>.debug_info</name>
         <load_address>0x2660</load_address>
         <run_address>0x2660</run_address>
         <size>0x117</size>
         <input_file_ref idref="fl-3"/>
      </object_component>
      <object_component id="oc-413">
         <name>.debug_info</name>
         <load_address>0x2777</load_address>
         <run_address>0x2777</run_address>
         <size>0x244</size>
         <input_file_ref idref="fl-3"/>
      </object_component>
      <object_component id="oc-2bf">
         <name>.debug_info</name>
         <load_address>0x29bb</load_address>
         <run_address>0x29bb</run_address>
         <size>0x10f</size>
         <input_file_ref idref="fl-3"/>
      </object_component>
      <object_component id="oc-28c">
         <name>.debug_info</name>
         <load_address>0x2aca</load_address>
         <run_address>0x2aca</run_address>
         <size>0x111</size>
         <input_file_ref idref="fl-3"/>
      </object_component>
      <object_component id="oc-4fc">
         <name>.debug_info</name>
         <load_address>0x2bdb</load_address>
         <run_address>0x2bdb</run_address>
         <size>0x111</size>
         <input_file_ref idref="fl-3"/>
      </object_component>
      <object_component id="oc-416">
         <name>.debug_info</name>
         <load_address>0x2cec</load_address>
         <run_address>0x2cec</run_address>
         <size>0x105</size>
         <input_file_ref idref="fl-3"/>
      </object_component>
      <object_component id="oc-37a">
         <name>.debug_info</name>
         <load_address>0x2df1</load_address>
         <run_address>0x2df1</run_address>
         <size>0xfd</size>
         <input_file_ref idref="fl-3"/>
      </object_component>
      <object_component id="oc-1ce">
         <name>.debug_info</name>
         <load_address>0x2eee</load_address>
         <run_address>0x2eee</run_address>
         <size>0x155</size>
         <input_file_ref idref="fl-3"/>
      </object_component>
      <object_component id="oc-153">
         <name>.debug_info</name>
         <load_address>0x3043</load_address>
         <run_address>0x3043</run_address>
         <size>0x18b</size>
         <input_file_ref idref="fl-3"/>
      </object_component>
      <object_component id="oc-238">
         <name>.debug_info</name>
         <load_address>0x31ce</load_address>
         <run_address>0x31ce</run_address>
         <size>0x183</size>
         <input_file_ref idref="fl-3"/>
      </object_component>
      <object_component id="oc-134">
         <name>.debug_info</name>
         <load_address>0x3351</load_address>
         <run_address>0x3351</run_address>
         <size>0x100</size>
         <input_file_ref idref="fl-3"/>
      </object_component>
      <object_component id="oc-233">
         <name>.debug_info</name>
         <load_address>0x3451</load_address>
         <run_address>0x3451</run_address>
         <size>0x878</size>
         <input_file_ref idref="fl-3"/>
      </object_component>
      <object_component id="oc-24b">
         <name>.debug_info</name>
         <load_address>0x3cc9</load_address>
         <run_address>0x3cc9</run_address>
         <size>0xf8</size>
         <input_file_ref idref="fl-3"/>
      </object_component>
      <object_component id="oc-22e">
         <name>.debug_info</name>
         <load_address>0x3dc1</load_address>
         <run_address>0x3dc1</run_address>
         <size>0x9a</size>
         <input_file_ref idref="fl-3"/>
      </object_component>
      <object_component id="oc-246">
         <name>.debug_info</name>
         <load_address>0x3e5b</load_address>
         <run_address>0x3e5b</run_address>
         <size>0xb6</size>
         <input_file_ref idref="fl-3"/>
      </object_component>
      <object_component id="oc-23d">
         <name>.debug_info</name>
         <load_address>0x3f11</load_address>
         <run_address>0x3f11</run_address>
         <size>0xa1</size>
         <input_file_ref idref="fl-3"/>
      </object_component>
      <object_component id="oc-441">
         <name>.debug_info</name>
         <load_address>0x3fb2</load_address>
         <run_address>0x3fb2</run_address>
         <size>0x62</size>
         <input_file_ref idref="fl-3"/>
      </object_component>
      <object_component id="oc-108">
         <name>.debug_info</name>
         <load_address>0x4014</load_address>
         <run_address>0x4014</run_address>
         <size>0x8b</size>
         <input_file_ref idref="fl-3"/>
      </object_component>
      <object_component id="oc-aa">
         <name>.debug_info</name>
         <load_address>0x409f</load_address>
         <run_address>0x409f</run_address>
         <size>0x2c</size>
         <input_file_ref idref="fl-3"/>
      </object_component>
      <object_component id="oc-11d">
         <name>.debug_info</name>
         <load_address>0x40cb</load_address>
         <run_address>0x40cb</run_address>
         <size>0x156</size>
         <input_file_ref idref="fl-4"/>
[...]
         <name>TimerCC32XX_open</name>
         <value>0x2000ca6d</value>
         <object_component_ref idref="oc-5a5"/>
      </symbol>
      <symbol id="sm-4fb">
         <name>TimerCC32XX_init</name>
         <value>0x2000e83f</value>
         <object_component_ref idref="oc-59f"/>
      </symbol>
      <symbol id="sm-4fc">
         <name>TimerCC32XX_fxnTable</name>
         <value>0x2000f744</value>
         <object_component_ref idref="oc-4f7"/>
      </symbol>
      <symbol id="sm-4fd">
         <name>TimerCC32XX_setPeriod</name>
         <value>0x2000d7a5</value>
         <object_component_ref idref="oc-5ab"/>
      </symbol>
      <symbol id="sm-4fe">
         <name>TimerCC32XX_start</name>
         <value>0x2000da2d</value>
         <object_component_ref idref="oc-5b1"/>
      </symbol>
      <symbol id="sm-4ff">
         <name>TimerCC32XX_freeTimerResource</name>
         <value>0x2000e8dd</value>
         <object_component_ref idref="oc-639"/>
      </symbol>
      <symbol id="sm-500">
         <name>TimerCC32XX_control</name>
         <value>0x2000ef47</value>
         <object_component_ref idref="oc-593"/>
      </symbol>
      <symbol id="sm-501">
         <name>TimerCC32XX_stop</name>
         <value>0x2000ded9</value>
         <object_component_ref idref="oc-5b7"/>
      </symbol>
      <symbol id="sm-502">
         <name>TimerCC32XX_close</name>
         <value>0x2000e67d</value>
         <object_component_ref idref="oc-58d"/>
      </symbol>
      <symbol id="sm-503">
         <name>TimerCC32XX_allocateTimerResource</name>
         <value>0x2000e075</value>
         <object_component_ref idref="oc-643"/>
      </symbol>
      <symbol id="sm-504">
         <name>TimerCC32XX_getCount</name>
         <value>0x2000eca9</value>
         <object_component_ref idref="oc-599"/>
      </symbol>
      <symbol id="sm-51c">
         <name>List_remove</name>
         <value>0x2000eac3</value>
         <object_component_ref idref="oc-6a4"/>
      </symbol>
      <symbol id="sm-51d">
         <name>List_put</name>
         <value>0x2000ea9d</value>
         <object_component_ref idref="oc-3be"/>
      </symbol>
      <symbol id="sm-5a1">
         <name>SemaphoreP_defaultParams</name>
         <value>0x2000f514</value>
         <object_component_ref idref="oc-49d"/>
      </symbol>
      <symbol id="sm-5a2">
         <name>SemaphoreP_construct</name>
         <value>0x2000e025</value>
         <object_component_ref idref="oc-4a1"/>
      </symbol>
      <symbol id="sm-5a3">
         <name>SemaphoreP_create</name>
         <value>0x2000ed7d</value>
         <object_component_ref idref="oc-384"/>
      </symbol>
      <symbol id="sm-5a4">
         <name>SemaphoreP_destruct</name>
         <value>0x2000e3a7</value>
         <object_component_ref idref="oc-5cc"/>
      </symbol>
      <symbol id="sm-5a5">
         <name>SemaphoreP_post</name>
         <value>0x2000e475</value>
         <object_component_ref idref="oc-2b4"/>
      </symbol>
      <symbol id="sm-5a6">
         <name>SemaphoreP_pend</name>
         <value>0x2000d30d</value>
         <object_component_ref idref="oc-2a8"/>
      </symbol>
      <symbol id="sm-5a7">
         <name>SemaphoreP_delete</name>
         <value>0x2000ef57</value>
         <object_component_ref idref="oc-2a2"/>
      </symbol>
      <symbol id="sm-5a8">
         <name>SemaphoreP_createBinary</name>
         <value>0x2000ec41</value>
         <object_component_ref idref="oc-290"/>
      </symbol>
      <symbol id="sm-5a9">
         <name>SemaphoreP_Params_init</name>
         <value>0x2000eeb1</value>
         <object_component_ref idref="oc-37e"/>
      </symbol>
      <symbol id="sm-5aa">
         <name>clkFxn</name>
         <value>0x2000ec77</value>
         <object_component_ref idref="oc-3b4"/>
      </symbol>
      <symbol id="sm-68a">
         <name>ClockP_ctrl</name>
         <value>0x2000f9b8</value>
      </symbol>
      <symbol id="sm-68b">
         <name>ClockP_doTick</name>
         <value>0x2000dfd5</value>
         <object_component_ref idref="oc-79"/>
      </symbol>
      <symbol id="sm-68c">
         <name>ClockP_startup</name>
         <value>0x2000e875</value>
         <object_component_ref idref="oc-503"/>
      </symbol>
      <symbol id="sm-68d">
         <name>ClockP_stop</name>
         <value>0x2000e3a9</value>
         <object_component_ref idref="oc-4c9"/>
      </symbol>
      <symbol id="sm-68e">
         <name>ClockP_getTicksUntilInterrupt</name>
         <value>0x2000e841</value>
         <object_component_ref idref="oc-463"/>
      </symbol>
      <symbol id="sm-68f">
         <name>ClockP_setTicks</name>
         <value>0x2000ee71</value>
         <object_component_ref idref="oc-48b"/>
      </symbol>
      <symbol id="sm-690">
         <name>ClockP_tickPeriod</name>
         <value>0x2000f52c</value>
         <object_component_ref idref="oc-497"/>
      </symbol>
      <symbol id="sm-691">
         <name>ClockP_usleep</name>
         <value>0x2000e1f9</value>
         <object_component_ref idref="oc-426"/>
      </symbol>
      <symbol id="sm-692">
         <name>ClockP_getSystemTicks</name>
         <value>0x2000ee61</value>
         <object_component_ref idref="oc-46f"/>
      </symbol>
      <symbol id="sm-693">
         <name>ClockP_destruct</name>
         <value>0x2000e605</value>
         <object_component_ref idref="oc-3ae"/>
      </symbol>
      <symbol id="sm-694">
         <name>ClockP_start</name>
         <value>0x2000e945</value>
         <object_component_ref idref="oc-39c"/>
      </symbol>
      <symbol id="sm-695">
         <name>ClockP_sysTickHandler</name>
         <value>0x2000dfd5</value>
         <object_component_ref idref="oc-79"/>
      </symbol>
      <symbol id="sm-696">
         <name>ClockP_isActive</name>
         <value>0x2000ef21</value>
         <object_component_ref idref="oc-3a8"/>
      </symbol>
      <symbol id="sm-697">
         <name>ClockP_getCpuFreq</name>
         <value>0x2000ee51</value>
         <object_component_ref idref="oc-451"/>
      </symbol>
      <symbol id="sm-698">
         <name>ClockP_add</name>
         <value>0x2000ee3f</value>
         <object_component_ref idref="oc-396"/>
      </symbol>
      <symbol id="sm-721">
         <name>HwiP_delete</name>
         <value>0x2000ee81</value>
         <object_component_ref idref="oc-633"/>
      </symbol>
      <symbol id="sm-722">
         <name>HwiP_construct</name>
         <value>0x2000d609</value>
         <object_component_ref idref="oc-3f0"/>
      </symbol>
      <symbol id="sm-723">
         <name>HwiP_inISR</name>
         <value>0x2000eda9</value>
         <object_component_ref idref="oc-3c5"/>
      </symbol>
      <symbol id="sm-724">
         <name>HwiP_dispatch</name>
         <value>0x2000eae9</value>
         <object_component_ref idref="oc-4e9"/>
      </symbol>
      <symbol id="sm-725">
         <name>HwiP_destruct</name>
         <value>0x2000eb55</value>
         <object_component_ref idref="oc-6ac"/>
      </symbol>
      <symbol id="sm-726">
         <name>HwiP_clearInterrupt</name>
         <value>0x2000eed1</value>
         <object_component_ref idref="oc-62d"/>
      </symbol>
      <symbol id="sm-727">
         <name>HwiP_swiPIntNum</name>
         <value>0x2000f528</value>
         <object_component_ref idref="oc-4ef"/>
      </symbol>
      <symbol id="sm-728">
         <name>HwiP_Params_init</name>
         <value>0x2000edf9</value>
         <object_component_ref idref="oc-2da"/>
      </symbol>
      <symbol id="sm-729">
         <name>HwiP_disable</name>
         <value>0x2000eedf</value>
         <object_component_ref idref="oc-296"/>
      </symbol>
      <symbol id="sm-72a">
         <name>HwiP_key</name>
         <value>0x2000f524</value>
         <object_component_ref idref="oc-4ef"/>
      </symbol>
      <symbol id="sm-72b">
         <name>HwiP_create</name>
         <value>0x2000e9a5</value>
         <object_component_ref idref="oc-2e0"/>
      </symbol>
      <symbol id="sm-72c">
         <name>HwiP_post</name>
         <value>0x2000ef53</value>
         <object_component_ref idref="oc-566"/>
      </symbol>
      <symbol id="sm-72d">
         <name>HwiP_enable</name>
         <value>0x2000eeed</value>
         <object_component_ref idref="oc-158"/>
      </symbol>
      <symbol id="sm-72e">
         <name>HwiP_restore</name>
         <value>0x2000ee91</value>
         <object_component_ref idref="oc-29c"/>
      </symbol>
      <symbol id="sm-75e">
         <name>PowerCC32XX_initPolicy</name>
         <value>0x2000dfd3</value>
         <object_component_ref idref="oc-36d"/>
      </symbol>
      <symbol id="sm-75f">
         <name>PowerCC32XX_sleepPolicy</name>
         <value>0x2000c651</value>
         <object_component_ref idref="oc-373"/>
      </symbol>
      <symbol id="sm-7b4">
         <name>resetISR</name>
         <value>0x2000ec5d</value>
         <object_component_ref idref="oc-21"/>
      </symbol>
      <symbol id="sm-7b5">
         <name>resetVectorAddr</name>
         <value>0x2000ec70</value>
         <object_component_ref idref="oc-21"/>
      </symbol>
      <symbol id="sm-7b6">
         <name>initVectors</name>
         <value>0x2000e799</value>
         <object_component_ref idref="oc-59"/>
      </symbol>
      <symbol id="sm-7b7">
         <name>resetVectors</name>
         <value>0x20004000</value>
         <object_component_ref idref="oc-27"/>
      </symbol>
      <symbol id="sm-7e7">
         <name>SwiP_disable</name>
         <value>0x2000ebed</value>
         <object_component_ref idref="oc-457"/>
      </symbol>
      <symbol id="sm-7e8">
         <name>SwiP_restore</name>
         <value>0x2000e4b9</value>
         <object_component_ref idref="oc-491"/>
      </symbol>
      <symbol id="sm-7f3">
         <name>CPUcpsid</name>
         <value>0x2000ed93</value>
         <object_component_ref idref="oc-a3"/>
      </symbol>
      <symbol id="sm-838">
         <name>IntVTableBaseSet</name>
         <value>0x2000edbd</value>
         <object_component_ref idref="oc-af"/>
      </symbol>
      <symbol id="sm-839">
         <name>IntEnable</name>
         <value>0x2000d1bd</value>
         <object_component_ref idref="oc-b5"/>
      </symbol>
      <symbol id="sm-83a">
         <name>IntMasterDisable</name>
         <value>0x2000ef2b</value>
         <object_component_ref idref="oc-53"/>
      </symbol>
      <symbol id="sm-83b">
         <name>IntPendSet</name>
         <value>0x2000d695</value>
         <object_component_ref idref="oc-615"/>
      </symbol>
      <symbol id="sm-875">
         <name>PinModeGet</name>
         <value>0x2000e8a9</value>
         <object_component_ref idref="oc-275"/>
      </symbol>
      <symbol id="sm-876">
         <name>PinConfigSet</name>
         <value>0x2000d71d</value>
         <object_component_ref idref="oc-2ce"/>
      </symbol>
      <symbol id="sm-877">
         <name>PinModeSet</name>
         <value>0x2000e585</value>
         <object_component_ref idref="oc-27b"/>
      </symbol>
      <symbol id="sm-878">
         <name>PinToPadGet</name>
         <value>0x2000ebd1</value>
         <object_component_ref idref="oc-5e3"/>
      </symbol>
      <symbol id="sm-941">
         <name>PRCMLPDSRestoreInfoSet</name>
         <value>0x2000e3ed</value>
         <object_component_ref idref="oc-5f7"/>
      </symbol>
      <symbol id="sm-942">
         <name>PRCMPeripheralReset</name>
         <value>0x2000de29</value>
         <object_component_ref idref="oc-269"/>
      </symbol>
      <symbol id="sm-943">
         <name>PRCMLPDSEnter</name>
         <value>0x2000e289</value>
         <object_component_ref idref="oc-557"/>
      </symbol>
      <symbol id="sm-944">
         <name>PRCMPeripheralClkEnable</name>
         <value>0x2000e2d1</value>
         <object_component_ref idref="oc-263"/>
      </symbol>
      <symbol id="sm-945">
         <name>PRCMLPDSEnterKeepDebugIf</name>
         <value>0x2000e6f1</value>
         <object_component_ref idref="oc-55d"/>
      </symbol>
      <symbol id="sm-946">
         <name>PRCMCC3200MCUInit</name>
         <value>0x2000c041</value>
         <object_component_ref idref="oc-1bf"/>
      </symbol>
      <symbol id="sm-947">
         <name>PRCMHIBRegWrite</name>
         <value>0x2000ed67</value>
         <object_component_ref idref="oc-257"/>
      </symbol>
      <symbol id="sm-948">
         <name>PRCMSysResetCauseGet</name>
         <value>0x2000dc59</value>
         <object_component_ref idref="oc-250"/>
      </symbol>
      <symbol id="sm-949">
         <name>PRCMPeripheralClkDisable</name>
         <value>0x2000ea25</value>
         <object_component_ref idref="oc-26f"/>
      </symbol>
      <symbol id="sm-94a">
         <name>PRCMHIBRegRead</name>
         <value>0x2000ed51</value>
         <object_component_ref idref="oc-25d"/>
      </symbol>
      <symbol id="sm-992">
         <name>TimerLoadSet</name>
         <value>0x2000e9cf</value>
         <object_component_ref idref="oc-668"/>
      </symbol>
      <symbol id="sm-993">
         <name>TimerDisable</name>
         <value>0x2000eb95</value>
         <object_component_ref idref="oc-682"/>
      </symbol>
      <symbol id="sm-994">
         <name>TimerEnable</name>
         <value>0x2000ebb3</value>
         <object_component_ref idref="oc-67b"/>
      </symbol>
      <symbol id="sm-995">
         <name>TimerIntDisable</name>
         <value>0x2000ecc1</value>
         <object_component_ref idref="oc-688"/>
      </symbol>
      <symbol id="sm-996">
         <name>TimerPrescaleSet</name>
         <value>0x2000e9f9</value>
         <object_component_ref idref="oc-662"/>
      </symbol>
      <symbol id="sm-997">
         <name>TimerControlStall</name>
         <value>0x2000e809</value>
         <object_component_ref idref="oc-6c5"/>
      </symbol>
      <symbol id="sm-998">
         <name>TimerIntEnable</name>
         <value>0x2000ecd9</value>
         <object_component_ref idref="oc-66f"/>
      </symbol>
      <symbol id="sm-999">
         <name>TimerIntClear</name>
         <value>0x2000ee0b</value>
         <object_component_ref idref="oc-6cd"/>
      </symbol>
      <symbol id="sm-99d">
         <name>UtilsDelay</name>
         <value>0x2000ef4d</value>
         <object_component_ref idref="oc-256"/>
      </symbol>
      <symbol id="sm-9ad">
         <name>FlashDisable</name>
         <value>0x2000e241</value>
         <object_component_ref idref="oc-60d"/>
      </symbol>
      <symbol id="sm-9b6">
         <name>__aeabi_lmul</name>
         <value>0x2000ed21</value>
         <object_component_ref idref="oc-486"/>
      </symbol>
      <symbol id="sm-9d1">
         <name>memcpy</name>
         <value>0x2000d3ad</value>
         <object_component_ref idref="oc-3b"/>
      </symbol>
      <symbol id="sm-9d2">
         <name>__aeabi_memcpy</name>
         <value>0x2000d3ad</value>
         <object_component_ref idref="oc-3b"/>
      </symbol>
      <symbol id="sm-9d3">
         <name>__aeabi_memcpy8</name>
         <value>0x2000d3ad</value>
         <object_component_ref idref="oc-3b"/>
      </symbol>
      <symbol id="sm-9d4">
         <name>__aeabi_memcpy4</name>
         <value>0x2000d3ad</value>
         <object_component_ref idref="oc-3b"/>
      </symbol>
      <symbol id="sm-9e1">
         <name>__aeabi_uldivmod</name>
         <value>0x2000d4e1</value>
         <object_component_ref idref="oc-47b"/>
      </symbol>
      <symbol id="sm-9f5">
         <name>__TI_zero_init_nomemset</name>
         <value>0x2000ec09</value>
         <object_component_ref idref="oc-47"/>
      </symbol>
      <symbol id="sm-a0c">
         <name>__TI_decompress_none</name>
         <value>0x2000eefb</value>
         <object_component_ref idref="oc-1a"/>
      </symbol>
      <symbol id="sm-a2f">
         <name>__TI_decompress_lzss</name>
         <value>0x2000db8d</value>
         <object_component_ref idref="oc-14"/>
      </symbol>
      <symbol id="sm-ab8">
         <name>_sys_memory</name>
         <value>0x20004040</value>
         <object_component_ref idref="oc-2a"/>
      </symbol>
      <symbol id="sm-ab9">
         <name>free</name>
         <value>0x2000ce99</value>
         <object_component_ref idref="oc-38f"/>
      </symbol>
      <symbol id="sm-aba">
         <name>memalign</name>
         <value>0x2000ccad</value>
         <object_component_ref idref="oc-4df"/>
      </symbol>
      <symbol id="sm-abb">
         <name>malloc</name>
         <value>0x2000ef3f</value>
         <object_component_ref idref="oc-3ea"/>
      </symbol>
      <symbol id="sm-abc">
         <name>aligned_alloc</name>
         <value>0x2000ccad</value>
         <object_component_ref idref="oc-4df"/>
      </symbol>
      <symbol id="sm-ace">
         <name>__stack</name>
         <value>0x20003000</value>
         <object_component_ref idref="oc-2d"/>
      </symbol>
      <symbol id="sm-acf">
         <name>_c_int00_noargs</name>
         <value>0x2000eb0d</value>
         <object_component_ref idref="oc-c5"/>
      </symbol>
      <symbol id="sm-ad9">
         <name>__aeabi_idiv0</name>
         <value>0x2000ef65</value>
         <object_component_ref idref="oc-528"/>
      </symbol>
      <symbol id="sm-ada">
         <name>__aeabi_ldiv0</name>
         <value>0x2000ef65</value>
         <object_component_ref idref="oc-528"/>
      </symbol>
      <symbol id="sm-b03">
         <name>__TI_auto_init_nobinit_nopinit</name>
         <value>0x2000e541</value>
         <object_component_ref idref="oc-171"/>
      </symbol>
      <symbol id="sm-b0d">
         <name>_system_pre_init</name>
         <value>0x2000ef5b</value>
         <object_component_ref idref="oc-114"/>
      </symbol>
      <symbol id="sm-b19">
         <name>C$$EXIT</name>
         <value>0x2000ef5f</value>
         <object_component_ref idref="oc-165"/>
      </symbol>
      <symbol id="sm-b1a">
         <name>abort</name>
         <value>0x2000ef5f</value>
         <object_component_ref idref="oc-165"/>
      </symbol>
      <symbol id="sm-b2f">
         <name>_nop</name>
         <value>0x2000ea23</value>
         <object_component_ref idref="oc-33a"/>
      </symbol>
      <symbol id="sm-b30">
         <name>_lock</name>
         <value>0x2000f504</value>
         <object_component_ref idref="oc-210"/>
      </symbol>
      <symbol id="sm-b31">
         <name>_unlock</name>
         <value>0x2000f508</value>
         <object_component_ref idref="oc-210"/>
      </symbol>
      <symbol id="sm-b33">
         <name>__TI_static_base__</name>
         <value>0x2000f9e0</value>
      </symbol>
      <symbol id="sm-b36">
         <name>ITM_flush</name>
         <value>0x0</value>
      </symbol>
      <symbol id="sm-b37">
         <name>ITM_restore</name>
         <value>0x0</value>
      </symbol>
      <symbol id="sm-b38">
         <name>__mpu_init</name>
         <value>0x0</value>
      </symbol>
      <symbol id="sm-b39">
         <name>_system_post_cinit</name>
         <value>0x0</value>
      </symbol>
      <symbol id="sm-b3a">
         <name>usleep</name>
         <value>0x2000e1f9</value>
      </symbol>
      <symbol id="sm-b3b">
         <name>NoRTOS_start</name>
         <value>0x2000eeed</value>
      </symbol>
   </symbol_table>
   <title>Link successful</title>
</link_info>
