******************************************************************************
                  TI ARM Linker PC v20.2.6                     
******************************************************************************
>> Linked Sat Apr 16 22:37:22 2022

OUTPUT FILE NAME:   <gpiointerrupt_CC3220S_LAUNCHXL_nortos_ccs.out>
ENTRY POINT SYMBOL: "resetISR"  address: 20012215


MEMORY CONFIGURATION

         name            origin    length      used     unused   attr    fill
----------------------  --------  ---------  --------  --------  ----  --------
  SRAM2                 20000000   00004000  0000130c  00002cf4  RW X
  SRAM                  20004000   0003c000  0000f77a  0002c886  RW X
  LOG_DATA              90000000   00040000  00000000  00040000  R   


SEGMENT ALLOCATION MAP

run origin  load origin   length   init length attrs members
----------  ----------- ---------- ----------- ----- -------
20003000    20003000    00001000   00000000    rw-
  20003000    20003000    00001000   00000000    rw- .stack
20004000    20004000    00000040   00000040    r--
  20004000    20004000    00000040   00000040    r-- .resetVecs
20004040    20004040    00008000   00000000    rw-
  20004040    20004040    00008000   00000000    rw- .sysmem
2000c040    2000c040    00006758   00006758    r-x
  2000c040    2000c040    00006758   00006758    r-x .text
20012798    20012798    000005c0   00000000    rw-
  20012798    20012798    000005c0   00000000    rw- .data
20012d58    20012d58    0000052e   0000052e    r--
  20012d58    20012d58    0000052e   0000052e    r-- .const
20013288    20013288    00000404   00000000    rw-
  20013288    20013288    00000404   00000000    rw- .bss
20013690    20013690    000000f0   000000f0    r--
  20013690    20013690    000000f0   000000f0    r-- .cinit


SECTION ALLOCATION MAP

 output                                  attributes/
section   page    origin      length       input sections
--------  ----  ----------  ----------   ----------------
.text      0    2000c040    00006758     
                  2000c040    00000a4e     rtsv7M4_T_le_eabi.lib : _printfi.c.obj (.text:__TI_printfi)
                  2000ca8e    00000002     ti_drivers_config.obj (.text:Board_initHook)
                  2000ca90    0000042c     driverlib.a : prcm.obj (.text:PRCMCC3200MCUInit)
                  2000cebc    00000288     drivers_cc32xx.a : UARTCC32XX.oem4 (.text:UARTCC32XX_open)
                  2000d144    00000268     rtsv7M4_T_le_eabi.lib : _printfi.c.obj (.text:_pconv_a)
                  2000d3ac    00000250     gpiointerrupt.obj (.text:initI2C)
                  2000d5fc    00000214     gpiointerrupt.obj (.text:mainThread)
                  2000d810    000001e4     drivers_cc32xx.a : GPIOCC32XX.oem4 (.text:GPIO_setConfig)
                  2000d9f4    000001cc     rtsv7M4_T_le_eabi.lib : _printfi.c.obj (.text:_pconv_g)
                  2000dbc0    000001b6                           : fd_add_t2.asm.obj (.text)
                  2000dd76    00000002     drivers_cc32xx.a : I2C.oem4 (.text:I2C_init)
                  2000dd78    0000019c     nortos_cc32xx.a : PowerCC32XX_nortos.oem4 (.text:PowerCC32XX_sleepPolicy)
                  2000df14    00000148     drivers_cc32xx.a : I2CCC32XX.oem4 (.text:I2CCC32XX_hwiFxn)
                  2000e05c    00000148                      : PowerCC32XX.oem4 (.text:parkPins)
                  2000e1a4    0000013c     rtsv7M4_T_le_eabi.lib : _printfi.c.obj (.text:_pconv_e)
                  2000e2e0    00000138     drivers_cc32xx.a : PowerCC32XX.oem4 (.text:Power_sleep)
                  2000e418    00000136     rtsv7M4_T_le_eabi.lib : fd_div_t2.asm.obj (.text)
                  2000e54e    00000002     nortos_cc32xx.a : PowerCC32XX_nortos.oem4 (.text:PowerCC32XX_initPolicy)
                  2000e550    00000128     drivers_cc32xx.a : TimerCC32XX.oem4 (.text:TimerCC32XX_open)
                  2000e678    00000122                      : I2C.oem4 (.text:I2C_transferTimeout)
                  2000e79a    00000002                      : TimerCC32XX.oem4 (.text:TimerCC32XX_init)
                  2000e79c    00000120                      : UARTCC32XX.oem4 (.text:UARTCC32XX_close)
                  2000e8bc    00000120     rtsv7M4_T_le_eabi.lib : _printfi.c.obj (.text:fcvt)
                  2000e9dc    00000120     gpiointerrupt.obj (.text:readTemp)
                  2000eafc    00000100     rtsv7M4_T_le_eabi.lib : memory.c.obj (.text:aligned_alloc)
                  2000ebfc    000000fc     drivers_cc32xx.a : I2CCC32XX.oem4 (.text:I2C_open)
                  2000ecf8    000000fc     rtsv7M4_T_le_eabi.lib : fd_mul_t2.asm.obj (.text)
                  2000edf4    000000f2     drivers_cc32xx.a : UARTCC32XX.oem4 (.text:UARTCC32XX_control)
                  2000eee6    00000002                      : UARTCC32XX.oem4 (.text:UARTCC32XX_init)
                  2000eee8    000000e4     rtsv7M4_T_le_eabi.lib : memory.c.obj (.text:free)
                  2000efcc    000000d0                           : s_scalbn.c.obj (.text:scalbn)
                  2000f09c    000000ca     drivers_cc32xx.a : UARTCC32XX.oem4 (.text:UARTCC32XX_write)
                  2000f166    00000002     rtsv7M4_T_le_eabi.lib : _lock.c.obj (.text:_nop)
                  2000f168    000000c4     drivers_cc32xx.a : GPIOCC32XX.oem4 (.text:GPIO_init)
                  2000f22c    000000c0                      : PowerCC32XX.oem4 (.text:restoreParkedPins)
                  2000f2ec    000000ba                      : UARTCC32XX.oem4 (.text:UARTCC32XX_readPolling)
                  2000f3a6    00000002     nortos_cc32xx.a : startup_cc32xx_ccs.oem4 (.text:busFaultHandler)
                  2000f3a8    000000b8     drivers_cc32xx.a : UARTCC32XX.oem4 (.text:initHw)
                  2000f460    000000b6                      : UARTCC32XX.oem4 (.text:readTaskCallback)
                  2000f516    000000b2                      : I2CCC32XX.oem4 (.text:I2CCC32XX_completeTransfer)
                  2000f5c8    000000b1     rtsv7M4_T_le_eabi.lib : _printfi.c.obj (.text:_ltostr)
                  2000f679    00000001     --HOLE-- [fill = 0]
                  2000f67a    000000b0     drivers_cc32xx.a : UARTCC32XX.oem4 (.text:readTaskBlocking)
                  2000f72a    000000ae                      : UARTCC32XX.oem4 (.text:readIsrTextBlocking)
                  2000f7d8    000000a8                      : I2CCC32XX.oem4 (.text:I2CCC32XX_primeWriteBurst)
                  2000f880    000000a8     driverlib.a : interrupt.obj (.text:IntEnable)
                  2000f928    000000a8     drivers_cc32xx.a : PowerCC32XX.oem4 (.text:PowerCC32XX_configureWakeup)
                  2000f9d0    000000a2                      : UARTCC32XX.oem4 (.text:readIsrTextCallback)
                  2000fa72    000000a2                      : UARTCC32XX.oem4 (.text:writeData)
                  2000fb14    000000a0     nortos_cc32xx.a : SemaphoreP_nortos.oem4 (.text:SemaphoreP_pend)
                  2000fbb4    0000009c     drivers_cc32xx.a : I2CCC32XX.oem4 (.text:I2CCC32XX_initHw)
                  2000fc50    0000009c     rtsv7M4_T_le_eabi.lib : memcpy_t2.asm.obj (.text)
                  2000fcec    00000098     drivers_cc32xx.a : GPIOCC32XX.oem4 (.text:powerNotifyFxn)
                  2000fd84    00000096     rtsv7M4_T_le_eabi.lib : ull_div_t2.asm.obj (.text)
                  2000fe1a    00000002     nortos_cc32xx.a : SemaphoreP_nortos.oem4 (.text:clkFxn)
                  2000fe1c    00000090     drivers_cc32xx.a : PowerCC32XX.oem4 (.text:restoreNVICRegs)
                  2000feac    0000008c     nortos_cc32xx.a : HwiPCC32XX_nortos.oem4 (.text:HwiP_construct)
                  2000ff38    00000088     driverlib.a : interrupt.obj (.text:IntPendSet)
                  2000ffc0    00000088                 : pin.obj (.text:PinConfigSet)
                  20010048    00000088     drivers_cc32xx.a : TimerCC32XX.oem4 (.text:TimerCC32XX_setPeriod)
                  200100d0    00000086     rtsv7M4_T_le_eabi.lib : fd_cmp_t2.asm.obj (.text:__aeabi_cdcmple)
                  20010156    00000086                           : fd_cmp_t2.asm.obj (.text:__aeabi_cdrcmple)
                  200101dc    00000084     drivers_cc32xx.a : PowerCC32XX.oem4 (.text:Power_init)
                  20010260    00000084                      : PowerCC32XX.oem4 (.text:saveNVICRegs)
                  200102e4    00000080                      : PowerCC32XX.oem4 (.text:Power_setDependency)
                  20010364    0000007c                      : UARTCC32XX.oem4 (.text:readIsrBinaryBlocking)
                  200103e0    0000007a                      : I2CCC32XX.oem4 (.text:I2CCC32XX_primeReadBurst)
                  2001045a    0000007a     rtsv7M4_T_le_eabi.lib : fs_mul_t2.asm.obj (.text)
                  200104d4    0000007a                           : memset_t2.asm.obj (.text)
                  2001054e    00000002     nortos_cc32xx.a : startup_cc32xx_ccs.oem4 (.text:defaultHandler)
                  20010550    00000078     drivers_cc32xx.a : GPIOCC32XX.oem4 (.text:GPIO_hwiIntFxn)
                  200105c8    00000078                      : TimerCC32XX.oem4 (.text:TimerCC32XX_start)
                  20010640    00000078                      : UARTCC32XX.oem4 (.text:readIsrBinaryCallback)
                  200106b8    00000074                      : UARTCC32XX.oem4 (.text:UARTCC32XX_hwiIntFxn)
                  2001072c    00000070     rtsv7M4_T_le_eabi.lib : memory.c.obj (.text:split)
                  2001079c    0000006e                           : _printfi.c.obj (.text:_mcpy)
                  2001080a    0000006a     drivers_cc32xx.a : I2CCC32XX.oem4 (.text:I2CSupport_primeTransfer)
                  20010874    00000068     rtsv7M4_T_le_eabi.lib : copy_decompress_lzss.c.obj (.text:decompress:lzss:__TI_decompress_lzss)
                  200108dc    00000068     gpiointerrupt.obj (.text:printDisplay)
                  20010944    00000066     drivers_cc32xx.a : UARTCC32XX.oem4 (.text:UARTCC32XX_writeCancel)
                  200109aa    00000002     nortos_cc32xx.a : startup_cc32xx_ccs.oem4 (.text:faultISR)
                  200109ac    00000064     drivers_cc32xx.a : PowerCC32XX.oem4 (.text:PowerCC32XX_setParkState)
                  20010a10    00000062                      : UARTCC32XX.oem4 (.text:UARTCC32XX_writePolling)
                  20010a72    00000002     nortos_cc32xx.a : startup_cc32xx_ccs.oem4 (.text:nmiISR)
                  20010a74    00000060     driverlib.a : prcm.obj (.text:PRCMSysResetCauseGet)
                  20010ad4    0000005c     drivers_cc32xx.a : GPIOCC32XX.oem4 (.text:GPIO_setCallback)
                  20010b30    0000005c     rtsv7M4_T_le_eabi.lib : s_frexp.c.obj (.text:frexp)
                  20010b8c    0000005c     nortos_cc32xx.a : ClockPSysTick_nortos.oem4 (.text:sysTickInit)
                  20010be8    00000058     drivers_cc32xx.a : GPIOCC32XX.oem4 (.text:GPIO_write)
                  20010c40    00000058     driverlib.a : prcm.obj (.text:PRCMPeripheralReset)
                  20010c98    00000058     drivers_cc32xx.a : PowerCC32XX.oem4 (.text:Power_releaseDependency)
                  20010cf0    00000056                      : TimerCC32XX.oem4 (.text:TimerCC32XX_stop)
                  20010d46    00000056     rtsv7M4_T_le_eabi.lib : _printfi.c.obj (.text:_pconv_f)
                  20010d9c    00000054                           : _ltoa.c.obj (.text:__TI_ltoa)
                  20010df0    00000054     gpiointerrupt.obj (.text:initTimer)
                  20010e44    00000054     drivers_cc32xx.a : UARTCC32XX.oem4 (.text:ringBufGet)
                  20010e98    00000052                      : PowerCC32XX_asm.oem4 (.text:PowerCC32XX_resumeLPDS)
                  20010eea    00000052     rtsv7M4_T_le_eabi.lib : _printfi.c.obj (.text:_ecpy)
                  20010f3c    00000052     drivers_cc32xx.a : TimerCC32XX.oem4 (.text:initHw)
                  20010f8e    00000002     rtsv7M4_T_le_eabi.lib : div0.asm.obj (.text)
                  20010f90    00000050     nortos_cc32xx.a : ClockPSysTick_nortos.oem4 (.text:ClockP_sysTickHandler)
                  20010fe0    00000050                     : SemaphoreP_nortos.oem4 (.text:SemaphoreP_construct)
                  20011030    00000050     drivers_cc32xx.a : TimerCC32XX.oem4 (.text:TimerCC32XX_allocateTimerResource)
                  20011080    0000004c                      : GPIOCC32XX.oem4 (.text:GPIO_enableInt)
                  200110cc    0000004c                      : I2CCC32XX.oem4 (.text:I2CCC32XX_readRecieveFifo)
                  20011118    0000004c                      : PowerCC32XX.oem4 (.text:PowerCC32XX_parkPin)
                  20011164    0000004c     rtsv7M4_T_le_eabi.lib : atoi.c.obj (.text:atoi)
                  200111b0    0000004c     drivers_cc32xx.a : PowerCC32XX.oem4 (.text:restorePeriphClocks)
                  200111fc    0000004c     rtsv7M4_T_le_eabi.lib : snprintf.c.obj (.text:snprintf)
                  20011248    00000048     driverlib.a : flash.obj (.text:FlashDisable)
                  20011290    00000048                 : prcm.obj (.text:PRCMLPDSEnter)
                  200112d8    00000048                 : prcm.obj (.text:PRCMPeripheralClkEnable)
                  20011320    00000048     drivers_cc32xx.a : PowerCC32XX.oem4 (.text:Power_releaseConstraint)
                  20011368    00000048     gpiointerrupt.obj (.text:checkTemp)
                  200113b0    00000048     rtsv7M4_T_le_eabi.lib : fd_toi_t2.asm.obj (.text)
                  200113f8    00000046     drivers_cc32xx.a : RingBuf.oem4 (.text:RingBuf_put)
                  2001143e    00000046                      : TimerCC32XX.oem4 (.text:getPrescaler)
                  20011484    00000044     nortos_cc32xx.a : ClockPSysTick_nortos.oem4 (.text:ClockP_stop)
                  200114c8    00000044     driverlib.a : prcm.obj (.text:PRCMLPDSRestoreInfoSet)
                  2001150c    00000044     drivers_cc32xx.a : PowerCC32XX_asm.oem4 (.text:PowerCC32XX_enterLPDS)
                  20011550    00000044     nortos_cc32xx.a : SemaphoreP_nortos.oem4 (.text:SemaphoreP_post)
                  20011594    00000044                     : SwiP_nortos.oem4 (.text:SwiP_restore)
                  200115d8    00000044     drivers_cc32xx.a : Timer.oem4 (.text:Timer_init)
                  2001161c    00000044                      : UART.oem4 (.text:UART_init)
                  20011660    00000044     rtsv7M4_T_le_eabi.lib : autoinit.c.obj (.text:__TI_auto_init_nobinit_nopinit:__TI_auto_init_nobinit_nopinit)
                  200116a4    00000044     gpiointerrupt.obj (.text:initUART)
                  200116e8    00000040     nortos_cc32xx.a : ClockPSysTick_nortos.oem4 (.text:ClockP_construct)
                  20011728    00000040     driverlib.a : pin.obj (.text:PinModeSet)
                  20011768    00000040     drivers_cc32xx.a : RingBuf.oem4 (.text:RingBuf_get)
                  200117a8    00000040                      : Timer.oem4 (.text:Timer_open)
                  200117e8    00000040                      : UARTCC32XX.oem4 (.text:UARTCC32XX_read)
                  20011828    00000040                      : UART.oem4 (.text:UART_open)
                  20011868    0000003e     rtsv7M4_T_le_eabi.lib : _printfi.c.obj (.text:_fcpy)
                  200118a6    00000002     --HOLE-- [fill = 0]
                  200118a8    0000003c     nortos_cc32xx.a : ClockPSysTick_nortos.oem4 (.text:ClockP_destruct)
                  200118e4    0000003c     drivers_cc32xx.a : PowerCC32XX.oem4 (.text:Power_setConstraint)
                  20011920    0000003a                      : TimerCC32XX.oem4 (.text:TimerCC32XX_close)
                  2001195a    0000003a     nortos_cc32xx.a : PowerCC32XX_nortos.oem4 (.text:getCountsRTC)
                  20011994    00000038     driverlib.a : prcm.obj (.text:PRCMLPDSEnterKeepDebugIf)
                  200119cc    00000038     drivers_cc32xx.a : TimerCC32XX.oem4 (.text:TimerCC32XX_hwiIntFunction)
                  20011a04    00000038     nortos_cc32xx.a : ClockPSysTick_nortos.oem4 (.text:addToList)
                  20011a3c    00000038                     : startup_cc32xx_ccs.oem4 (.text:initVectors)
                  20011a74    00000038     drivers_cc32xx.a : PowerCC32XX.oem4 (.text:notify)
                  20011aac    00000038     rtsv7M4_T_le_eabi.lib : fs_toi_t2.asm.obj (.text)
                  20011ae4    00000038                           : i_tofs_t2.asm.obj (.text)
                  20011b1c    00000036     driverlib.a : timer.obj (.text:TimerControlStall)
                  20011b52    00000036     drivers_cc32xx.a : UARTCC32XX.oem4 (.text:UARTCC32XX_readCancel)
                  20011b88    00000034     nortos_cc32xx.a : ClockPSysTick_nortos.oem4 (.text:ClockP_getTicksUntilInterrupt)
                  20011bbc    00000034                     : ClockPSysTick_nortos.oem4 (.text:ClockP_startup)
                  20011bf0    00000034     driverlib.a : pin.obj (.text:PinModeGet)
                  20011c24    00000034     drivers_cc32xx.a : PowerCC32XX.oem4 (.text:PowerCC32XX_restoreParkState)
                  20011c58    00000034                      : TimerCC32XX.oem4 (.text:TimerCC32XX_freeTimerResource)
                  20011c8c    00000034     gpiointerrupt.obj (.text:checkButton)
                  20011cc0    00000034     drivers_cc32xx.a : TimerCC32XX.oem4 (.text:getPowerMgrId)
                  20011cf4    00000030     nortos_cc32xx.a : ClockPSysTick_nortos.oem4 (.text:ClockP_start)
                  20011d24    00000030     drivers_cc32xx.a : PowerCC32XX.oem4 (.text:PowerCC32XX_restoreParkedPin)
                  20011d54    00000030     rtsv7M4_T_le_eabi.lib : snprintf.c.obj (.text:_outs)
                  20011d84    00000030     gpiointerrupt.obj (.text:checkTemperature)
                  20011db4    0000002e     rtsv7M4_T_le_eabi.lib : i_tofd_t2.asm.obj (.text)
                  20011de2    00000002     --HOLE-- [fill = 0]
                  20011de4    0000002c     drivers_cc32xx.a : PowerCC32XX.oem4 (.text:PowerCC32XX_getParkState)
                  20011e10    0000002a     nortos_cc32xx.a : HwiPCC32XX_nortos.oem4 (.text:HwiP_create)
                  20011e3a    0000002a     driverlib.a : timer.obj (.text:TimerLoadSet)
                  20011e64    0000002a                 : timer.obj (.text:TimerPrescaleSet)
                  20011e8e    00000028                 : i2c.obj (.text:I2CFIFODataPutNonBlocking)
                  20011eb6    00000002     --HOLE-- [fill = 0]
                  20011eb8    00000028                 : prcm.obj (.text:PRCMPeripheralClkDisable)
                  20011ee0    00000028     drivers_cc32xx.a : PowerCC32XX.oem4 (.text:Power_registerNotify)
                  20011f08    00000028     rtsv7M4_T_le_eabi.lib : memory.c.obj (.text:free_list_insert)
                  20011f30    00000026     driverlib.a : i2c.obj (.text:I2CFIFODataGetNonBlocking)
                  20011f56    00000026     drivers_cc32xx.a : I2C.oem4 (.text:I2C_cancel)
                  20011f7c    00000026                      : List.oem4 (.text:List_put)
                  20011fa2    00000026                      : List.oem4 (.text:List_remove)
                  20011fc8    00000024     nortos_cc32xx.a : HwiPCC32XX_nortos.oem4 (.text:HwiP_dispatch)
                  20011fec    00000024     drivers_cc32xx.a : PowerCC32XX.oem4 (.text:PowerCC32XX_reset)
                  20012010    00000024     rtsv7M4_T_le_eabi.lib : boot_cortex_m.c.obj (.text:_c_int00_noargs:_c_int00_noargs)
                  20012034    00000022     driverlib.a : i2c.obj (.text:I2CMasterSlaveAddrSet)
                  20012056    00000020     nortos_cc32xx.a : HwiPCC32XX_nortos.oem4 (.text:HwiP_destruct)
                  20012076    00000002     --HOLE-- [fill = 0]
                  20012078    00000020     drivers_cc32xx.a : PowerCC32XX.oem4 (.text:Power_unregisterNotify)
                  20012098    00000020                      : RingBuf.oem4 (.text:RingBuf_peek)
                  200120b8    00000020                      : UARTCC32XX.oem4 (.text:getPowerMgrId)
                  200120d8    00000020     gpiointerrupt.obj (.text:toggleLED)
                  200120f8    0000001e     driverlib.a : i2c.obj (.text:I2CMasterIntStatusEx)
                  20012116    0000001e     nortos_cc32xx.a : SemaphoreP_nortos.oem4 (.text:SemaphoreP_constructBinary)
                  20012134    0000001e     driverlib.a : timer.obj (.text:TimerDisable)
                  20012152    0000001e                 : timer.obj (.text:TimerEnable)
                  20012170    0000001c                 : pin.obj (.text:PinToPadGet)
                  2001218c    0000001c     nortos_cc32xx.a : SwiP_nortos.oem4 (.text:SwiP_disable)
                  200121a8    0000001c     rtsv7M4_T_le_eabi.lib : memory.c.obj (.text:free_list_remove)
                  200121c4    0000001c                           : memccpy.c.obj (.text:memccpy)
                  200121e0    0000001a     nortos_cc32xx.a : ClockPSysTick_nortos.oem4 (.text:ClockP_create)
                  200121fa    0000001a                     : SemaphoreP_nortos.oem4 (.text:SemaphoreP_createBinary)
                  20012214    0000001a                     : startup_cc32xx_ccs.oem4 (.text:resetISR)
                  2001222e    00000018     driverlib.a : i2c.obj (.text:I2CMasterBusBusy)
                  20012246    00000018                 : i2c.obj (.text:I2CMasterIntDisableEx)
                  2001225e    00000018                 : i2c.obj (.text:I2CMasterIntEnableEx)
                  20012276    00000018                 : i2c.obj (.text:I2CRxFIFOFlush)
                  2001228e    00000018                 : i2c.obj (.text:I2CTxFIFOFlush)
                  200122a6    00000002     --HOLE-- [fill = 0]
                  200122a8    00000018     drivers_cc32xx.a : PowerCC32XX.oem4 (.text:Power_getTransitionLatency)
                  200122c0    00000018                      : PowerCC32XX.oem4 (.text:Power_idleFunc)
                  200122d8    00000018                      : TimerCC32XX.oem4 (.text:TimerCC32XX_getCount)
                  200122f0    00000018     driverlib.a : timer.obj (.text:TimerIntDisable)
                  20012308    00000018                 : timer.obj (.text:TimerIntEnable)
                  20012320    00000018                 : uart.obj (.text:UARTBusy)
                  20012338    00000018                 : uart.obj (.text:UARTIntEnable)
                  20012350    00000018     drivers_cc32xx.a : UART.oem4 (.text:UART_Params_init)
                  20012368    00000018     rtsv7M4_T_le_eabi.lib : snprintf.c.obj (.text:_outc)
                  20012380    00000018     gpiointerrupt.obj (.text:gpioButtonFxn0)
                  20012398    00000018     gpiointerrupt.obj (.text:gpioButtonFxn1)
                  200123b0    00000018     rtsv7M4_T_le_eabi.lib : ll_mul_t2.asm.obj (.text)
                  200123c8    00000018     gpiointerrupt.obj (.text:timerCallback)
                  200123e0    00000016     driverlib.a : i2c.obj (.text:I2CMasterBurstLengthSet)
                  200123f6    00000016                 : prcm.obj (.text:PRCMHIBRegRead)
                  2001240c    00000016                 : prcm.obj (.text:PRCMHIBRegWrite)
                  20012422    00000016     nortos_cc32xx.a : SemaphoreP_nortos.oem4 (.text:SemaphoreP_create)
                  20012438    00000016     rtsv7M4_T_le_eabi.lib : strchr.c.obj (.text:strchr)
                  2001244e    00000014     driverlib.a : cpu.obj (.text:CPUcpsid)
                  20012462    00000002     --HOLE-- [fill = 0]
                  20012464    00000014     nortos_cc32xx.a : HwiPCC32XX_nortos.oem4 (.text:HwiP_inISR)
                  20012478    00000014     drivers_cc32xx.a : I2CCC32XX.oem4 (.text:I2CSupport_masterFinish)
                  2001248c    00000014                      : I2C.oem4 (.text:I2C_transfer)
                  200124a0    00000014     driverlib.a : interrupt.obj (.text:IntVTableBaseSet)
                  200124b4    00000014     drivers_cc32xx.a : PowerCC32XX.oem4 (.text:Power_disablePolicy)
                  200124c8    00000014                      : PowerCC32XX.oem4 (.text:Power_getDependencyCount)
                  200124dc    00000014                      : UARTCC32XX.oem4 (.text:releasePowerConstraint)
                  200124f0    00000014     rtsv7M4_T_le_eabi.lib : strlen.c.obj (.text:strlen)
                  20012504    00000012     nortos_cc32xx.a : HwiPCC32XX_nortos.oem4 (.text:HwiP_Params_init)
                  20012516    00000012     driverlib.a : i2c.obj (.text:I2CMasterIntClearEx)
                  20012528    00000012     drivers_cc32xx.a : RingBuf.oem4 (.text:RingBuf_construct)
                  2001253a    00000012     driverlib.a : timer.obj (.text:TimerIntClear)
                  2001254c    00000012     main_nortos.obj (.text:main)
                  2001255e    00000012     rtsv7M4_T_le_eabi.lib : wcslen.c.obj (.text:wcslen)
                  20012570    00000010     ti_drivers_config.obj (.text:Board_init)
                  20012580    00000010     nortos_cc32xx.a : ClockPSysTick_nortos.oem4 (.text:ClockP_add)
                  20012590    00000010                     : ClockPSysTick_nortos.oem4 (.text:ClockP_delete)
                  200125a0    00000010                     : ClockPSysTick_nortos.oem4 (.text:ClockP_getCpuFreq)
                  200125b0    00000010                     : ClockPSysTick_nortos.oem4 (.text:ClockP_getSystemTicks)
                  200125c0    00000010                     : ClockPSysTick_nortos.oem4 (.text:ClockP_setTicks)
                  200125d0    00000010                     : HwiPCC32XX_nortos.oem4 (.text:HwiP_delete)
                  200125e0    00000010                     : HwiPCC32XX_nortos.oem4 (.text:HwiP_restore)
                  200125f0    00000010     driverlib.a : i2c.obj (.text:I2CFIFOStatus)
                  20012600    00000010     drivers_cc32xx.a : I2C.oem4 (.text:I2C_Params_init)
                  20012610    00000010                      : PowerCC32XX.oem4 (.text:Power_enablePolicy)
                  20012620    00000010     nortos_cc32xx.a : SemaphoreP_nortos.oem4 (.text:SemaphoreP_Params_init)
                  20012630    00000010     drivers_cc32xx.a : Timer.oem4 (.text:Timer_Params_init)
                  20012640    00000010                      : UARTCC32XX.oem4 (.text:readBlockingTimeout)
                  20012650    0000000e     nortos_cc32xx.a : HwiPCC32XX_nortos.oem4 (.text:HwiP_clearInterrupt)
                  2001265e    0000000e                     : HwiPCC32XX_nortos.oem4 (.text:HwiP_disable)
                  2001266c    0000000e                     : HwiPCC32XX_nortos.oem4 (.text:HwiP_disableInterrupt)
                  2001267a    0000000e                     : HwiPCC32XX_nortos.oem4 (.text:HwiP_enable)
                  20012688    0000000e                     : HwiPCC32XX_nortos.oem4 (.text:HwiP_enableInterrupt)
                  20012696    0000000e     drivers_cc32xx.a : I2CCC32XX.oem4 (.text:I2CCC32XX_updateReg)
                  200126a4    0000000e                      : RingBuf.oem4 (.text:RingBuf_isFull)
                  200126b2    0000000e     rtsv7M4_T_le_eabi.lib : copy_decompress_none.c.obj (.text:decompress:none:__TI_decompress_none)
                  200126c0    0000000c     drivers_cc32xx.a : I2CCC32XX.oem4 (.text:I2CCC32XX_postNotify)
                  200126cc    0000000c                      : PowerCC32XX.oem4 (.text:Power_getConstraintMask)
                  200126d8    0000000c     rtsv7M4_T_le_eabi.lib : s_copysign.c.obj (.text:copysign)
                  200126e4    0000000c                           : copy_zero_init.c.obj (.text:decompress:ZI:__TI_zero_init)
                  200126f0    0000000c     drivers_cc32xx.a : TimerCC32XX.oem4 (.text:postNotifyFxn)
                  200126fc    0000000c                      : UARTCC32XX.oem4 (.text:postNotifyFxn)
                  20012708    0000000a     nortos_cc32xx.a : ClockPSysTick_nortos.oem4 (.text:ClockP_Params_init)
                  20012712    0000000a                     : ClockPSysTick_nortos.oem4 (.text:ClockP_isActive)
                  2001271c    0000000a     driverlib.a : interrupt.obj (.text:IntMasterDisable)
                  20012726    0000000a     drivers_cc32xx.a : Timer.oem4 (.text:Timer_start)
                  20012730    0000000a                      : UART.oem4 (.text:UART_read)
                  2001273a    0000000a                      : UART.oem4 (.text:UART_write)
                  20012744    00000008                      : I2CCC32XX.oem4 (.text:I2CCC32XX_blockingCallback)
                  2001274c    00000008     rtsv7M4_T_le_eabi.lib : errno.c.obj (.text:__aeabi_errno_addr)
                  20012754    00000008                           : memory.c.obj (.text:malloc)
                  2001275c    00000008     drivers_cc32xx.a : UARTCC32XX.oem4 (.text:readSemCallback)
                  20012764    00000008                      : UARTCC32XX.oem4 (.text:writeSemCallback)
                  2001276c    00000006                      : I2CCC32XX.oem4 (.text:I2CSupport_powerRelConstraint)
                  20012772    00000006                      : I2CCC32XX.oem4 (.text:I2CSupport_powerSetConstraint)
                  20012778    00000006                      : TimerCC32XX.oem4 (.text:TimerCC32XX_control)
                  2001277e    00000006     driverlib.a : utils.obj (.text:UtilsDelay)
                  20012784    00000004     nortos_cc32xx.a : ClockPSysTick_nortos.oem4 (.text:ClockP_setTimeout)
                  20012788    00000004                     : HwiPCC32XX_nortos.oem4 (.text:HwiP_post)
                  2001278c    00000004                     : SemaphoreP_nortos.oem4 (.text:SemaphoreP_delete)
                  20012790    00000004     rtsv7M4_T_le_eabi.lib : pre_init.c.obj (.text:_system_pre_init)
                  20012794    00000004                           : exit.c.obj (.text:abort:abort)

.const     0    20012d58    0000052e     
                  20012d58    00000101     rtsv7M4_T_le_eabi.lib : ctype.c.obj (.const:.string:_ctypes_)
                  20012e59    00000003     --HOLE-- [fill = 0]
                  20012e5c    00000100     driverlib.a : pin.obj (.const:g_ulPinToPadMap)
                  20012f5c    000000a8                 : prcm.obj (.const:PRCM_PeriphRegsList)
                  20013004    00000044     ti_drivers_config.obj (.const:PowerCC32XX_config)
                  20013048    00000028     drivers_cc32xx.a : UARTCC32XX.oem4 (.const:UARTCC32XX_fxnTable)
                  20013070    00000024                      : UART.oem4 (.const:UART_defaultParams)
                  20013094    00000024     ti_drivers_config.obj (.const:uartCC32XXHWAttrs0)
                  200130b8    00000021     drivers_cc32xx.a : GPIOCC32XX.oem4 (.const:.string:pinTable)
                  200130d9    00000003     --HOLE-- [fill = 0]
                  200130dc    00000020                      : TimerCC32XX.oem4 (.const:TimerCC32XX_fxnTable)
                  200130fc    00000020                      : UARTCC32XX.oem4 (.const:staticFxnTable)
                  2001311c    00000018     driverlib.a : interrupt.obj (.const:g_pulEnRegs)
                  20013134    00000018                 : interrupt.obj (.const:g_pulPendRegs)
                  2001314c    00000018     gpiointerrupt.obj (.const:sensors)
                  20013164    00000014     gpiointerrupt.obj (.const:.string:$P$T0$1)
                  20013178    00000014     ti_drivers_config.obj (.const:GPIOCC32XX_config)
                  2001318c    00000014     drivers_cc32xx.a : GPIOCC32XX.oem4 (.const:gpioBaseAddresses)
                  200131a0    00000014     ti_drivers_config.obj (.const:i2cCC32XXHWAttrs)
                  200131b4    00000014     drivers_cc32xx.a : UARTCC32XX.oem4 (.const:parityType)
                  200131c8    00000014                      : GPIOCC32XX.oem4 (.const:powerResources)
                  200131dc    00000010                      : I2C.oem4 (.const:I2C_defaultParams)
                  200131ec    00000010                      : I2CCC32XX.oem4 (.const:I2C_defaultParams)
                  200131fc    00000010                      : UARTCC32XX.oem4 (.const:dataLength)
                  2001320c    00000010     ti_drivers_config.obj (.const:timerCC32XXHWAttrs)
                  2001321c    0000000c     gpiointerrupt.obj (.const:.string)
                  20013228    0000000c     ti_drivers_config.obj (.const:Timer_config)
                  20013234    0000000c     ti_drivers_config.obj (.const:UART_config)
                  20013240    0000000c     drivers_cc32xx.a : Timer.oem4 (.const:defaultParams)
                  2001324c    00000009     ti_drivers_config.obj (.const)
                  20013255    00000003     --HOLE-- [fill = 0]
                  20013258    00000008     ti_drivers_config.obj (.const:I2C_config)
                  20013260    00000008     drivers_cc32xx.a : GPIOCC32XX.oem4 (.const:outPinTypes)
                  20013268    00000008                      : UARTCC32XX.oem4 (.const:stopBits)
                  20013270    00000006                      : GPIOCC32XX.oem4 (.const:.string:interruptType)
                  20013276    00000006                      : GPIOCC32XX.oem4 (.const:inPinTypes)
                  2001327c    00000006                      : GPIOCC32XX.oem4 (.const:outPinStrengths)
                  20013282    00000004                      : GPIOCC32XX.oem4 (.const:.string:portInterruptIds)

.cinit     0    20013690    000000f0     
                  20013690    000000ca     (.cinit..data.load) [load image, compression = lzss]
                  2001375a    00000002     --HOLE-- [fill = 0]
                  2001375c    0000000c     (__TI_handler_table)
                  20013768    00000008     (.cinit..bss.load) [load image, compression = zero_init]
                  20013770    00000010     (__TI_cinit_table)

.init_array 
*          0    20004000    00000000     UNINITIALIZED

.ramVecs   0    20000000    0000030c     NOLOAD SECTION
                  20000000    0000030c     nortos_cc32xx.a : startup_cc32xx_ccs.oem4 (.ramVecs)

.stack     0    20003000    00001000     UNINITIALIZED
                  20003000    00000004     rtsv7M4_T_le_eabi.lib : boot_cortex_m.c.obj (.stack)
                  20003004    00000ffc     --HOLE--

.resetVecs 
*          0    20004000    00000040     
                  20004000    00000040     nortos_cc32xx.a : startup_cc32xx_ccs.oem4 (.resetVecs:retain)

.sysmem    0    20004040    00008000     UNINITIALIZED
                  20004040    00000010     rtsv7M4_T_le_eabi.lib : memory.c.obj (.sysmem)
                  20004050    00007ff0     --HOLE--

.data      0    20012798    000005c0     UNINITIALIZED
                  20012798    0000030c     nortos_cc32xx.a : HwiPCC32XX_nortos.oem4 (.data:HwiP_dispatchTable)
                  20012aa4    0000016c     drivers_cc32xx.a : PowerCC32XX.oem4 (.data:PowerCC32XX_module)
                  20012c10    000000f8     ti_drivers_config.obj (.data:parkInfo)
                  20012d08    0000000c     ti_drivers_config.obj (.data:gpioCallbackFunctions)
                  20012d14    0000000c     ti_drivers_config.obj (.data:gpioPinConfigs)
                  20012d20    00000009     drivers_cc32xx.a : GPIOCC32XX.oem4 (.data)
                  20012d29    00000003     nortos_cc32xx.a : SemaphoreP_nortos.oem4 (.data)
                  20012d2c    00000008     rtsv7M4_T_le_eabi.lib : _lock.c.obj (.data:$O1$$)
                  20012d34    00000008                           : memory.c.obj (.data:$O1$$)
                  20012d3c    00000008     nortos_cc32xx.a : SemaphoreP_nortos.oem4 (.data:SemaphoreP_defaultParams)
                  20012d44    00000008                     : HwiPCC32XX_nortos.oem4 (.data)
                  20012d4c    00000005                     : ClockPSysTick_nortos.oem4 (.data)
                  20012d51    00000001     drivers_cc32xx.a : Timer.oem4 (.data)
                  20012d52    00000001                      : UART.oem4 (.data)
                  20012d53    00000001     gpiointerrupt.obj (.data)
                  20012d54    00000004     rtsv7M4_T_le_eabi.lib : errno.c.obj (.data)

.bss       0    20013288    00000404     UNINITIALIZED
                  20013288    0000012c     (.common:PowerCC32XX_contextSave)
                  200133b4    000000fc     (.common:i2cCC32XXObjects)
                  200134b0    00000084     (.common:uartCC32XXObjects0)
                  20013534    00000040     (.common:output)
                  20013574    00000034     (.common:timerCC32XXObjects)
                  200135a8    00000030     (.common:taskCommands)
                  200135d8    00000020     drivers_cc32xx.a : GPIOCC32XX.oem4 (.bss:gpioCallbackInfo)
                  200135f8    00000020     ti_drivers_config.obj (.bss:uartCC32XXRingBuffer0)
                  20013618    00000020     (.common:i2cTransaction)
                  20013638    00000014     drivers_cc32xx.a : GPIOCC32XX.oem4 (.bss:powerNotifyObj)
                  2001364c    00000004                      : GPIOCC32XX.oem4 (.bss)
                  20013650    00000010     (.common:ClockP_ctrl)
                  20013660    0000000d     nortos_cc32xx.a : SwiP_nortos.oem4 (.bss)
                  2001366d    00000001     (.common:toggleHeat)
                  2001366e    00000002     (.common:temperature)
                  20013670    00000004                     : ClockPSysTick_nortos.oem4 (.bss)
                  20013674    00000004     drivers_cc32xx.a : TimerCC32XX.oem4 (.bss:timerState)
                  20013678    00000004     (.common:i2c)
                  2001367c    00000004     (.common:rxBuffer)
                  20013680    00000004     (.common:timer0)
                  20013684    00000004     (.common:txBuffer)
                  20013688    00000004     (.common:uart)

.log_data 
*          0    90000000    00000000     COPY SECTION

__llvm_prf_cnts 
*          0    20004000    00000000     UNINITIALIZED

MODULE SUMMARY

       Module                       code    ro data   rw data
       ------                       ----    -------   -------
    .\
       gpiointerrupt.obj            1944    56        168    
       main_nortos.obj              18      0         0      
    +--+----------------------------+-------+---------+---------+
       Total:                       1962    56        168    
                                                             
    .\syscfg\
       ti_drivers_config.obj        18      201       740    
    +--+----------------------------+-------+---------+---------+
       Total:                       18      201       740    
                                                             
    C:/ti/simplelink_cc32xx_sdk_4_30_00_06/kernel/nortos/lib/ccs/m4/nortos_cc32xx.a
       HwiPCC32XX_nortos.oem4       394     0         788    
       startup_cc32xx_ccs.oem4      90      64        780    
       ClockPSysTick_nortos.oem4    702     0         25     
       PowerCC32XX_nortos.oem4      472     0         0      
       SemaphoreP_nortos.oem4       408     0         11     
       SwiP_nortos.oem4             96      0         13     
    +--+----------------------------+-------+---------+---------+
       Total:                       2162    64        1617   
                                                             
    C:/ti/simplelink_cc32xx_sdk_4_30_00_06/source/ti/devices/cc32xx/driverlib/ccs/Release/driverlib.a
       prcm.obj                     1604    168       0      
       pin.obj                      280     256       0      
       interrupt.obj                334     48        0      
       i2c.obj                      318     0         0      
       timer.obj                    264     0         0      
       flash.obj                    72      0         0      
       uart.obj                     48      0         0      
       cpu.obj                      20      0         0      
       utils.obj                    6       0         0      
    +--+----------------------------+-------+---------+---------+
       Total:                       2946    472       0      
                                                             
    C:/ti/simplelink_cc32xx_sdk_4_30_00_06/source/ti/drivers/lib/ccs/m4/drivers_cc32xx.a
       UARTCC32XX.oem4              3466    116       0      
       PowerCC32XX.oem4             2432    0         664    
       I2CCC32XX.oem4               1452    16        0      
       GPIOCC32XX.oem4              1208    103       65     
       TimerCC32XX.oem4             1132    32        4      
       I2C.oem4                     366     16        0      
       UART.oem4                    176     36        1      
       RingBuf.oem4                 198     0         0      
       Timer.oem4                   158     12        1      
       PowerCC32XX_asm.oem4         150     0         0      
       List.oem4                    76      0         0      
    +--+----------------------------+-------+---------+---------+
       Total:                       10814   331       735    
                                                             
    C:\ti\ccs1110\ccs\tools\compiler\ti-cgt-arm_20.2.6.LTS\lib\rtsv7M4_T_le_eabi.lib
       _printfi.c.obj               4835    0         0      
       memory.c.obj                 672     0         8      
       fd_add_t2.asm.obj            438     0         0      
       fd_div_t2.asm.obj            310     0         0      
       fd_cmp_t2.asm.obj            268     0         0      
       ctype.c.obj                  0       257       0      
       fd_mul_t2.asm.obj            252     0         0      
       s_scalbn.c.obj               208     0         0      
       memcpy_t2.asm.obj            156     0         0      
       ull_div_t2.asm.obj           150     0         0      
       snprintf.c.obj               148     0         0      
       fs_mul_t2.asm.obj            122     0         0      
       memset_t2.asm.obj            122     0         0      
       copy_decompress_lzss.c.obj   104     0         0      
       s_frexp.c.obj                92      0         0      
       _ltoa.c.obj                  84      0         0      
       atoi.c.obj                   76      0         0      
       fd_toi_t2.asm.obj            72      0         0      
       autoinit.c.obj               68      0         0      
       fs_toi_t2.asm.obj            56      0         0      
       i_tofs_t2.asm.obj            56      0         0      
       i_tofd_t2.asm.obj            46      0         0      
       boot_cortex_m.c.obj          36      0         0      
       memccpy.c.obj                28      0         0      
       ll_mul_t2.asm.obj            24      0         0      
       strchr.c.obj                 22      0         0      
       strlen.c.obj                 20      0         0      
       wcslen.c.obj                 18      0         0      
       copy_decompress_none.c.obj   14      0         0      
       copy_zero_init.c.obj         12      0         0      
       errno.c.obj                  8       0         4      
       s_copysign.c.obj             12      0         0      
       _lock.c.obj                  2       0         8      
       exit.c.obj                   4       0         0      
       pre_init.c.obj               4       0         0      
       div0.asm.obj                 2       0         0      
    +--+----------------------------+-------+---------+---------+
       Total:                       8541    257       20     
                                                             
       Heap:                        0       0         32768  
       Stack:                       0       0         4096   
       Linker Generated:            0       238       0      
    +--+----------------------------+-------+---------+---------+
       Grand Total:                 26443   1619      40144  


LINKER GENERATED COPY TABLES

__TI_cinit_table @ 20013770 records: 2, size/record: 8, table size: 16
	.data: load addr=20013690, load size=000000ca bytes, run addr=20012798, run size=000005c0 bytes, compression=lzss
	.bss: load addr=20013768, load size=00000008 bytes, run addr=20013288, run size=00000404 bytes, compression=zero_init


LINKER GENERATED HANDLER TABLE

__TI_handler_table @ 2001375c records: 3, size/record: 4, table size: 12
	index: 0, handler: __TI_decompress_lzss
	index: 1, handler: __TI_decompress_none
	index: 2, handler: __TI_zero_init


GLOBAL SYMBOLS: SORTED ALPHABETICALLY BY Name 

address   name                             
-------   ----                             
20012571  Board_init                       
2000ca8f  Board_initHook                   
20012795  C$$EXIT                          
2001324c  CONFIG_GPIO_BUTTON_0_CONST       
2001324d  CONFIG_GPIO_BUTTON_1_CONST       
2001324e  CONFIG_GPIO_LED_0_CONST          
2001324f  CONFIG_I2C_0_CONST               
20013251  CONFIG_TIMER_0_CONST             
20013253  CONFIG_UART_0_CONST              
2001244f  CPUcpsid                         
20012709  ClockP_Params_init               
20012581  ClockP_add                       
200116e9  ClockP_construct                 
200121e1  ClockP_create                    
20013650  ClockP_ctrl                      
20012591  ClockP_delete                    
200118a9  ClockP_destruct                  
20010f91  ClockP_doTick                    
200125a1  ClockP_getCpuFreq                
200125b1  ClockP_getSystemTicks            
20011b89  ClockP_getTicksUntilInterrupt    
20012713  ClockP_isActive                  
200125c1  ClockP_setTicks                  
20012785  ClockP_setTimeout                
20011cf5  ClockP_start                     
20011bbd  ClockP_startup                   
20011485  ClockP_stop                      
20010f91  ClockP_sysTickHandler            
20012d4c  ClockP_tickPeriod                
20011249  FlashDisable                     
20013178  GPIOCC32XX_config                
20011081  GPIO_enableInt                   
20010551  GPIO_hwiIntFxn                   
2000f169  GPIO_init                        
20010ad5  GPIO_setCallback                 
2000d811  GPIO_setConfig                   
20010be9  GPIO_write                       
20012505  HwiP_Params_init                 
20012651  HwiP_clearInterrupt              
2000fead  HwiP_construct                   
20011e11  HwiP_create                      
200125d1  HwiP_delete                      
20012057  HwiP_destruct                    
2001265f  HwiP_disable                     
2001266d  HwiP_disableInterrupt            
20011fc9  HwiP_dispatch                    
2001267b  HwiP_enable                      
20012689  HwiP_enableInterrupt             
20012465  HwiP_inISR                       
20012d44  HwiP_key                         
20012789  HwiP_post                        
200125e1  HwiP_restore                     
20012d48  HwiP_swiPIntNum                  
20011f31  I2CFIFODataGetNonBlocking        
20011e8f  I2CFIFODataPutNonBlocking        
200125f1  I2CFIFOStatus                    
200123e1  I2CMasterBurstLengthSet          
2001222f  I2CMasterBusBusy                 
20012517  I2CMasterIntClearEx              
20012247  I2CMasterIntDisableEx            
2001225f  I2CMasterIntEnableEx             
200120f9  I2CMasterIntStatusEx             
20012035  I2CMasterSlaveAddrSet            
20012277  I2CRxFIFOFlush                   
20012479  I2CSupport_masterFinish          
2001276d  I2CSupport_powerRelConstraint    
20012773  I2CSupport_powerSetConstraint    
2001080b  I2CSupport_primeTransfer         
2001228f  I2CTxFIFOFlush                   
20012601  I2C_Params_init                  
20011f57  I2C_cancel                       
20013258  I2C_config                       
20013250  I2C_count                        
200131dc  I2C_defaultParams                
2000dd77  I2C_init                         
2000ebfd  I2C_open                         
2001248d  I2C_transfer                     
2000e679  I2C_transferTimeout              
UNDEFED   ITM_flush                        
UNDEFED   ITM_restore                      
2000f881  IntEnable                        
2001271d  IntMasterDisable                 
2000ff39  IntPendSet                       
200124a1  IntVTableBaseSet                 
20011f7d  List_put                         
20011fa3  List_remove                      
2001267b  NoRTOS_start                     
2000ca91  PRCMCC3200MCUInit                
200123f7  PRCMHIBRegRead                   
2001240d  PRCMHIBRegWrite                  
20011291  PRCMLPDSEnter                    
20011995  PRCMLPDSEnterKeepDebugIf         
200114c9  PRCMLPDSRestoreInfoSet           
20011eb9  PRCMPeripheralClkDisable         
200112d9  PRCMPeripheralClkEnable          
20010c41  PRCMPeripheralReset              
20010a75  PRCMSysResetCauseGet             
2000ffc1  PinConfigSet                     
20011bf1  PinModeGet                       
20011729  PinModeSet                       
20012171  PinToPadGet                      
20013004  PowerCC32XX_config               
2000f929  PowerCC32XX_configureWakeup      
20013288  PowerCC32XX_contextSave          
2001150d  PowerCC32XX_enterLPDS            
20011de5  PowerCC32XX_getParkState         
2000e54f  PowerCC32XX_initPolicy           
20012aa4  PowerCC32XX_module               
20011119  PowerCC32XX_parkPin              
20011fed  PowerCC32XX_reset                
20011c25  PowerCC32XX_restoreParkState     
20011d25  PowerCC32XX_restoreParkedPin     
20010e99  PowerCC32XX_resumeLPDS           
200109ad  PowerCC32XX_setParkState         
2000dd79  PowerCC32XX_sleepPolicy          
200124b5  Power_disablePolicy              
20012611  Power_enablePolicy               
200126cd  Power_getConstraintMask          
200124c9  Power_getDependencyCount         
200122a9  Power_getTransitionLatency       
200122c1  Power_idleFunc                   
200101dd  Power_init                       
20011ee1  Power_registerNotify             
20011321  Power_releaseConstraint          
20010c99  Power_releaseDependency          
200118e5  Power_setConstraint              
200102e5  Power_setDependency              
2000e2e1  Power_sleep                      
20012079  Power_unregisterNotify           
20012529  RingBuf_construct                
20011769  RingBuf_get                      
200126a5  RingBuf_isFull                   
20012099  RingBuf_peek                     
200113f9  RingBuf_put                      
20012621  SemaphoreP_Params_init           
20010fe1  SemaphoreP_construct             
20012117  SemaphoreP_constructBinary       
20012423  SemaphoreP_create                
200121fb  SemaphoreP_createBinary          
20012d3c  SemaphoreP_defaultParams         
2001278d  SemaphoreP_delete                
2000fb15  SemaphoreP_pend                  
20011551  SemaphoreP_post                  
2001218d  SwiP_disable                     
20011595  SwiP_restore                     
20011031  TimerCC32XX_allocateTimerResource
20011921  TimerCC32XX_close                
20012779  TimerCC32XX_control              
20011c59  TimerCC32XX_freeTimerResource    
200130dc  TimerCC32XX_fxnTable             
200122d9  TimerCC32XX_getCount             
2000e79b  TimerCC32XX_init                 
2000e551  TimerCC32XX_open                 
20010049  TimerCC32XX_setPeriod            
200105c9  TimerCC32XX_start                
20010cf1  TimerCC32XX_stop                 
20011b1d  TimerControlStall                
20012135  TimerDisable                     
20012153  TimerEnable                      
20012d53  TimerFlag                        
2001253b  TimerIntClear                    
200122f1  TimerIntDisable                  
20012309  TimerIntEnable                   
20011e3b  TimerLoadSet                     
20011e65  TimerPrescaleSet                 
20012631  Timer_Params_init                
20013228  Timer_config                     
20013252  Timer_count                      
200115d9  Timer_init                       
200117a9  Timer_open                       
20012727  Timer_start                      
20012321  UARTBusy                         
2000e79d  UARTCC32XX_close                 
2000edf5  UARTCC32XX_control               
20013048  UARTCC32XX_fxnTable              
2000eee7  UARTCC32XX_init                  
2000cebd  UARTCC32XX_open                  
200117e9  UARTCC32XX_read                  
20011b53  UARTCC32XX_readCancel            
2000f2ed  UARTCC32XX_readPolling           
2000f09d  UARTCC32XX_write                 
20010945  UARTCC32XX_writeCancel           
20010a11  UARTCC32XX_writePolling          
20012339  UARTIntEnable                    
20012351  UART_Params_init                 
20013234  UART_config                      
20013254  UART_count                       
20013070  UART_defaultParams               
2001161d  UART_init                        
20011829  UART_open                        
20012731  UART_read                        
2001273b  UART_write                       
2001277f  UtilsDelay                       
20004000  __STACK_END                      
00001000  __STACK_SIZE                     
00008000  __SYSMEM_SIZE                    
20013770  __TI_CINIT_Base                  
20013780  __TI_CINIT_Limit                 
2001375c  __TI_Handler_Table_Base          
20013768  __TI_Handler_Table_Limit         
20011661  __TI_auto_init_nobinit_nopinit   
20010875  __TI_decompress_lzss             
200126b3  __TI_decompress_none             
20010d9d  __TI_ltoa                        
ffffffff  __TI_pprof_out_hndl              
2000c041  __TI_printfi                     
ffffffff  __TI_prof_data_size              
ffffffff  __TI_prof_data_start             
20013690  __TI_static_base__               
200126e5  __TI_zero_init                   
200100d1  __aeabi_cdcmpeq                  
200100d1  __aeabi_cdcmple                  
20010157  __aeabi_cdrcmple                 
200113b1  __aeabi_d2iz                     
2000dbcb  __aeabi_dadd                     
2000e419  __aeabi_ddiv                     
2000ecf9  __aeabi_dmul                     
2000dbc1  __aeabi_dsub                     
2001274d  __aeabi_errno_addr               
20011aad  __aeabi_f2iz                     
2001045b  __aeabi_fmul                     
20011db5  __aeabi_i2d                      
20011ae5  __aeabi_i2f                      
20010f8f  __aeabi_idiv0                    
20010f8f  __aeabi_ldiv0                    
200123b1  __aeabi_lmul                     
200104d5  __aeabi_memclr                   
200104d5  __aeabi_memclr4                  
200104d5  __aeabi_memclr8                  
2000fc51  __aeabi_memcpy                   
2000fc51  __aeabi_memcpy4                  
2000fc51  __aeabi_memcpy8                  
200104d7  __aeabi_memset                   
200104d7  __aeabi_memset4                  
200104d7  __aeabi_memset8                  
2000fd85  __aeabi_uldivmod                 
ffffffff  __binit__                        
ffffffff  __c_args__                       
UNDEFED   __mpu_init                       
20003000  __stack                          
20004000  __start___llvm_prf_cnts          
20004000  __stop___llvm_prf_cnts           
20012011  _c_int00_noargs                  
20012d58  _ctypes_                         
20012d2c  _lock                            
2000f167  _nop                             
20004040  _sys_memory                      
UNDEFED   _system_post_cinit               
20012791  _system_pre_init                 
20012d30  _unlock                          
20012795  abort                            
2000eafd  aligned_alloc                    
20011165  atoi                             
ffffffff  binit                            
20011c8d  checkButton                      
20011369  checkTemp                        
20011d85  checkTemperature                 
2000fe1b  clkFxn                           
200126d9  copysign                         
200126d9  copysignl                        
20012d54  errno                            
2000eee9  free                             
20010b31  frexp                            
20010b31  frexpl                           
20012381  gpioButtonFxn0                   
20012399  gpioButtonFxn1                   
20012d08  gpioCallbackFunctions            
20012d14  gpioPinConfigs                   
20013678  i2c                              
200131a0  i2cCC32XXHWAttrs                 
200133b4  i2cCC32XXObjects                 
20013618  i2cTransaction                   
20013276  inPinTypes                       
2000d3ad  initI2C                          
20010df1  initTimer                        
200116a5  initUART                         
20011a3d  initVectors                      
2000efcd  ldexp                            
2000efcd  ldexpl                           
2001254d  main                             
2000d5fd  mainThread                       
20012755  malloc                           
2000eafd  memalign                         
200121c5  memccpy                          
2000fc51  memcpy                           
200104dd  memset                           
2001327c  outPinStrengths                  
20013260  outPinTypes                      
20013534  output                           
20012c10  parkInfo                         
200108dd  printDisplay                     
2000e9dd  readTemp                         
20012215  resetISR                         
20012228  resetVectorAddr                  
20004000  resetVectors                     
2001367c  rxBuffer                         
2000efcd  scalbn                           
2000efcd  scalbnl                          
200111fd  snprintf                         
20012439  strchr                           
200124f1  strlen                           
200135a8  taskCommands                     
2001366e  temperature                      
20013680  timer0                           
2001320c  timerCC32XXHWAttrs               
20013574  timerCC32XXObjects               
200123c9  timerCallback                    
2001366d  toggleHeat                       
200120d9  toggleLED                        
20013684  txBuffer                         
20013688  uart                             
200134b0  uartCC32XXObjects0               
2001255f  wcslen                           


GLOBAL SYMBOLS: SORTED BY Symbol Address 

address   name                             
-------   ----                             
00001000  __STACK_SIZE                     
00008000  __SYSMEM_SIZE                    
20003000  __stack                          
20004000  __STACK_END                      
20004000  __start___llvm_prf_cnts          
20004000  __stop___llvm_prf_cnts           
20004000  resetVectors                     
20004040  _sys_memory                      
2000c041  __TI_printfi                     
2000ca8f  Board_initHook                   
2000ca91  PRCMCC3200MCUInit                
2000cebd  UARTCC32XX_open                  
2000d3ad  initI2C                          
2000d5fd  mainThread                       
2000d811  GPIO_setConfig                   
2000dbc1  __aeabi_dsub                     
2000dbcb  __aeabi_dadd                     
2000dd77  I2C_init                         
2000dd79  PowerCC32XX_sleepPolicy          
2000e2e1  Power_sleep                      
2000e419  __aeabi_ddiv                     
2000e54f  PowerCC32XX_initPolicy           
2000e551  TimerCC32XX_open                 
2000e679  I2C_transferTimeout              
2000e79b  TimerCC32XX_init                 
2000e79d  UARTCC32XX_close                 
2000e9dd  readTemp                         
2000eafd  aligned_alloc                    
2000eafd  memalign                         
2000ebfd  I2C_open                         
2000ecf9  __aeabi_dmul                     
2000edf5  UARTCC32XX_control               
2000eee7  UARTCC32XX_init                  
2000eee9  free                             
2000efcd  ldexp                            
2000efcd  ldexpl                           
2000efcd  scalbn                           
2000efcd  scalbnl                          
2000f09d  UARTCC32XX_write                 
2000f167  _nop                             
2000f169  GPIO_init                        
2000f2ed  UARTCC32XX_readPolling           
2000f881  IntEnable                        
2000f929  PowerCC32XX_configureWakeup      
2000fb15  SemaphoreP_pend                  
2000fc51  __aeabi_memcpy                   
2000fc51  __aeabi_memcpy4                  
2000fc51  __aeabi_memcpy8                  
2000fc51  memcpy                           
2000fd85  __aeabi_uldivmod                 
2000fe1b  clkFxn                           
2000fead  HwiP_construct                   
2000ff39  IntPendSet                       
2000ffc1  PinConfigSet                     
20010049  TimerCC32XX_setPeriod            
200100d1  __aeabi_cdcmpeq                  
200100d1  __aeabi_cdcmple                  
20010157  __aeabi_cdrcmple                 
200101dd  Power_init                       
200102e5  Power_setDependency              
2001045b  __aeabi_fmul                     
200104d5  __aeabi_memclr                   
200104d5  __aeabi_memclr4                  
200104d5  __aeabi_memclr8                  
200104d7  __aeabi_memset                   
200104d7  __aeabi_memset4                  
200104d7  __aeabi_memset8                  
200104dd  memset                           
20010551  GPIO_hwiIntFxn                   
200105c9  TimerCC32XX_start                
2001080b  I2CSupport_primeTransfer         
20010875  __TI_decompress_lzss             
200108dd  printDisplay                     
20010945  UARTCC32XX_writeCancel           
200109ad  PowerCC32XX_setParkState         
20010a11  UARTCC32XX_writePolling          
20010a75  PRCMSysResetCauseGet             
20010ad5  GPIO_setCallback                 
20010b31  frexp                            
20010b31  frexpl                           
20010be9  GPIO_write                       
20010c41  PRCMPeripheralReset              
20010c99  Power_releaseDependency          
20010cf1  TimerCC32XX_stop                 
20010d9d  __TI_ltoa                        
20010df1  initTimer                        
20010e99  PowerCC32XX_resumeLPDS           
20010f8f  __aeabi_idiv0                    
20010f8f  __aeabi_ldiv0                    
20010f91  ClockP_doTick                    
20010f91  ClockP_sysTickHandler            
20010fe1  SemaphoreP_construct             
20011031  TimerCC32XX_allocateTimerResource
20011081  GPIO_enableInt                   
20011119  PowerCC32XX_parkPin              
20011165  atoi                             
200111fd  snprintf                         
20011249  FlashDisable                     
20011291  PRCMLPDSEnter                    
200112d9  PRCMPeripheralClkEnable          
20011321  Power_releaseConstraint          
20011369  checkTemp                        
200113b1  __aeabi_d2iz                     
200113f9  RingBuf_put                      
20011485  ClockP_stop                      
200114c9  PRCMLPDSRestoreInfoSet           
2001150d  PowerCC32XX_enterLPDS            
20011551  SemaphoreP_post                  
20011595  SwiP_restore                     
200115d9  Timer_init                       
2001161d  UART_init                        
20011661  __TI_auto_init_nobinit_nopinit   
200116a5  initUART                         
200116e9  ClockP_construct                 
20011729  PinModeSet                       
20011769  RingBuf_get                      
200117a9  Timer_open                       
200117e9  UARTCC32XX_read                  
20011829  UART_open                        
200118a9  ClockP_destruct                  
200118e5  Power_setConstraint              
20011921  TimerCC32XX_close                
20011995  PRCMLPDSEnterKeepDebugIf         
20011a3d  initVectors                      
20011aad  __aeabi_f2iz                     
20011ae5  __aeabi_i2f                      
20011b1d  TimerControlStall                
20011b53  UARTCC32XX_readCancel            
20011b89  ClockP_getTicksUntilInterrupt    
20011bbd  ClockP_startup                   
20011bf1  PinModeGet                       
20011c25  PowerCC32XX_restoreParkState     
20011c59  TimerCC32XX_freeTimerResource    
20011c8d  checkButton                      
20011cf5  ClockP_start                     
20011d25  PowerCC32XX_restoreParkedPin     
20011d85  checkTemperature                 
20011db5  __aeabi_i2d                      
20011de5  PowerCC32XX_getParkState         
20011e11  HwiP_create                      
20011e3b  TimerLoadSet                     
20011e65  TimerPrescaleSet                 
20011e8f  I2CFIFODataPutNonBlocking        
20011eb9  PRCMPeripheralClkDisable         
20011ee1  Power_registerNotify             
20011f31  I2CFIFODataGetNonBlocking        
20011f57  I2C_cancel                       
20011f7d  List_put                         
20011fa3  List_remove                      
20011fc9  HwiP_dispatch                    
20011fed  PowerCC32XX_reset                
20012011  _c_int00_noargs                  
20012035  I2CMasterSlaveAddrSet            
20012057  HwiP_destruct                    
20012079  Power_unregisterNotify           
20012099  RingBuf_peek                     
200120d9  toggleLED                        
200120f9  I2CMasterIntStatusEx             
20012117  SemaphoreP_constructBinary       
20012135  TimerDisable                     
20012153  TimerEnable                      
20012171  PinToPadGet                      
2001218d  SwiP_disable                     
200121c5  memccpy                          
200121e1  ClockP_create                    
200121fb  SemaphoreP_createBinary          
20012215  resetISR                         
20012228  resetVectorAddr                  
2001222f  I2CMasterBusBusy                 
20012247  I2CMasterIntDisableEx            
2001225f  I2CMasterIntEnableEx             
20012277  I2CRxFIFOFlush                   
2001228f  I2CTxFIFOFlush                   
200122a9  Power_getTransitionLatency       
200122c1  Power_idleFunc                   
200122d9  TimerCC32XX_getCount             
200122f1  TimerIntDisable                  
20012309  TimerIntEnable                   
20012321  UARTBusy                         
20012339  UARTIntEnable                    
20012351  UART_Params_init                 
20012381  gpioButtonFxn0                   
20012399  gpioButtonFxn1                   
200123b1  __aeabi_lmul                     
200123c9  timerCallback                    
200123e1  I2CMasterBurstLengthSet          
200123f7  PRCMHIBRegRead                   
2001240d  PRCMHIBRegWrite                  
20012423  SemaphoreP_create                
20012439  strchr                           
2001244f  CPUcpsid                         
20012465  HwiP_inISR                       
20012479  I2CSupport_masterFinish          
2001248d  I2C_transfer                     
200124a1  IntVTableBaseSet                 
200124b5  Power_disablePolicy              
200124c9  Power_getDependencyCount         
200124f1  strlen                           
20012505  HwiP_Params_init                 
20012517  I2CMasterIntClearEx              
20012529  RingBuf_construct                
2001253b  TimerIntClear                    
2001254d  main                             
2001255f  wcslen                           
20012571  Board_init                       
20012581  ClockP_add                       
20012591  ClockP_delete                    
200125a1  ClockP_getCpuFreq                
200125b1  ClockP_getSystemTicks            
200125c1  ClockP_setTicks                  
200125d1  HwiP_delete                      
200125e1  HwiP_restore                     
200125f1  I2CFIFOStatus                    
20012601  I2C_Params_init                  
20012611  Power_enablePolicy               
20012621  SemaphoreP_Params_init           
20012631  Timer_Params_init                
20012651  HwiP_clearInterrupt              
2001265f  HwiP_disable                     
2001266d  HwiP_disableInterrupt            
2001267b  HwiP_enable                      
2001267b  NoRTOS_start                     
20012689  HwiP_enableInterrupt             
200126a5  RingBuf_isFull                   
200126b3  __TI_decompress_none             
200126cd  Power_getConstraintMask          
200126d9  copysign                         
200126d9  copysignl                        
200126e5  __TI_zero_init                   
20012709  ClockP_Params_init               
20012713  ClockP_isActive                  
2001271d  IntMasterDisable                 
20012727  Timer_start                      
20012731  UART_read                        
2001273b  UART_write                       
2001274d  __aeabi_errno_addr               
20012755  malloc                           
2001276d  I2CSupport_powerRelConstraint    
20012773  I2CSupport_powerSetConstraint    
20012779  TimerCC32XX_control              
2001277f  UtilsDelay                       
20012785  ClockP_setTimeout                
20012789  HwiP_post                        
2001278d  SemaphoreP_delete                
20012791  _system_pre_init                 
20012795  C$$EXIT                          
20012795  abort                            
20012aa4  PowerCC32XX_module               
20012c10  parkInfo                         
20012d08  gpioCallbackFunctions            
20012d14  gpioPinConfigs                   
20012d2c  _lock                            
20012d30  _unlock                          
20012d3c  SemaphoreP_defaultParams         
20012d44  HwiP_key                         
20012d48  HwiP_swiPIntNum                  
20012d4c  ClockP_tickPeriod                
20012d53  TimerFlag                        
20012d54  errno                            
20012d58  _ctypes_                         
20013004  PowerCC32XX_config               
20013048  UARTCC32XX_fxnTable              
20013070  UART_defaultParams               
200130dc  TimerCC32XX_fxnTable             
20013178  GPIOCC32XX_config                
200131a0  i2cCC32XXHWAttrs                 
200131dc  I2C_defaultParams                
2001320c  timerCC32XXHWAttrs               
20013228  Timer_config                     
20013234  UART_config                      
2001324c  CONFIG_GPIO_BUTTON_0_CONST       
2001324d  CONFIG_GPIO_BUTTON_1_CONST       
2001324e  CONFIG_GPIO_LED_0_CONST          
2001324f  CONFIG_I2C_0_CONST               
20013250  I2C_count                        
20013251  CONFIG_TIMER_0_CONST             
20013252  Timer_count                      
20013253  CONFIG_UART_0_CONST              
20013254  UART_count                       
20013258  I2C_config                       
20013260  outPinTypes                      
20013276  inPinTypes                       
2001327c  outPinStrengths                  
20013288  PowerCC32XX_contextSave          
200133b4  i2cCC32XXObjects                 
200134b0  uartCC32XXObjects0               
20013534  output                           
20013574  timerCC32XXObjects               
200135a8  taskCommands                     
20013618  i2cTransaction                   
20013650  ClockP_ctrl                      
2001366d  toggleHeat                       
2001366e  temperature                      
20013678  i2c                              
2001367c  rxBuffer                         
20013680  timer0                           
20013684  txBuffer                         
20013688  uart                             
20013690  __TI_static_base__               
2001375c  __TI_Handler_Table_Base          
20013768  __TI_Handler_Table_Limit         
20013770  __TI_CINIT_Base                  
20013780  __TI_CINIT_Limit                 
ffffffff  __TI_pprof_out_hndl              
ffffffff  __TI_prof_data_size              
ffffffff  __TI_prof_data_start             
ffffffff  __binit__                        
ffffffff  __c_args__                       
ffffffff  binit                            
UNDEFED   ITM_flush                        
UNDEFED   ITM_restore                      
UNDEFED   __mpu_init                       
UNDEFED   _system_post_cinit               

[313 symbols]
