<?xml version="1.0" encoding="ISO-8859-1" ?>
<link_info>
   <banner>TI ARM Linker PC v20.2.6.LTS</banner>
   <copyright>Copyright (c) 1996-2018 Texas Instruments Incorporated</copyright>
   <link_time>0x625ba792</link_time>
   <link_errors>0x0</link_errors>
   <output_file>gpiointerrupt_CC3220S_LAUNCHXL_nortos_ccs.out</output_file>
   <entry_point>
      <name>resetISR</name>
      <address>0x20012215</address>
   </entry_point>
   <input_file_list>
      <input_file id="fl-2">
         <path>.\</path>
         <kind>object</kind>
         <file>gpiointerrupt.obj</file>
         <name>gpiointerrupt.obj</name>
      </input_file>
      <input_file id="fl-3">
         <path>.\syscfg\</path>
         <kind>object</kind>
         <file>ti_drivers_config.obj</file>
         <name>ti_drivers_config.obj</name>
      </input_file>
      <input_file id="fl-4">
         <path>.\</path>
         <kind>object</kind>
         <file>main_nortos.obj</file>
         <name>main_nortos.obj</name>
      </input_file>
      <input_file id="fl-d">
         <kind>object</kind>
         <file>&lt;internal&gt;</file>
         <name>&lt;internal&gt;</name>
      </input_file>
      <input_file id="fl-e">
         <path>C:\ti\simplelink_cc32xx_sdk_4_30_00_06\source\ti\drivers\lib\ccs\m4\</path>
         <kind>archive</kind>
         <file>drivers_cc32xx.a</file>
         <name>I2C.oem4</name>
      </input_file>
      <input_file id="fl-f">
         <path>C:\ti\simplelink_cc32xx_sdk_4_30_00_06\source\ti\drivers\lib\ccs\m4\</path>
         <kind>archive</kind>
         <file>drivers_cc32xx.a</file>
         <name>Timer.oem4</name>
      </input_file>
      <input_file id="fl-10">
         <path>C:\ti\simplelink_cc32xx_sdk_4_30_00_06\source\ti\drivers\lib\ccs\m4\</path>
         <kind>archive</kind>
         <file>drivers_cc32xx.a</file>
         <name>UART.oem4</name>
      </input_file>
      <input_file id="fl-11">
         <path>C:\ti\simplelink_cc32xx_sdk_4_30_00_06\source\ti\drivers\lib\ccs\m4\</path>
         <kind>archive</kind>
         <file>drivers_cc32xx.a</file>
         <name>GPIOCC32XX.oem4</name>
      </input_file>
      <input_file id="fl-12">
         <path>C:\ti\simplelink_cc32xx_sdk_4_30_00_06\source\ti\drivers\lib\ccs\m4\</path>
         <kind>archive</kind>
         <file>drivers_cc32xx.a</file>
         <name>I2CCC32XX.oem4</name>
      </input_file>
      <input_file id="fl-13">
         <path>C:\ti\simplelink_cc32xx_sdk_4_30_00_06\source\ti\drivers\lib\ccs\m4\</path>
         <kind>archive</kind>
         <file>drivers_cc32xx.a</file>
         <name>PowerCC32XX.oem4</name>
      </input_file>
      <input_file id="fl-14">
         <path>C:\ti\simplelink_cc32xx_sdk_4_30_00_06\source\ti\drivers\lib\ccs\m4\</path>
         <kind>archive</kind>
         <file>drivers_cc32xx.a</file>
         <name>PowerCC32XX_asm.oem4</name>
      </input_file>
      <input_file id="fl-15">
         <path>C:\ti\simplelink_cc32xx_sdk_4_30_00_06\source\ti\drivers\lib\ccs\m4\</path>
         <kind>archive</kind>
         <file>drivers_cc32xx.a</file>
         <name>TimerCC32XX.oem4</name>
      </input_file>
      <input_file id="fl-16">
         <path>C:\ti\simplelink_cc32xx_sdk_4_30_00_06\source\ti\drivers\lib\ccs\m4\</path>
         <kind>archive</kind>
         <file>drivers_cc32xx.a</file>
         <name>UARTCC32XX.oem4</name>
      </input_file>
      <input_file id="fl-17">
         <path>C:\ti\simplelink_cc32xx_sdk_4_30_00_06\source\ti\drivers\lib\ccs\m4\</path>
         <kind>archive</kind>
         <file>drivers_cc32xx.a</file>
         <name>List.oem4</name>
      </input_file>
      <input_file id="fl-18">
         <path>C:\ti\simplelink_cc32xx_sdk_4_30_00_06\source\ti\drivers\lib\ccs\m4\</path>
         <kind>archive</kind>
         <file>drivers_cc32xx.a</file>
         <name>RingBuf.oem4</name>
      </input_file>
      <input_file id="fl-19">
         <path>C:\ti\simplelink_cc32xx_sdk_4_30_00_06\kernel\nortos\lib\ccs\m4\</path>
         <kind>archive</kind>
         <file>nortos_cc32xx.a</file>
         <name>NoRTOS.oem4</name>
      </input_file>
      <input_file id="fl-1a">
         <path>C:\ti\simplelink_cc32xx_sdk_4_30_00_06\kernel\nortos\lib\ccs\m4\</path>
         <kind>archive</kind>
         <file>nortos_cc32xx.a</file>
         <name>SemaphoreP_nortos.oem4</name>
      </input_file>
      <input_file id="fl-1b">
         <path>C:\ti\simplelink_cc32xx_sdk_4_30_00_06\kernel\nortos\lib\ccs\m4\</path>
         <kind>archive</kind>
         <file>nortos_cc32xx.a</file>
         <name>ClockPSysTick_nortos.oem4</name>
      </input_file>
      <input_file id="fl-1c">
         <path>C:\ti\simplelink_cc32xx_sdk_4_30_00_06\kernel\nortos\lib\ccs\m4\</path>
         <kind>archive</kind>
         <file>nortos_cc32xx.a</file>
         <name>HwiPCC32XX_nortos.oem4</name>
      </input_file>
      <input_file id="fl-1d">
         <path>C:\ti\simplelink_cc32xx_sdk_4_30_00_06\kernel\nortos\lib\ccs\m4\</path>
         <kind>archive</kind>
         <file>nortos_cc32xx.a</file>
         <name>PowerCC32XX_nortos.oem4</name>
      </input_file>
      <input_file id="fl-1e">
         <path>C:\ti\simplelink_cc32xx_sdk_4_30_00_06\kernel\nortos\lib\ccs\m4\</path>
         <kind>archive</kind>
         <file>nortos_cc32xx.a</file>
         <name>startup_cc32xx_ccs.oem4</name>
      </input_file>
      <input_file id="fl-1f">
         <path>C:\ti\simplelink_cc32xx_sdk_4_30_00_06\kernel\nortos\lib\ccs\m4\</path>
         <kind>archive</kind>
         <file>nortos_cc32xx.a</file>
         <name>SwiP_nortos.oem4</name>
      </input_file>
      <input_file id="fl-20">
         <path>C:\ti\simplelink_cc32xx_sdk_4_30_00_06\kernel\nortos\lib\ccs\m4\</path>
         <kind>archive</kind>
         <file>nortos_cc32xx.a</file>
         <name>QueueP_nortos.oem4</name>
      </input_file>
      <input_file id="fl-21">
         <path>C:\ti\simplelink_cc32xx_sdk_4_30_00_06\source\ti\devices\cc32xx\driverlib\ccs\Release\</path>
         <kind>archive</kind>
         <file>driverlib.a</file>
         <name>cpu.obj</name>
      </input_file>
      <input_file id="fl-22">
         <path>C:\ti\simplelink_cc32xx_sdk_4_30_00_06\source\ti\devices\cc32xx\driverlib\ccs\Release\</path>
         <kind>archive</kind>
         <file>driverlib.a</file>
         <name>i2c.obj</name>
      </input_file>
      <input_file id="fl-23">
         <path>C:\ti\simplelink_cc32xx_sdk_4_30_00_06\source\ti\devices\cc32xx\driverlib\ccs\Release\</path>
         <kind>archive</kind>
         <file>driverlib.a</file>
         <name>interrupt.obj</name>
      </input_file>
      <input_file id="fl-24">
         <path>C:\ti\simplelink_cc32xx_sdk_4_30_00_06\source\ti\devices\cc32xx\driverlib\ccs\Release\</path>
         <kind>archive</kind>
         <file>driverlib.a</file>
         <name>pin.obj</name>
      </input_file>
      <input_file id="fl-25">
         <path>C:\ti\simplelink_cc32xx_sdk_4_30_00_06\source\ti\devices\cc32xx\driverlib\ccs\Release\</path>
         <kind>archive</kind>
         <file>driverlib.a</file>
         <name>prcm.obj</name>
      </input_file>
      <input_file id="fl-26">
         <path>C:\ti\simplelink_cc32xx_sdk_4_30_00_06\source\ti\devices\cc32xx\driverlib\ccs\Release\</path>
         <kind>archive</kind>
         <file>driverlib.a</file>
         <name>timer.obj</name>
      </input_file>
      <input_file id="fl-27">
         <path>C:\ti\simplelink_cc32xx_sdk_4_30_00_06\source\ti\devices\cc32xx\driverlib\ccs\Release\</path>
         <kind>archive</kind>
         <file>driverlib.a</file>
         <name>uart.obj</name>
      </input_file>
      <input_file id="fl-28">
         <path>C:\ti\simplelink_cc32xx_sdk_4_30_00_06\source\ti\devices\cc32xx\driverlib\ccs\Release\</path>
         <kind>archive</kind>
         <file>driverlib.a</file>
         <name>utils.obj</name>
      </input_file>
      <input_file id="fl-29">
         <path>C:\ti\simplelink_cc32xx_sdk_4_30_00_06\source\ti\devices\cc32xx\driverlib\ccs\Release\</path>
         <kind>archive</kind>
         <file>driverlib.a</file>
         <name>flash.obj</name>
      </input_file>
      <input_file id="fl-df">
         <path>C:\ti\ccs1110\ccs\tools\compiler\ti-cgt-arm_20.2.6.LTS\lib\</path>
         <kind>archive</kind>
         <file>rtsv7M4_T_le_eabi.lib</file>
         <name>snprintf.c.obj</name>
      </input_file>
      <input_file id="fl-e0">
         <path>C:\ti\ccs1110\ccs\tools\compiler\ti-cgt-arm_20.2.6.LTS\lib\</path>
         <kind>archive</kind>
         <file>rtsv7M4_T_le_eabi.lib</file>
         <name>fs_mul_t2.asm.obj</name>
      </input_file>
      <input_file id="fl-e1">
         <path>C:\ti\ccs1110\ccs\tools\compiler\ti-cgt-arm_20.2.6.LTS\lib\</path>
         <kind>archive</kind>
         <file>rtsv7M4_T_le_eabi.lib</file>
         <name>fs_toi_t2.asm.obj</name>
      </input_file>
      <input_file id="fl-e2">
         <path>C:\ti\ccs1110\ccs\tools\compiler\ti-cgt-arm_20.2.6.LTS\lib\</path>
         <kind>archive</kind>
         <file>rtsv7M4_T_le_eabi.lib</file>
         <name>i_tofs_t2.asm.obj</name>
      </input_file>
      <input_file id="fl-e3">
         <path>C:\ti\ccs1110\ccs\tools\compiler\ti-cgt-arm_20.2.6.LTS\lib\</path>
         <kind>archive</kind>
         <file>rtsv7M4_T_le_eabi.lib</file>
         <name>ll_mul_t2.asm.obj</name>
      </input_file>
      <input_file id="fl-e4">
         <path>C:\ti\ccs1110\ccs\tools\compiler\ti-cgt-arm_20.2.6.LTS\lib\</path>
         <kind>archive</kind>
         <file>rtsv7M4_T_le_eabi.lib</file>
         <name>memcpy_t2.asm.obj</name>
      </input_file>
      <input_file id="fl-e5">
         <path>C:\ti\ccs1110\ccs\tools\compiler\ti-cgt-arm_20.2.6.LTS\lib\</path>
         <kind>archive</kind>
         <file>rtsv7M4_T_le_eabi.lib</file>
         <name>ull_div_t2.asm.obj</name>
      </input_file>
      <input_file id="fl-e6">
         <path>C:\ti\ccs1110\ccs\tools\compiler\ti-cgt-arm_20.2.6.LTS\lib\</path>
         <kind>archive</kind>
         <file>rtsv7M4_T_le_eabi.lib</file>
         <name>copy_zero_init.c.obj</name>
      </input_file>
      <input_file id="fl-e7">
         <path>C:\ti\ccs1110\ccs\tools\compiler\ti-cgt-arm_20.2.6.LTS\lib\</path>
         <kind>archive</kind>
         <file>rtsv7M4_T_le_eabi.lib</file>
         <name>copy_decompress_none.c.obj</name>
      </input_file>
      <input_file id="fl-e8">
         <path>C:\ti\ccs1110\ccs\tools\compiler\ti-cgt-arm_20.2.6.LTS\lib\</path>
         <kind>archive</kind>
         <file>rtsv7M4_T_le_eabi.lib</file>
         <name>copy_decompress_lzss.c.obj</name>
      </input_file>
      <input_file id="fl-e9">
         <path>C:\ti\ccs1110\ccs\tools\compiler\ti-cgt-arm_20.2.6.LTS\lib\</path>
         <kind>archive</kind>
         <file>rtsv7M4_T_le_eabi.lib</file>
         <name>atoi.c.obj</name>
      </input_file>
      <input_file id="fl-ea">
         <path>C:\ti\ccs1110\ccs\tools\compiler\ti-cgt-arm_20.2.6.LTS\lib\</path>
         <kind>archive</kind>
         <file>rtsv7M4_T_le_eabi.lib</file>
         <name>ctype.c.obj</name>
      </input_file>
      <input_file id="fl-eb">
         <path>C:\ti\ccs1110\ccs\tools\compiler\ti-cgt-arm_20.2.6.LTS\lib\</path>
         <kind>archive</kind>
         <file>rtsv7M4_T_le_eabi.lib</file>
         <name>memory.c.obj</name>
      </input_file>
      <input_file id="fl-ec">
         <path>C:\ti\ccs1110\ccs\tools\compiler\ti-cgt-arm_20.2.6.LTS\lib\</path>
         <kind>archive</kind>
         <file>rtsv7M4_T_le_eabi.lib</file>
         <name>boot_cortex_m.c.obj</name>
      </input_file>
      <input_file id="fl-ed">
         <path>C:\ti\ccs1110\ccs\tools\compiler\ti-cgt-arm_20.2.6.LTS\lib\</path>
         <kind>archive</kind>
         <file>rtsv7M4_T_le_eabi.lib</file>
         <name>_printfi.c.obj</name>
      </input_file>
      <input_file id="fl-ee">
         <path>C:\ti\ccs1110\ccs\tools\compiler\ti-cgt-arm_20.2.6.LTS\lib\</path>
         <kind>archive</kind>
         <file>rtsv7M4_T_le_eabi.lib</file>
         <name>div0.asm.obj</name>
      </input_file>
      <input_file id="fl-ef">
         <path>C:\ti\ccs1110\ccs\tools\compiler\ti-cgt-arm_20.2.6.LTS\lib\</path>
         <kind>archive</kind>
         <file>rtsv7M4_T_le_eabi.lib</file>
         <name>fd_add_t2.asm.obj</name>
      </input_file>
      <input_file id="fl-f0">
         <path>C:\ti\ccs1110\ccs\tools\compiler\ti-cgt-arm_20.2.6.LTS\lib\</path>
         <kind>archive</kind>
         <file>rtsv7M4_T_le_eabi.lib</file>
         <name>fd_cmp_t2.asm.obj</name>
      </input_file>
      <input_file id="fl-f1">
         <path>C:\ti\ccs1110\ccs\tools\compiler\ti-cgt-arm_20.2.6.LTS\lib\</path>
         <kind>archive</kind>
         <file>rtsv7M4_T_le_eabi.lib</file>
         <name>fd_div_t2.asm.obj</name>
      </input_file>
      <input_file id="fl-f2">
         <path>C:\ti\ccs1110\ccs\tools\compiler\ti-cgt-arm_20.2.6.LTS\lib\</path>
         <kind>archive</kind>
         <file>rtsv7M4_T_le_eabi.lib</file>
         <name>fd_mul_t2.asm.obj</name>
      </input_file>
      <input_file id="fl-f3">
         <path>C:\ti\ccs1110\ccs\tools\compiler\ti-cgt-arm_20.2.6.LTS\lib\</path>
         <kind>archive</kind>
         <file>rtsv7M4_T_le_eabi.lib</file>
         <name>fd_toi_t2.asm.obj</name>
      </input_file>
      <input_file id="fl-f4">
         <path>C:\ti\ccs1110\ccs\tools\compiler\ti-cgt-arm_20.2.6.LTS\lib\</path>
         <kind>archive</kind>
         <file>rtsv7M4_T_le_eabi.lib</file>
         <name>i_tofd_t2.asm.obj</name>
      </input_file>
      <input_file id="fl-f5">
         <path>C:\ti\ccs1110\ccs\tools\compiler\ti-cgt-arm_20.2.6.LTS\lib\</path>
         <kind>archive</kind>
         <file>rtsv7M4_T_le_eabi.lib</file>
         <name>memset_t2.asm.obj</name>
      </input_file>
      <input_file id="fl-f6">
         <path>C:\ti\ccs1110\ccs\tools\compiler\ti-cgt-arm_20.2.6.LTS\lib\</path>
         <kind>archive</kind>
         <file>rtsv7M4_T_le_eabi.lib</file>
         <name>autoinit.c.obj</name>
      </input_file>
      <input_file id="fl-f7">
         <path>C:\ti\ccs1110\ccs\tools\compiler\ti-cgt-arm_20.2.6.LTS\lib\</path>
         <kind>archive</kind>
         <file>rtsv7M4_T_le_eabi.lib</file>
         <name>pre_init.c.obj</name>
      </input_file>
      <input_file id="fl-f8">
         <path>C:\ti\ccs1110\ccs\tools\compiler\ti-cgt-arm_20.2.6.LTS\lib\</path>
         <kind>archive</kind>
         <file>rtsv7M4_T_le_eabi.lib</file>
         <name>cpy_tbl.c.obj</name>
      </input_file>
      <input_file id="fl-f9">
         <path>C:\ti\ccs1110\ccs\tools\compiler\ti-cgt-arm_20.2.6.LTS\lib\</path>
         <kind>archive</kind>
         <file>rtsv7M4_T_le_eabi.lib</file>
         <name>exit.c.obj</name>
      </input_file>
      <input_file id="fl-fa">
         <path>C:\ti\ccs1110\ccs\tools\compiler\ti-cgt-arm_20.2.6.LTS\lib\</path>
         <kind>archive</kind>
         <file>rtsv7M4_T_le_eabi.lib</file>
         <name>_lock.c.obj</name>
      </input_file>
      <input_file id="fl-fb">
         <path>C:\ti\ccs1110\ccs\tools\compiler\ti-cgt-arm_20.2.6.LTS\lib\</path>
         <kind>archive</kind>
         <file>rtsv7M4_T_le_eabi.lib</file>
         <name>_ltoa.c.obj</name>
      </input_file>
      <input_file id="fl-fc">
         <path>C:\ti\ccs1110\ccs\tools\compiler\ti-cgt-arm_20.2.6.LTS\lib\</path>
         <kind>archive</kind>
         <file>rtsv7M4_T_le_eabi.lib</file>
         <name>args_main.c.obj</name>
      </input_file>
      <input_file id="fl-fd">
         <path>C:\ti\ccs1110\ccs\tools\compiler\ti-cgt-arm_20.2.6.LTS\lib\</path>
         <kind>archive</kind>
         <file>rtsv7M4_T_le_eabi.lib</file>
         <name>memccpy.c.obj</name>
      </input_file>
      <input_file id="fl-fe">
         <path>C:\ti\ccs1110\ccs\tools\compiler\ti-cgt-arm_20.2.6.LTS\lib\</path>
         <kind>archive</kind>
         <file>rtsv7M4_T_le_eabi.lib</file>
         <name>strchr.c.obj</name>
      </input_file>
      <input_file id="fl-ff">
         <path>C:\ti\ccs1110\ccs\tools\compiler\ti-cgt-arm_20.2.6.LTS\lib\</path>
         <kind>archive</kind>
         <file>rtsv7M4_T_le_eabi.lib</file>
         <name>strlen.c.obj</name>
      </input_file>
      <input_file id="fl-100">
         <path>C:\ti\ccs1110\ccs\tools\compiler\ti-cgt-arm_20.2.6.LTS\lib\</path>
         <kind>archive</kind>
         <file>rtsv7M4_T_le_eabi.lib</file>
         <name>errno.c.obj</name>
      </input_file>
      <input_file id="fl-101">
         <path>C:\ti\ccs1110\ccs\tools\compiler\ti-cgt-arm_20.2.6.LTS\lib\</path>
         <kind>archive</kind>
         <file>rtsv7M4_T_le_eabi.lib</file>
         <name>s_frexp.c.obj</name>
      </input_file>
      <input_file id="fl-102">
         <path>C:\ti\ccs1110\ccs\tools\compiler\ti-cgt-arm_20.2.6.LTS\lib\</path>
         <kind>archive</kind>
         <file>rtsv7M4_T_le_eabi.lib</file>
         <name>s_scalbn.c.obj</name>
      </input_file>
      <input_file id="fl-103">
         <path>C:\ti\ccs1110\ccs\tools\compiler\ti-cgt-arm_20.2.6.LTS\lib\</path>
         <kind>archive</kind>
         <file>rtsv7M4_T_le_eabi.lib</file>
         <name>s_copysign.c.obj</name>
      </input_file>
      <input_file id="fl-104">
         <path>C:\ti\ccs1110\ccs\tools\compiler\ti-cgt-arm_20.2.6.LTS\lib\</path>
         <kind>archive</kind>
         <file>rtsv7M4_T_le_eabi.lib</file>
         <name>wcslen.c.obj</name>
      </input_file>
   </input_file_list>
   <object_component_list>
      <object_component id="oc-4a7">
         <name>.text:__TI_printfi</name>
         <load_address>0x2000c040</load_address>
         <run_address>0x2000c040</run_address>
         <size>0xa4e</size>
         <input_file_ref idref="fl-ed"/>
      </object_component>
      <object_component id="oc-1da">
         <name>.text:Board_initHook</name>
         <load_address>0x2000ca8e</load_address>
         <run_address>0x2000ca8e</run_address>
         <size>0x2</size>
         <input_file_ref idref="fl-3"/>
      </object_component>
      <object_component id="oc-1ce">
         <name>.text:PRCMCC3200MCUInit</name>
         <load_address>0x2000ca90</load_address>
         <run_address>0x2000ca90</run_address>
         <size>0x42c</size>
         <input_file_ref idref="fl-25"/>
      </object_component>
      <object_component id="oc-76d">
         <name>.text:UARTCC32XX_open</name>
         <load_address>0x2000cebc</load_address>
         <run_address>0x2000cebc</run_address>
         <size>0x288</size>
         <input_file_ref idref="fl-16"/>
      </object_component>
      <object_component id="oc-62b">
         <name>.text:_pconv_a</name>
         <load_address>0x2000d144</load_address>
         <run_address>0x2000d144</run_address>
         <size>0x268</size>
         <input_file_ref idref="fl-ed"/>
      </object_component>
      <object_component id="oc-1ee">
         <name>.text:initI2C</name>
         <load_address>0x2000d3ac</load_address>
         <run_address>0x2000d3ac</run_address>
         <size>0x250</size>
         <input_file_ref idref="fl-2"/>
      </object_component>
      <object_component id="oc-15f">
         <name>.text:mainThread</name>
         <load_address>0x2000d5fc</load_address>
         <run_address>0x2000d5fc</run_address>
         <size>0x214</size>
         <input_file_ref idref="fl-2"/>
      </object_component>
      <object_component id="oc-200">
         <name>.text:GPIO_setConfig</name>
         <load_address>0x2000d810</load_address>
         <run_address>0x2000d810</run_address>
         <size>0x1e4</size>
         <input_file_ref idref="fl-11"/>
      </object_component>
      <object_component id="oc-619">
         <name>.text:_pconv_g</name>
         <load_address>0x2000d9f4</load_address>
         <run_address>0x2000d9f4</run_address>
         <size>0x1cc</size>
         <input_file_ref idref="fl-ed"/>
      </object_component>
      <object_component id="oc-7c2">
         <name>.text</name>
         <load_address>0x2000dbc0</load_address>
         <run_address>0x2000dbc0</run_address>
         <size>0x1b6</size>
         <input_file_ref idref="fl-ef"/>
      </object_component>
      <object_component id="oc-33a">
         <name>.text:I2C_init</name>
         <load_address>0x2000dd76</load_address>
         <run_address>0x2000dd76</run_address>
         <size>0x2</size>
         <input_file_ref idref="fl-e"/>
      </object_component>
      <object_component id="oc-424">
         <name>.text:PowerCC32XX_sleepPolicy</name>
         <load_address>0x2000dd78</load_address>
         <run_address>0x2000dd78</run_address>
         <size>0x19c</size>
         <input_file_ref idref="fl-1d"/>
      </object_component>
      <object_component id="oc-4f3">
         <name>.text:I2CCC32XX_hwiFxn</name>
         <load_address>0x2000df14</load_address>
         <run_address>0x2000df14</run_address>
         <size>0x148</size>
         <input_file_ref idref="fl-12"/>
      </object_component>
      <object_component id="oc-70e">
         <name>.text:parkPins</name>
         <load_address>0x2000e05c</load_address>
         <run_address>0x2000e05c</run_address>
         <size>0x148</size>
         <input_file_ref idref="fl-13"/>
      </object_component>
      <object_component id="oc-625">
         <name>.text:_pconv_e</name>
         <load_address>0x2000e1a4</load_address>
         <run_address>0x2000e1a4</run_address>
         <size>0x13c</size>
         <input_file_ref idref="fl-ed"/>
      </object_component>
      <object_component id="oc-59a">
         <name>.text:Power_sleep</name>
         <load_address>0x2000e2e0</load_address>
         <run_address>0x2000e2e0</run_address>
         <size>0x138</size>
         <input_file_ref idref="fl-13"/>
      </object_component>
      <object_component id="oc-7a8">
         <name>.text</name>
         <load_address>0x2000e418</load_address>
         <run_address>0x2000e418</run_address>
         <size>0x136</size>
         <input_file_ref idref="fl-f1"/>
      </object_component>
      <object_component id="oc-41e">
         <name>.text:PowerCC32XX_initPolicy</name>
         <load_address>0x2000e54e</load_address>
         <run_address>0x2000e54e</run_address>
         <size>0x2</size>
         <input_file_ref idref="fl-1d"/>
      </object_component>
      <object_component id="oc-87f">
         <name>.text:TimerCC32XX_open</name>
         <load_address>0x2000e550</load_address>
         <run_address>0x2000e550</run_address>
         <size>0x128</size>
         <input_file_ref idref="fl-15"/>
      </object_component>
      <object_component id="oc-501">
         <name>.text:I2C_transferTimeout</name>
         <load_address>0x2000e678</load_address>
         <run_address>0x2000e678</run_address>
         <size>0x122</size>
         <input_file_ref idref="fl-e"/>
      </object_component>
      <object_component id="oc-879">
         <name>.text:TimerCC32XX_init</name>
         <load_address>0x2000e79a</load_address>
         <run_address>0x2000e79a</run_address>
         <size>0x2</size>
         <input_file_ref idref="fl-15"/>
      </object_component>
      <object_component id="oc-75b">
         <name>.text:UARTCC32XX_close</name>
         <load_address>0x2000e79c</load_address>
         <run_address>0x2000e79c</run_address>
         <size>0x120</size>
         <input_file_ref idref="fl-16"/>
      </object_component>
      <object_component id="oc-7d4">
         <name>.text:fcvt</name>
         <load_address>0x2000e8bc</load_address>
         <run_address>0x2000e8bc</run_address>
         <size>0x120</size>
         <input_file_ref idref="fl-ed"/>
      </object_component>
      <object_component id="oc-1fa">
         <name>.text:readTemp</name>
         <load_address>0x2000e9dc</load_address>
         <run_address>0x2000e9dc</run_address>
         <size>0x120</size>
         <input_file_ref idref="fl-2"/>
      </object_component>
      <object_component id="oc-6e1">
         <name>.text:aligned_alloc</name>
         <load_address>0x2000eafc</load_address>
         <run_address>0x2000eafc</run_address>
         <size>0x100</size>
         <input_file_ref idref="fl-eb"/>
      </object_component>
      <object_component id="oc-346">
         <name>.text:I2C_open</name>
         <load_address>0x2000ebfc</load_address>
         <run_address>0x2000ebfc</run_address>
         <size>0xfc</size>
         <input_file_ref idref="fl-12"/>
      </object_component>
      <object_component id="oc-7a3">
         <name>.text</name>
         <load_address>0x2000ecf8</load_address>
         <run_address>0x2000ecf8</run_address>
         <size>0xfc</size>
         <input_file_ref idref="fl-f2"/>
      </object_component>
      <object_component id="oc-761">
         <name>.text:UARTCC32XX_control</name>
         <load_address>0x2000edf4</load_address>
         <run_address>0x2000edf4</run_address>
         <size>0xf2</size>
         <input_file_ref idref="fl-16"/>
      </object_component>
      <object_component id="oc-767">
         <name>.text:UARTCC32XX_init</name>
         <load_address>0x2000eee6</load_address>
         <run_address>0x2000eee6</run_address>
         <size>0x2</size>
         <input_file_ref idref="fl-16"/>
      </object_component>
      <object_component id="oc-440">
         <name>.text:free</name>
         <load_address>0x2000eee8</load_address>
         <run_address>0x2000eee8</run_address>
         <size>0xe4</size>
         <input_file_ref idref="fl-eb"/>
      </object_component>
      <object_component id="oc-7e8">
         <name>.text:scalbn</name>
         <load_address>0x2000efcc</load_address>
         <run_address>0x2000efcc</run_address>
         <size>0xd0</size>
         <input_file_ref idref="fl-102"/>
      </object_component>
      <object_component id="oc-785">
         <name>.text:UARTCC32XX_write</name>
         <load_address>0x2000f09c</load_address>
         <run_address>0x2000f09c</run_address>
         <size>0xca</size>
         <input_file_ref idref="fl-16"/>
      </object_component>
      <object_component id="oc-3e6">
         <name>.text:_nop</name>
         <load_address>0x2000f166</load_address>
         <run_address>0x2000f166</run_address>
         <size>0x2</size>
         <input_file_ref idref="fl-fa"/>
      </object_component>
      <object_component id="oc-1e2">
         <name>.text:GPIO_init</name>
         <load_address>0x2000f168</load_address>
         <run_address>0x2000f168</run_address>
         <size>0xc4</size>
         <input_file_ref idref="fl-11"/>
      </object_component>
      <object_component id="oc-72b">
         <name>.text:restoreParkedPins</name>
         <load_address>0x2000f22c</load_address>
         <run_address>0x2000f22c</run_address>
         <size>0xc0</size>
         <input_file_ref idref="fl-13"/>
      </object_component>
      <object_component id="oc-779">
         <name>.text:UARTCC32XX_readPolling</name>
         <load_address>0x2000f2ec</load_address>
         <run_address>0x2000f2ec</run_address>
         <size>0xba</size>
         <input_file_ref idref="fl-16"/>
      </object_component>
      <object_component id="oc-73">
         <name>.text:busFaultHandler</name>
         <load_address>0x2000f3a6</load_address>
         <run_address>0x2000f3a6</run_address>
         <size>0x2</size>
         <input_file_ref idref="fl-1e"/>
      </object_component>
      <object_component id="oc-946">
         <name>.text:initHw</name>
         <load_address>0x2000f3a8</load_address>
         <run_address>0x2000f3a8</run_address>
         <size>0xb8</size>
         <input_file_ref idref="fl-16"/>
      </object_component>
      <object_component id="oc-a69">
         <name>.text:readTaskCallback</name>
         <load_address>0x2000f460</load_address>
         <run_address>0x2000f460</run_address>
         <size>0xb6</size>
         <input_file_ref idref="fl-16"/>
      </object_component>
      <object_component id="oc-69e">
         <name>.text:I2CCC32XX_completeTransfer</name>
         <load_address>0x2000f516</load_address>
         <run_address>0x2000f516</run_address>
         <size>0xb2</size>
         <input_file_ref idref="fl-12"/>
      </object_component>
      <object_component id="oc-60e">
         <name>.text:_ltostr</name>
         <load_address>0x2000f5c8</load_address>
         <run_address>0x2000f5c8</run_address>
         <size>0xb1</size>
         <input_file_ref idref="fl-ed"/>
      </object_component>
      <object_component id="oc-a57">
         <name>.text:readTaskBlocking</name>
         <load_address>0x2000f67a</load_address>
         <run_address>0x2000f67a</run_address>
         <size>0xb0</size>
         <input_file_ref idref="fl-16"/>
      </object_component>
      <object_component id="oc-a5d">
         <name>.text:readIsrTextBlocking</name>
         <load_address>0x2000f72a</load_address>
         <run_address>0x2000f72a</run_address>
         <size>0xae</size>
         <input_file_ref idref="fl-16"/>
      </object_component>
      <object_component id="oc-68c">
         <name>.text:I2CCC32XX_primeWriteBurst</name>
         <load_address>0x2000f7d8</load_address>
         <run_address>0x2000f7d8</run_address>
         <size>0xa8</size>
         <input_file_ref idref="fl-12"/>
      </object_component>
      <object_component id="oc-b5">
         <name>.text:IntEnable</name>
         <load_address>0x2000f880</load_address>
         <run_address>0x2000f880</run_address>
         <size>0xa8</size>
         <input_file_ref idref="fl-23"/>
      </object_component>
      <object_component id="oc-2d5">
         <name>.text:PowerCC32XX_configureWakeup</name>
         <load_address>0x2000f928</load_address>
         <run_address>0x2000f928</run_address>
         <size>0xa8</size>
         <input_file_ref idref="fl-13"/>
      </object_component>
      <object_component id="oc-a6f">
         <name>.text:readIsrTextCallback</name>
         <load_address>0x2000f9d0</load_address>
         <run_address>0x2000f9d0</run_address>
         <size>0xa2</size>
         <input_file_ref idref="fl-16"/>
      </object_component>
      <object_component id="oc-97d">
         <name>.text:writeData</name>
         <load_address>0x2000fa72</load_address>
         <run_address>0x2000fa72</run_address>
         <size>0xa2</size>
         <input_file_ref idref="fl-16"/>
      </object_component>
      <object_component id="oc-2fb">
         <name>.text:SemaphoreP_pend</name>
         <load_address>0x2000fb14</load_address>
         <run_address>0x2000fb14</run_address>
         <size>0xa0</size>
         <input_file_ref idref="fl-1a"/>
      </object_component>
      <object_component id="oc-4e1">
         <name>.text:I2CCC32XX_initHw</name>
         <load_address>0x2000fbb4</load_address>
         <run_address>0x2000fbb4</run_address>
         <size>0x9c</size>
         <input_file_ref idref="fl-12"/>
      </object_component>
      <object_component id="oc-3b">
         <name>.text</name>
         <load_address>0x2000fc50</load_address>
         <run_address>0x2000fc50</run_address>
         <size>0x9c</size>
         <input_file_ref idref="fl-e4"/>
      </object_component>
      <object_component id="oc-317">
         <name>.text:powerNotifyFxn</name>
         <load_address>0x2000fcec</load_address>
         <run_address>0x2000fcec</run_address>
         <size>0x98</size>
         <input_file_ref idref="fl-11"/>
      </object_component>
      <object_component id="oc-595">
         <name>.text</name>
         <load_address>0x2000fd84</load_address>
         <run_address>0x2000fd84</run_address>
         <size>0x96</size>
         <input_file_ref idref="fl-e5"/>
      </object_component>
      <object_component id="oc-465">
         <name>.text:clkFxn</name>
         <load_address>0x2000fe1a</load_address>
         <run_address>0x2000fe1a</run_address>
         <size>0x2</size>
         <input_file_ref idref="fl-1a"/>
      </object_component>
      <object_component id="oc-71f">
         <name>.text:restoreNVICRegs</name>
         <load_address>0x2000fe1c</load_address>
         <run_address>0x2000fe1c</run_address>
         <size>0x90</size>
         <input_file_ref idref="fl-13"/>
      </object_component>
      <object_component id="oc-4d5">
         <name>.text:HwiP_construct</name>
         <load_address>0x2000feac</load_address>
         <run_address>0x2000feac</run_address>
         <size>0x8c</size>
         <input_file_ref idref="fl-1c"/>
      </object_component>
      <object_component id="oc-8ef">
         <name>.text:IntPendSet</name>
         <load_address>0x2000ff38</load_address>
         <run_address>0x2000ff38</run_address>
         <size>0x88</size>
         <input_file_ref idref="fl-23"/>
      </object_component>
      <object_component id="oc-38c">
         <name>.text:PinConfigSet</name>
         <load_address>0x2000ffc0</load_address>
         <run_address>0x2000ffc0</run_address>
         <size>0x88</size>
         <input_file_ref idref="fl-24"/>
      </object_component>
      <object_component id="oc-885">
         <name>.text:TimerCC32XX_setPeriod</name>
         <load_address>0x20010048</load_address>
         <run_address>0x20010048</run_address>
         <size>0x88</size>
         <input_file_ref idref="fl-15"/>
      </object_component>
      <object_component id="oc-614">
         <name>.text:__aeabi_cdcmple</name>
         <load_address>0x200100d0</load_address>
         <run_address>0x200100d0</run_address>
         <size>0x86</size>
         <input_file_ref idref="fl-f0"/>
      </object_component>
      <object_component id="oc-7ad">
         <name>.text:__aeabi_cdrcmple</name>
         <load_address>0x20010156</load_address>
         <run_address>0x20010156</run_address>
         <size>0x86</size>
         <input_file_ref idref="fl-f0"/>
      </object_component>
      <object_component id="oc-1d4">
         <name>.text:Power_init</name>
         <load_address>0x200101dc</load_address>
         <run_address>0x200101dc</run_address>
         <size>0x84</size>
         <input_file_ref idref="fl-13"/>
      </object_component>
      <object_component id="oc-714">
         <name>.text:saveNVICRegs</name>
         <load_address>0x20010260</load_address>
         <run_address>0x20010260</run_address>
         <size>0x84</size>
         <input_file_ref idref="fl-13"/>
      </object_component>
      <object_component id="oc-392">
         <name>.text:Power_setDependency</name>
         <load_address>0x200102e4</load_address>
         <run_address>0x200102e4</run_address>
         <size>0x80</size>
         <input_file_ref idref="fl-13"/>
      </object_component>
      <object_component id="oc-a51">
         <name>.text:readIsrBinaryBlocking</name>
         <load_address>0x20010364</load_address>
         <run_address>0x20010364</run_address>
         <size>0x7c</size>
         <input_file_ref idref="fl-16"/>
      </object_component>
      <object_component id="oc-686">
         <name>.text:I2CCC32XX_primeReadBurst</name>
         <load_address>0x200103e0</load_address>
         <run_address>0x200103e0</run_address>
         <size>0x7a</size>
         <input_file_ref idref="fl-12"/>
      </object_component>
      <object_component id="oc-380">
         <name>.text</name>
         <load_address>0x2001045a</load_address>
         <run_address>0x2001045a</run_address>
         <size>0x7a</size>
         <input_file_ref idref="fl-e0"/>
      </object_component>
      <object_component id="oc-9d">
         <name>.text</name>
         <load_address>0x200104d4</load_address>
         <run_address>0x200104d4</run_address>
         <size>0x7a</size>
         <input_file_ref idref="fl-f5"/>
      </object_component>
      <object_component id="oc-6d">
         <name>.text:defaultHandler</name>
         <load_address>0x2001054e</load_address>
         <run_address>0x2001054e</run_address>
         <size>0x2</size>
         <input_file_ref idref="fl-1e"/>
      </object_component>
      <object_component id="oc-3b6">
         <name>.text:GPIO_hwiIntFxn</name>
         <load_address>0x20010550</load_address>
         <run_address>0x20010550</run_address>
         <size>0x78</size>
         <input_file_ref idref="fl-11"/>
      </object_component>
      <object_component id="oc-88b">
         <name>.text:TimerCC32XX_start</name>
         <load_address>0x200105c8</load_address>
         <run_address>0x200105c8</run_address>
         <size>0x78</size>
         <input_file_ref idref="fl-15"/>
      </object_component>
      <object_component id="oc-a63">
         <name>.text:readIsrBinaryCallback</name>
         <load_address>0x20010640</load_address>
         <run_address>0x20010640</run_address>
         <size>0x78</size>
         <input_file_ref idref="fl-16"/>
      </object_component>
      <object_component id="oc-955">
         <name>.text:UARTCC32XX_hwiIntFxn</name>
         <load_address>0x200106b8</load_address>
         <run_address>0x200106b8</run_address>
         <size>0x74</size>
         <input_file_ref idref="fl-16"/>
      </object_component>
      <object_component id="oc-89c">
         <name>.text:split</name>
         <load_address>0x2001072c</load_address>
         <run_address>0x2001072c</run_address>
         <size>0x70</size>
         <input_file_ref idref="fl-eb"/>
      </object_component>
      <object_component id="oc-7cd">
         <name>.text:_mcpy</name>
         <load_address>0x2001079c</load_address>
         <run_address>0x2001079c</run_address>
         <size>0x6e</size>
         <input_file_ref idref="fl-ed"/>
      </object_component>
      <object_component id="oc-6b9">
         <name>.text:I2CSupport_primeTransfer</name>
         <load_address>0x2001080a</load_address>
         <run_address>0x2001080a</run_address>
         <size>0x6a</size>
         <input_file_ref idref="fl-12"/>
      </object_component>
      <object_component id="oc-14">
         <name>.text:decompress:lzss:__TI_decompress_lzss</name>
         <load_address>0x20010874</load_address>
         <run_address>0x20010874</run_address>
         <size>0x68</size>
         <input_file_ref idref="fl-e8"/>
      </object_component>
      <object_component id="oc-236">
         <name>.text:printDisplay</name>
         <load_address>0x200108dc</load_address>
         <run_address>0x200108dc</run_address>
         <size>0x68</size>
         <input_file_ref idref="fl-2"/>
      </object_component>
      <object_component id="oc-791">
         <name>.text:UARTCC32XX_writeCancel</name>
         <load_address>0x20010944</load_address>
         <run_address>0x20010944</run_address>
         <size>0x66</size>
         <input_file_ref idref="fl-16"/>
      </object_component>
      <object_component id="oc-67">
         <name>.text:faultISR</name>
         <load_address>0x200109aa</load_address>
         <run_address>0x200109aa</run_address>
         <size>0x2</size>
         <input_file_ref idref="fl-1e"/>
      </object_component>
      <object_component id="oc-48f">
         <name>.text:PowerCC32XX_setParkState</name>
         <load_address>0x200109ac</load_address>
         <run_address>0x200109ac</run_address>
         <size>0x64</size>
         <input_file_ref idref="fl-13"/>
      </object_component>
      <object_component id="oc-78b">
         <name>.text:UARTCC32XX_writePolling</name>
         <load_address>0x20010a10</load_address>
         <run_address>0x20010a10</run_address>
         <size>0x62</size>
         <input_file_ref idref="fl-16"/>
      </object_component>
      <object_component id="oc-61">
         <name>.text:nmiISR</name>
         <load_address>0x20010a72</load_address>
         <run_address>0x20010a72</run_address>
         <size>0x2</size>
         <input_file_ref idref="fl-1e"/>
      </object_component>
      <object_component id="oc-2a3">
         <name>.text:PRCMSysResetCauseGet</name>
         <load_address>0x20010a74</load_address>
         <run_address>0x20010a74</run_address>
         <size>0x60</size>
         <input_file_ref idref="fl-25"/>
      </object_component>
      <object_component id="oc-206">
         <name>.text:GPIO_setCallback</name>
         <load_address>0x20010ad4</load_address>
         <run_address>0x20010ad4</run_address>
         <size>0x5c</size>
         <input_file_ref idref="fl-11"/>
      </object_component>
      <object_component id="oc-7e2">
         <name>.text:frexp</name>
         <load_address>0x20010b30</load_address>
         <run_address>0x20010b30</run_address>
         <size>0x5c</size>
         <input_file_ref idref="fl-101"/>
      </object_component>
      <object_component id="oc-8af">
         <name>.text:sysTickInit</name>
         <load_address>0x20010b8c</load_address>
         <run_address>0x20010b8c</run_address>
         <size>0x5c</size>
         <input_file_ref idref="fl-1b"/>
      </object_component>
      <object_component id="oc-212">
         <name>.text:GPIO_write</name>
         <load_address>0x20010be8</load_address>
         <run_address>0x20010be8</run_address>
         <size>0x58</size>
         <input_file_ref idref="fl-11"/>
      </object_component>
      <object_component id="oc-2bc">
         <name>.text:PRCMPeripheralReset</name>
         <load_address>0x20010c40</load_address>
         <run_address>0x20010c40</run_address>
         <size>0x58</size>
         <input_file_ref idref="fl-25"/>
      </object_component>
      <object_component id="oc-90d">
         <name>.text:Power_releaseDependency</name>
         <load_address>0x20010c98</load_address>
         <run_address>0x20010c98</run_address>
         <size>0x58</size>
         <input_file_ref idref="fl-13"/>
      </object_component>
      <object_component id="oc-891">
         <name>.text:TimerCC32XX_stop</name>
         <load_address>0x20010cf0</load_address>
         <run_address>0x20010cf0</run_address>
         <size>0x56</size>
         <input_file_ref idref="fl-15"/>
      </object_component>
      <object_component id="oc-61f">
         <name>.text:_pconv_f</name>
         <load_address>0x20010d46</load_address>
         <run_address>0x20010d46</run_address>
         <size>0x56</size>
         <input_file_ref idref="fl-ed"/>
      </object_component>
      <object_component id="oc-7b7">
         <name>.text:__TI_ltoa</name>
         <load_address>0x20010d9c</load_address>
         <run_address>0x20010d9c</run_address>
         <size>0x54</size>
         <input_file_ref idref="fl-fb"/>
      </object_component>
      <object_component id="oc-1f4">
         <name>.text:initTimer</name>
         <load_address>0x20010df0</load_address>
         <run_address>0x20010df0</run_address>
         <size>0x54</size>
         <input_file_ref idref="fl-2"/>
      </object_component>
      <object_component id="oc-adc">
         <name>.text:ringBufGet</name>
         <load_address>0x20010e44</load_address>
         <run_address>0x20010e44</run_address>
         <size>0x54</size>
         <input_file_ref idref="fl-16"/>
      </object_component>
      <object_component id="oc-8cc">
         <name>.text:PowerCC32XX_resumeLPDS</name>
         <load_address>0x20010e98</load_address>
         <run_address>0x20010e98</run_address>
         <size>0x52</size>
         <input_file_ref idref="fl-14"/>
      </object_component>
      <object_component id="oc-7c7">
         <name>.text:_ecpy</name>
         <load_address>0x20010eea</load_address>
         <run_address>0x20010eea</run_address>
         <size>0x52</size>
         <input_file_ref idref="fl-ed"/>
      </object_component>
      <object_component id="oc-9dd">
         <name>.text:initHw</name>
         <load_address>0x20010f3c</load_address>
         <run_address>0x20010f3c</run_address>
         <size>0x52</size>
         <input_file_ref idref="fl-15"/>
      </object_component>
      <object_component id="oc-702">
         <name>.text</name>
         <load_address>0x20010f8e</load_address>
         <run_address>0x20010f8e</run_address>
         <size>0x2</size>
         <input_file_ref idref="fl-ee"/>
      </object_component>
      <object_component id="oc-79">
         <name>.text:ClockP_sysTickHandler</name>
         <load_address>0x20010f90</load_address>
         <run_address>0x20010f90</run_address>
         <size>0x50</size>
         <input_file_ref idref="fl-1b"/>
      </object_component>
      <object_component id="oc-5bb">
         <name>.text:SemaphoreP_construct</name>
         <load_address>0x20010fe0</load_address>
         <run_address>0x20010fe0</run_address>
         <size>0x50</size>
         <input_file_ref idref="fl-1a"/>
      </object_component>
      <object_component id="oc-9d1">
         <name>.text:TimerCC32XX_allocateTimerResource</name>
         <load_address>0x20011030</load_address>
         <run_address>0x20011030</run_address>
         <size>0x50</size>
         <input_file_ref idref="fl-15"/>
      </object_component>
      <object_component id="oc-20c">
         <name>.text:GPIO_enableInt</name>
         <load_address>0x20011080</load_address>
         <run_address>0x20011080</run_address>
         <size>0x4c</size>
         <input_file_ref idref="fl-11"/>
      </object_component>
      <object_component id="oc-67a">
         <name>.text:I2CCC32XX_readRecieveFifo</name>
         <load_address>0x200110cc</load_address>
         <run_address>0x200110cc</run_address>
         <size>0x4c</size>
         <input_file_ref idref="fl-12"/>
      </object_component>
      <object_component id="oc-8c3">
         <name>.text:PowerCC32XX_parkPin</name>
         <load_address>0x20011118</load_address>
         <run_address>0x20011118</run_address>
         <size>0x4c</size>
         <input_file_ref idref="fl-13"/>
      </object_component>
      <object_component id="oc-224">
         <name>.text:atoi</name>
         <load_address>0x20011164</load_address>
         <run_address>0x20011164</run_address>
         <size>0x4c</size>
         <input_file_ref idref="fl-e9"/>
      </object_component>
      <object_component id="oc-725">
         <name>.text:restorePeriphClocks</name>
         <load_address>0x200111b0</load_address>
         <run_address>0x200111b0</run_address>
         <size>0x4c</size>
         <input_file_ref idref="fl-13"/>
      </object_component>
      <object_component id="oc-334">
         <name>.text:snprintf</name>
         <load_address>0x200111fc</load_address>
         <run_address>0x200111fc</run_address>
         <size>0x4c</size>
         <input_file_ref idref="fl-df"/>
      </object_component>
      <object_component id="oc-8e7">
         <name>.text:FlashDisable</name>
         <load_address>0x20011248</load_address>
         <run_address>0x20011248</run_address>
         <size>0x48</size>
         <input_file_ref idref="fl-29"/>
      </object_component>
      <object_component id="oc-731">
         <name>.text:PRCMLPDSEnter</name>
         <load_address>0x20011290</load_address>
         <run_address>0x20011290</run_address>
         <size>0x48</size>
         <input_file_ref idref="fl-25"/>
      </object_component>
      <object_component id="oc-2b6">
         <name>.text:PRCMPeripheralClkEnable</name>
         <load_address>0x200112d8</load_address>
         <run_address>0x200112d8</run_address>
         <size>0x48</size>
         <input_file_ref idref="fl-25"/>
      </object_component>
      <object_component id="oc-83c">
         <name>.text:Power_releaseConstraint</name>
         <load_address>0x20011320</load_address>
         <run_address>0x20011320</run_address>
         <size>0x48</size>
         <input_file_ref idref="fl-13"/>
      </object_component>
      <object_component id="oc-3d0">
         <name>.text:checkTemp</name>
         <load_address>0x20011368</load_address>
         <run_address>0x20011368</run_address>
         <size>0x48</size>
         <input_file_ref idref="fl-2"/>
      </object_component>
      <object_component id="oc-7b2">
         <name>.text</name>
         <load_address>0x200113b0</load_address>
         <run_address>0x200113b0</run_address>
         <size>0x48</size>
         <input_file_ref idref="fl-f3"/>
      </object_component>
      <object_component id="oc-ac9">
         <name>.text:RingBuf_put</name>
         <load_address>0x200113f8</load_address>
         <run_address>0x200113f8</run_address>
         <size>0x46</size>
         <input_file_ref idref="fl-18"/>
      </object_component>
      <object_component id="oc-9d7">
         <name>.text:getPrescaler</name>
         <load_address>0x2001143e</load_address>
         <run_address>0x2001143e</run_address>
         <size>0x46</size>
         <input_file_ref idref="fl-15"/>
      </object_component>
      <object_component id="oc-5e3">
         <name>.text:ClockP_stop</name>
         <load_address>0x20011484</load_address>
         <run_address>0x20011484</run_address>
         <size>0x44</size>
         <input_file_ref idref="fl-1b"/>
      </object_component>
      <object_component id="oc-8d1">
         <name>.text:PRCMLPDSRestoreInfoSet</name>
         <load_address>0x200114c8</load_address>
         <run_address>0x200114c8</run_address>
         <size>0x44</size>
         <input_file_ref idref="fl-25"/>
      </object_component>
      <object_component id="oc-71a">
         <name>.text:PowerCC32XX_enterLPDS</name>
         <load_address>0x2001150c</load_address>
         <run_address>0x2001150c</run_address>
         <size>0x44</size>
         <input_file_ref idref="fl-14"/>
      </object_component>
      <object_component id="oc-307">
         <name>.text:SemaphoreP_post</name>
         <load_address>0x20011550</load_address>
         <run_address>0x20011550</run_address>
         <size>0x44</size>
         <input_file_ref idref="fl-1a"/>
      </object_component>
      <object_component id="oc-5ab">
         <name>.text:SwiP_restore</name>
         <load_address>0x20011594</load_address>
         <run_address>0x20011594</run_address>
         <size>0x44</size>
         <input_file_ref idref="fl-1f"/>
      </object_component>
      <object_component id="oc-35b">
         <name>.text:Timer_init</name>
         <load_address>0x200115d8</load_address>
         <run_address>0x200115d8</run_address>
         <size>0x44</size>
         <input_file_ref idref="fl-f"/>
      </object_component>
      <object_component id="oc-321">
         <name>.text:UART_init</name>
         <load_address>0x2001161c</load_address>
         <run_address>0x2001161c</run_address>
         <size>0x44</size>
         <input_file_ref idref="fl-10"/>
      </object_component>
      <object_component id="oc-172">
         <name>.text:__TI_auto_init_nobinit_nopinit:__TI_auto_init_nobinit_nopinit</name>
         <load_address>0x20011660</load_address>
         <run_address>0x20011660</run_address>
         <size>0x44</size>
         <input_file_ref idref="fl-f6"/>
      </object_component>
      <object_component id="oc-1e8">
         <name>.text:initUART</name>
         <load_address>0x200116a4</load_address>
         <run_address>0x200116a4</run_address>
         <size>0x44</size>
         <input_file_ref idref="fl-2"/>
      </object_component>
      <object_component id="oc-a40">
         <name>.text:ClockP_construct</name>
         <load_address>0x200116e8</load_address>
         <run_address>0x200116e8</run_address>
         <size>0x40</size>
         <input_file_ref idref="fl-1b"/>
      </object_component>
      <object_component id="oc-2ce">
         <name>.text:PinModeSet</name>
         <load_address>0x20011728</load_address>
         <run_address>0x20011728</run_address>
         <size>0x40</size>
         <input_file_ref idref="fl-24"/>
      </object_component>
      <object_component id="oc-96f">
         <name>.text:RingBuf_get</name>
         <load_address>0x20011768</load_address>
         <run_address>0x20011768</run_address>
         <size>0x40</size>
         <input_file_ref idref="fl-18"/>
      </object_component>
      <object_component id="oc-367">
         <name>.text:Timer_open</name>
         <load_address>0x200117a8</load_address>
         <run_address>0x200117a8</run_address>
         <size>0x40</size>
         <input_file_ref idref="fl-f"/>
      </object_component>
      <object_component id="oc-773">
         <name>.text:UARTCC32XX_read</name>
         <load_address>0x200117e8</load_address>
         <run_address>0x200117e8</run_address>
         <size>0x40</size>
         <input_file_ref idref="fl-16"/>
      </object_component>
      <object_component id="oc-32d">
         <name>.text:UART_open</name>
         <load_address>0x20011828</load_address>
         <run_address>0x20011828</run_address>
         <size>0x40</size>
         <input_file_ref idref="fl-10"/>
      </object_component>
      <object_component id="oc-7da">
         <name>.text:_fcpy</name>
         <load_address>0x20011868</load_address>
         <run_address>0x20011868</run_address>
         <size>0x3e</size>
         <input_file_ref idref="fl-ed"/>
      </object_component>
      <object_component id="oc-45f">
         <name>.text:ClockP_destruct</name>
         <load_address>0x200118a8</load_address>
         <run_address>0x200118a8</run_address>
         <size>0x3c</size>
         <input_file_ref idref="fl-1b"/>
      </object_component>
      <object_component id="oc-843">
         <name>.text:Power_setConstraint</name>
         <load_address>0x200118e4</load_address>
         <run_address>0x200118e4</run_address>
         <size>0x3c</size>
         <input_file_ref idref="fl-13"/>
      </object_component>
      <object_component id="oc-867">
         <name>.text:TimerCC32XX_close</name>
         <load_address>0x20011920</load_address>
         <run_address>0x20011920</run_address>
         <size>0x3a</size>
         <input_file_ref idref="fl-15"/>
      </object_component>
      <object_component id="oc-58f">
         <name>.text:getCountsRTC</name>
         <load_address>0x2001195a</load_address>
         <run_address>0x2001195a</run_address>
         <size>0x3a</size>
         <input_file_ref idref="fl-1d"/>
      </object_component>
      <object_component id="oc-737">
         <name>.text:PRCMLPDSEnterKeepDebugIf</name>
         <load_address>0x20011994</load_address>
         <run_address>0x20011994</run_address>
         <size>0x38</size>
         <input_file_ref idref="fl-25"/>
      </object_component>
      <object_component id="oc-9e9">
         <name>.text:TimerCC32XX_hwiIntFunction</name>
         <load_address>0x200119cc</load_address>
         <run_address>0x200119cc</run_address>
         <size>0x38</size>
         <input_file_ref idref="fl-15"/>
      </object_component>
      <object_component id="oc-db">
         <name>.text:addToList</name>
         <load_address>0x20011a04</load_address>
         <run_address>0x20011a04</run_address>
         <size>0x38</size>
         <input_file_ref idref="fl-1b"/>
      </object_component>
      <object_component id="oc-59">
         <name>.text:initVectors</name>
         <load_address>0x20011a3c</load_address>
         <run_address>0x20011a3c</run_address>
         <size>0x38</size>
         <input_file_ref idref="fl-1e"/>
      </object_component>
      <object_component id="oc-708">
         <name>.text:notify</name>
         <load_address>0x20011a74</load_address>
         <run_address>0x20011a74</run_address>
         <size>0x38</size>
         <input_file_ref idref="fl-13"/>
      </object_component>
      <object_component id="oc-385">
         <name>.text</name>
         <load_address>0x20011aac</load_address>
         <run_address>0x20011aac</run_address>
         <size>0x38</size>
         <input_file_ref idref="fl-e1"/>
      </object_component>
      <object_component id="oc-37b">
         <name>.text</name>
         <load_address>0x20011ae4</load_address>
         <run_address>0x20011ae4</run_address>
         <size>0x38</size>
         <input_file_ref idref="fl-e2"/>
      </object_component>
      <object_component id="oc-aa7">
         <name>.text:TimerControlStall</name>
         <load_address>0x20011b1c</load_address>
         <run_address>0x20011b1c</run_address>
         <size>0x36</size>
         <input_file_ref idref="fl-26"/>
      </object_component>
      <object_component id="oc-77f">
         <name>.text:UARTCC32XX_readCancel</name>
         <load_address>0x20011b52</load_address>
         <run_address>0x20011b52</run_address>
         <size>0x36</size>
         <input_file_ref idref="fl-16"/>
      </object_component>
      <object_component id="oc-57d">
         <name>.text:ClockP_getTicksUntilInterrupt</name>
         <load_address>0x20011b88</load_address>
         <run_address>0x20011b88</run_address>
         <size>0x34</size>
         <input_file_ref idref="fl-1b"/>
      </object_component>
      <object_component id="oc-6f9">
         <name>.text:ClockP_startup</name>
         <load_address>0x20011bbc</load_address>
         <run_address>0x20011bbc</run_address>
         <size>0x34</size>
         <input_file_ref idref="fl-1b"/>
      </object_component>
      <object_component id="oc-2c8">
         <name>.text:PinModeGet</name>
         <load_address>0x20011bf0</load_address>
         <run_address>0x20011bf0</run_address>
         <size>0x34</size>
         <input_file_ref idref="fl-24"/>
      </object_component>
      <object_component id="oc-913">
         <name>.text:PowerCC32XX_restoreParkState</name>
         <load_address>0x20011c24</load_address>
         <run_address>0x20011c24</run_address>
         <size>0x34</size>
         <input_file_ref idref="fl-13"/>
      </object_component>
      <object_component id="oc-9c7">
         <name>.text:TimerCC32XX_freeTimerResource</name>
         <load_address>0x20011c58</load_address>
         <run_address>0x20011c58</run_address>
         <size>0x34</size>
         <input_file_ref idref="fl-15"/>
      </object_component>
      <object_component id="oc-22a">
         <name>.text:checkButton</name>
         <load_address>0x20011c8c</load_address>
         <run_address>0x20011c8c</run_address>
         <size>0x34</size>
         <input_file_ref idref="fl-2"/>
      </object_component>
      <object_component id="oc-a9b">
         <name>.text:getPowerMgrId</name>
         <load_address>0x20011cc0</load_address>
         <run_address>0x20011cc0</run_address>
         <size>0x34</size>
         <input_file_ref idref="fl-15"/>
      </object_component>
      <object_component id="oc-44d">
         <name>.text:ClockP_start</name>
         <load_address>0x20011cf4</load_address>
         <run_address>0x20011cf4</run_address>
         <size>0x30</size>
         <input_file_ref idref="fl-1b"/>
      </object_component>
      <object_component id="oc-8e0">
         <name>.text:PowerCC32XX_restoreParkedPin</name>
         <load_address>0x20011d24</load_address>
         <run_address>0x20011d24</run_address>
         <size>0x30</size>
         <input_file_ref idref="fl-13"/>
      </object_component>
      <object_component id="oc-4ad">
         <name>.text:_outs</name>
         <load_address>0x20011d54</load_address>
         <run_address>0x20011d54</run_address>
         <size>0x30</size>
         <input_file_ref idref="fl-df"/>
      </object_component>
      <object_component id="oc-230">
         <name>.text:checkTemperature</name>
         <load_address>0x20011d84</load_address>
         <run_address>0x20011d84</run_address>
         <size>0x30</size>
         <input_file_ref idref="fl-2"/>
      </object_component>
      <object_component id="oc-7bd">
         <name>.text</name>
         <load_address>0x20011db4</load_address>
         <run_address>0x20011db4</run_address>
         <size>0x2e</size>
         <input_file_ref idref="fl-f4"/>
      </object_component>
      <object_component id="oc-934">
         <name>.text:PowerCC32XX_getParkState</name>
         <load_address>0x20011de4</load_address>
         <run_address>0x20011de4</run_address>
         <size>0x2c</size>
         <input_file_ref idref="fl-13"/>
      </object_component>
      <object_component id="oc-39e">
         <name>.text:HwiP_create</name>
         <load_address>0x20011e10</load_address>
         <run_address>0x20011e10</run_address>
         <size>0x2a</size>
         <input_file_ref idref="fl-1c"/>
      </object_component>
      <object_component id="oc-9f6">
         <name>.text:TimerLoadSet</name>
         <load_address>0x20011e3a</load_address>
         <run_address>0x20011e3a</run_address>
         <size>0x2a</size>
         <input_file_ref idref="fl-26"/>
      </object_component>
      <object_component id="oc-9f0">
         <name>.text:TimerPrescaleSet</name>
         <load_address>0x20011e64</load_address>
         <run_address>0x20011e64</run_address>
         <size>0x2a</size>
         <input_file_ref idref="fl-26"/>
      </object_component>
      <object_component id="oc-692">
         <name>.text:I2CFIFODataPutNonBlocking</name>
         <load_address>0x20011e8e</load_address>
         <run_address>0x20011e8e</run_address>
         <size>0x28</size>
         <input_file_ref idref="fl-22"/>
      </object_component>
      <object_component id="oc-2c2">
         <name>.text:PRCMPeripheralClkDisable</name>
         <load_address>0x20011eb8</load_address>
         <run_address>0x20011eb8</run_address>
         <size>0x28</size>
         <input_file_ref idref="fl-25"/>
      </object_component>
      <object_component id="oc-301">
         <name>.text:Power_registerNotify</name>
         <load_address>0x20011ee0</load_address>
         <run_address>0x20011ee0</run_address>
         <size>0x28</size>
         <input_file_ref idref="fl-13"/>
      </object_component>
      <object_component id="oc-5db">
         <name>.text:free_list_insert</name>
         <load_address>0x20011f08</load_address>
         <run_address>0x20011f08</run_address>
         <size>0x28</size>
         <input_file_ref idref="fl-eb"/>
      </object_component>
      <object_component id="oc-818">
         <name>.text:I2CFIFODataGetNonBlocking</name>
         <load_address>0x20011f30</load_address>
         <run_address>0x20011f30</run_address>
         <size>0x26</size>
         <input_file_ref idref="fl-22"/>
      </object_component>
      <object_component id="oc-6c5">
         <name>.text:I2C_cancel</name>
         <load_address>0x20011f56</load_address>
         <run_address>0x20011f56</run_address>
         <size>0x26</size>
         <input_file_ref idref="fl-e"/>
      </object_component>
      <object_component id="oc-46f">
         <name>.text:List_put</name>
         <load_address>0x20011f7c</load_address>
         <run_address>0x20011f7c</run_address>
         <size>0x26</size>
         <input_file_ref idref="fl-17"/>
      </object_component>
      <object_component id="oc-a30">
         <name>.text:List_remove</name>
         <load_address>0x20011fa2</load_address>
         <run_address>0x20011fa2</run_address>
         <size>0x26</size>
         <input_file_ref idref="fl-17"/>
      </object_component>
      <object_component id="oc-659">
         <name>.text:HwiP_dispatch</name>
         <load_address>0x20011fc8</load_address>
         <run_address>0x20011fc8</run_address>
         <size>0x24</size>
         <input_file_ref idref="fl-1c"/>
      </object_component>
      <object_component id="oc-92e">
         <name>.text:PowerCC32XX_reset</name>
         <load_address>0x20011fec</load_address>
         <run_address>0x20011fec</run_address>
         <size>0x24</size>
         <input_file_ref idref="fl-13"/>
      </object_component>
      <object_component id="oc-c5">
         <name>.text:_c_int00_noargs:_c_int00_noargs</name>
         <load_address>0x20012010</load_address>
         <run_address>0x20012010</run_address>
         <size>0x24</size>
         <input_file_ref idref="fl-ec"/>
      </object_component>
      <object_component id="oc-820">
         <name>.text:I2CMasterSlaveAddrSet</name>
         <load_address>0x20012034</load_address>
         <run_address>0x20012034</run_address>
         <size>0x22</size>
         <input_file_ref idref="fl-22"/>
      </object_component>
      <object_component id="oc-a28">
         <name>.text:HwiP_destruct</name>
         <load_address>0x20012056</load_address>
         <run_address>0x20012056</run_address>
         <size>0x20</size>
         <input_file_ref idref="fl-1c"/>
      </object_component>
      <object_component id="oc-907">
         <name>.text:Power_unregisterNotify</name>
         <load_address>0x20012078</load_address>
         <run_address>0x20012078</run_address>
         <size>0x20</size>
         <input_file_ref idref="fl-13"/>
      </object_component>
      <object_component id="oc-91a">
         <name>.text:RingBuf_peek</name>
         <load_address>0x20012098</load_address>
         <run_address>0x20012098</run_address>
         <size>0x20</size>
         <input_file_ref idref="fl-18"/>
      </object_component>
      <object_component id="oc-928">
         <name>.text:getPowerMgrId</name>
         <load_address>0x200120b8</load_address>
         <run_address>0x200120b8</run_address>
         <size>0x20</size>
         <input_file_ref idref="fl-16"/>
      </object_component>
      <object_component id="oc-3d6">
         <name>.text:toggleLED</name>
         <load_address>0x200120d8</load_address>
         <run_address>0x200120d8</run_address>
         <size>0x20</size>
         <input_file_ref idref="fl-2"/>
      </object_component>
      <object_component id="oc-66e">
         <name>.text:I2CMasterIntStatusEx</name>
         <load_address>0x200120f8</load_address>
         <run_address>0x200120f8</run_address>
         <size>0x1e</size>
         <input_file_ref idref="fl-22"/>
      </object_component>
      <object_component id="oc-4db">
         <name>.text:SemaphoreP_constructBinary</name>
         <load_address>0x20012116</load_address>
         <run_address>0x20012116</run_address>
         <size>0x1e</size>
         <input_file_ref idref="fl-1a"/>
      </object_component>
      <object_component id="oc-a0a">
         <name>.text:TimerDisable</name>
         <load_address>0x20012134</load_address>
         <run_address>0x20012134</run_address>
         <size>0x1e</size>
         <input_file_ref idref="fl-26"/>
      </object_component>
      <object_component id="oc-a03">
         <name>.text:TimerEnable</name>
         <load_address>0x20012152</load_address>
         <run_address>0x20012152</run_address>
         <size>0x1e</size>
         <input_file_ref idref="fl-26"/>
      </object_component>
      <object_component id="oc-8bd">
         <name>.text:PinToPadGet</name>
         <load_address>0x20012170</load_address>
         <run_address>0x20012170</run_address>
         <size>0x1c</size>
         <input_file_ref idref="fl-24"/>
      </object_component>
      <object_component id="oc-571">
         <name>.text:SwiP_disable</name>
         <load_address>0x2001218c</load_address>
         <run_address>0x2001218c</run_address>
         <size>0x1c</size>
         <input_file_ref idref="fl-1f"/>
      </object_component>
      <object_component id="oc-5d5">
         <name>.text:free_list_remove</name>
         <load_address>0x200121a8</load_address>
         <run_address>0x200121a8</run_address>
         <size>0x1c</size>
         <input_file_ref idref="fl-eb"/>
      </object_component>
      <object_component id="oc-631">
         <name>.text:memccpy</name>
         <load_address>0x200121c4</load_address>
         <run_address>0x200121c4</run_address>
         <size>0x1c</size>
         <input_file_ref idref="fl-fd"/>
      </object_component>
      <object_component id="oc-940">
         <name>.text:ClockP_create</name>
         <load_address>0x200121e0</load_address>
         <run_address>0x200121e0</run_address>
         <size>0x1a</size>
         <input_file_ref idref="fl-1b"/>
      </object_component>
      <object_component id="oc-2e3">
         <name>.text:SemaphoreP_createBinary</name>
         <load_address>0x200121fa</load_address>
         <run_address>0x200121fa</run_address>
         <size>0x1a</size>
         <input_file_ref idref="fl-1a"/>
      </object_component>
      <object_component id="oc-21">
         <name>.text:resetISR</name>
         <load_address>0x20012214</load_address>
         <run_address>0x20012214</run_address>
         <size>0x1a</size>
         <input_file_ref idref="fl-1e"/>
      </object_component>
      <object_component id="oc-857">
         <name>.text:I2CMasterBusBusy</name>
         <load_address>0x2001222e</load_address>
         <run_address>0x2001222e</run_address>
         <size>0x18</size>
         <input_file_ref idref="fl-22"/>
      </object_component>
      <object_component id="oc-680">
         <name>.text:I2CMasterIntDisableEx</name>
         <load_address>0x20012246</load_address>
         <run_address>0x20012246</run_address>
         <size>0x18</size>
         <input_file_ref idref="fl-22"/>
      </object_component>
      <object_component id="oc-832">
         <name>.text:I2CMasterIntEnableEx</name>
         <load_address>0x2001225e</load_address>
         <run_address>0x2001225e</run_address>
         <size>0x18</size>
         <input_file_ref idref="fl-22"/>
      </object_component>
      <object_component id="oc-851">
         <name>.text:I2CRxFIFOFlush</name>
         <load_address>0x20012276</load_address>
         <run_address>0x20012276</run_address>
         <size>0x18</size>
         <input_file_ref idref="fl-22"/>
      </object_component>
      <object_component id="oc-84b">
         <name>.text:I2CTxFIFOFlush</name>
         <load_address>0x2001228e</load_address>
         <run_address>0x2001228e</run_address>
         <size>0x18</size>
         <input_file_ref idref="fl-22"/>
      </object_component>
      <object_component id="oc-583">
         <name>.text:Power_getTransitionLatency</name>
         <load_address>0x200122a8</load_address>
         <run_address>0x200122a8</run_address>
         <size>0x18</size>
         <input_file_ref idref="fl-13"/>
      </object_component>
      <object_component id="oc-74a">
         <name>.text:Power_idleFunc</name>
         <load_address>0x200122c0</load_address>
         <run_address>0x200122c0</run_address>
         <size>0x18</size>
         <input_file_ref idref="fl-13"/>
      </object_component>
      <object_component id="oc-873">
         <name>.text:TimerCC32XX_getCount</name>
         <load_address>0x200122d8</load_address>
         <run_address>0x200122d8</run_address>
         <size>0x18</size>
         <input_file_ref idref="fl-15"/>
      </object_component>
      <object_component id="oc-a10">
         <name>.text:TimerIntDisable</name>
         <load_address>0x200122f0</load_address>
         <run_address>0x200122f0</run_address>
         <size>0x18</size>
         <input_file_ref idref="fl-26"/>
      </object_component>
      <object_component id="oc-9fd">
         <name>.text:TimerIntEnable</name>
         <load_address>0x20012308</load_address>
         <run_address>0x20012308</run_address>
         <size>0x18</size>
         <input_file_ref idref="fl-26"/>
      </object_component>
      <object_component id="oc-977">
         <name>.text:UARTBusy</name>
         <load_address>0x20012320</load_address>
         <run_address>0x20012320</run_address>
         <size>0x18</size>
         <input_file_ref idref="fl-27"/>
      </object_component>
      <object_component id="oc-a84">
         <name>.text:UARTIntEnable</name>
         <load_address>0x20012338</load_address>
         <run_address>0x20012338</run_address>
         <size>0x18</size>
         <input_file_ref idref="fl-27"/>
      </object_component>
      <object_component id="oc-327">
         <name>.text:UART_Params_init</name>
         <load_address>0x20012350</load_address>
         <run_address>0x20012350</run_address>
         <size>0x18</size>
         <input_file_ref idref="fl-10"/>
      </object_component>
      <object_component id="oc-4b3">
         <name>.text:_outc</name>
         <load_address>0x20012368</load_address>
         <run_address>0x20012368</run_address>
         <size>0x18</size>
         <input_file_ref idref="fl-df"/>
      </object_component>
      <object_component id="oc-241">
         <name>.text:gpioButtonFxn0</name>
         <load_address>0x20012380</load_address>
         <run_address>0x20012380</run_address>
         <size>0x18</size>
         <input_file_ref idref="fl-2"/>
      </object_component>
      <object_component id="oc-247">
         <name>.text:gpioButtonFxn1</name>
         <load_address>0x20012398</load_address>
         <run_address>0x20012398</run_address>
         <size>0x18</size>
         <input_file_ref idref="fl-2"/>
      </object_component>
      <object_component id="oc-5a0">
         <name>.text</name>
         <load_address>0x200123b0</load_address>
         <run_address>0x200123b0</run_address>
         <size>0x18</size>
         <input_file_ref idref="fl-e3"/>
      </object_component>
      <object_component id="oc-373">
         <name>.text:timerCallback</name>
         <load_address>0x200123c8</load_address>
         <run_address>0x200123c8</run_address>
         <size>0x18</size>
         <input_file_ref idref="fl-2"/>
      </object_component>
      <object_component id="oc-82c">
         <name>.text:I2CMasterBurstLengthSet</name>
         <load_address>0x200123e0</load_address>
         <run_address>0x200123e0</run_address>
         <size>0x16</size>
         <input_file_ref idref="fl-22"/>
      </object_component>
      <object_component id="oc-2b0">
         <name>.text:PRCMHIBRegRead</name>
         <load_address>0x200123f6</load_address>
         <run_address>0x200123f6</run_address>
         <size>0x16</size>
         <input_file_ref idref="fl-25"/>
      </object_component>
      <object_component id="oc-2aa">
         <name>.text:PRCMHIBRegWrite</name>
         <load_address>0x2001240c</load_address>
         <run_address>0x2001240c</run_address>
         <size>0x16</size>
         <input_file_ref idref="fl-25"/>
      </object_component>
      <object_component id="oc-435">
         <name>.text:SemaphoreP_create</name>
         <load_address>0x20012422</load_address>
         <run_address>0x20012422</run_address>
         <size>0x16</size>
         <input_file_ref idref="fl-1a"/>
      </object_component>
      <object_component id="oc-7ee">
         <name>.text:strchr</name>
         <load_address>0x20012438</load_address>
         <run_address>0x20012438</run_address>
         <size>0x16</size>
         <input_file_ref idref="fl-fe"/>
      </object_component>
      <object_component id="oc-a3">
         <name>.text:CPUcpsid</name>
         <load_address>0x2001244e</load_address>
         <run_address>0x2001244e</run_address>
         <size>0x14</size>
         <input_file_ref idref="fl-21"/>
      </object_component>
      <object_component id="oc-476">
         <name>.text:HwiP_inISR</name>
         <load_address>0x20012464</load_address>
         <run_address>0x20012464</run_address>
         <size>0x14</size>
         <input_file_ref idref="fl-1c"/>
      </object_component>
      <object_component id="oc-85f">
         <name>.text:I2CSupport_masterFinish</name>
         <load_address>0x20012478</load_address>
         <run_address>0x20012478</run_address>
         <size>0x14</size>
         <input_file_ref idref="fl-12"/>
      </object_component>
      <object_component id="oc-34c">
         <name>.text:I2C_transfer</name>
         <load_address>0x2001248c</load_address>
         <run_address>0x2001248c</run_address>
         <size>0x14</size>
         <input_file_ref idref="fl-e"/>
      </object_component>
      <object_component id="oc-af">
         <name>.text:IntVTableBaseSet</name>
         <load_address>0x200124a0</load_address>
         <run_address>0x200124a0</run_address>
         <size>0x14</size>
         <input_file_ref idref="fl-23"/>
      </object_component>
      <object_component id="oc-47c">
         <name>.text:Power_disablePolicy</name>
         <load_address>0x200124b4</load_address>
         <run_address>0x200124b4</run_address>
         <size>0x14</size>
         <input_file_ref idref="fl-13"/>
      </object_component>
      <object_component id="oc-8d9">
         <name>.text:Power_getDependencyCount</name>
         <load_address>0x200124c8</load_address>
         <run_address>0x200124c8</run_address>
         <size>0x14</size>
         <input_file_ref idref="fl-13"/>
      </object_component>
      <object_component id="oc-a7e">
         <name>.text:releasePowerConstraint</name>
         <load_address>0x200124dc</load_address>
         <run_address>0x200124dc</run_address>
         <size>0x14</size>
         <input_file_ref idref="fl-16"/>
      </object_component>
      <object_component id="oc-608">
         <name>.text:strlen</name>
         <load_address>0x200124f0</load_address>
         <run_address>0x200124f0</run_address>
         <size>0x14</size>
         <input_file_ref idref="fl-ff"/>
      </object_component>
      <object_component id="oc-398">
         <name>.text:HwiP_Params_init</name>
         <load_address>0x20012504</load_address>
         <run_address>0x20012504</run_address>
         <size>0x12</size>
         <input_file_ref idref="fl-1c"/>
      </object_component>
      <object_component id="oc-674">
         <name>.text:I2CMasterIntClearEx</name>
         <load_address>0x20012516</load_address>
         <run_address>0x20012516</run_address>
         <size>0x12</size>
         <input_file_ref idref="fl-22"/>
      </object_component>
      <object_component id="oc-922">
         <name>.text:RingBuf_construct</name>
         <load_address>0x20012528</load_address>
         <run_address>0x20012528</run_address>
         <size>0x12</size>
         <input_file_ref idref="fl-18"/>
      </object_component>
[...]
      </symbol>
      <symbol id="sm-b5c">
         <name>HwiP_disableInterrupt</name>
         <value>0x2001266d</value>
         <object_component_ref idref="oc-6b3"/>
      </symbol>
      <symbol id="sm-b8c">
         <name>PowerCC32XX_initPolicy</name>
         <value>0x2000e54f</value>
         <object_component_ref idref="oc-41e"/>
      </symbol>
      <symbol id="sm-b8d">
         <name>PowerCC32XX_sleepPolicy</name>
         <value>0x2000dd79</value>
         <object_component_ref idref="oc-424"/>
      </symbol>
      <symbol id="sm-be2">
         <name>resetISR</name>
         <value>0x20012215</value>
         <object_component_ref idref="oc-21"/>
      </symbol>
      <symbol id="sm-be3">
         <name>resetVectorAddr</name>
         <value>0x20012228</value>
         <object_component_ref idref="oc-21"/>
      </symbol>
      <symbol id="sm-be4">
         <name>initVectors</name>
         <value>0x20011a3d</value>
         <object_component_ref idref="oc-59"/>
      </symbol>
      <symbol id="sm-be5">
         <name>resetVectors</name>
         <value>0x20004000</value>
         <object_component_ref idref="oc-27"/>
      </symbol>
      <symbol id="sm-c15">
         <name>SwiP_disable</name>
         <value>0x2001218d</value>
         <object_component_ref idref="oc-571"/>
      </symbol>
      <symbol id="sm-c16">
         <name>SwiP_restore</name>
         <value>0x20011595</value>
         <object_component_ref idref="oc-5ab"/>
      </symbol>
      <symbol id="sm-c21">
         <name>CPUcpsid</name>
         <value>0x2001244f</value>
         <object_component_ref idref="oc-a3"/>
      </symbol>
      <symbol id="sm-c8e">
         <name>I2CRxFIFOFlush</name>
         <value>0x20012277</value>
         <object_component_ref idref="oc-851"/>
      </symbol>
      <symbol id="sm-c8f">
         <name>I2CTxFIFOFlush</name>
         <value>0x2001228f</value>
         <object_component_ref idref="oc-84b"/>
      </symbol>
      <symbol id="sm-c90">
         <name>I2CFIFODataPutNonBlocking</name>
         <value>0x20011e8f</value>
         <object_component_ref idref="oc-692"/>
      </symbol>
      <symbol id="sm-c91">
         <name>I2CMasterBusBusy</name>
         <value>0x2001222f</value>
         <object_component_ref idref="oc-857"/>
      </symbol>
      <symbol id="sm-c92">
         <name>I2CMasterIntDisableEx</name>
         <value>0x20012247</value>
         <object_component_ref idref="oc-680"/>
      </symbol>
      <symbol id="sm-c93">
         <name>I2CMasterBurstLengthSet</name>
         <value>0x200123e1</value>
         <object_component_ref idref="oc-82c"/>
      </symbol>
      <symbol id="sm-c94">
         <name>I2CMasterIntClearEx</name>
         <value>0x20012517</value>
         <object_component_ref idref="oc-674"/>
      </symbol>
      <symbol id="sm-c95">
         <name>I2CMasterSlaveAddrSet</name>
         <value>0x20012035</value>
         <object_component_ref idref="oc-820"/>
      </symbol>
      <symbol id="sm-c96">
         <name>I2CMasterIntEnableEx</name>
         <value>0x2001225f</value>
         <object_component_ref idref="oc-832"/>
      </symbol>
      <symbol id="sm-c97">
         <name>I2CFIFOStatus</name>
         <value>0x200125f1</value>
         <object_component_ref idref="oc-698"/>
      </symbol>
      <symbol id="sm-c98">
         <name>I2CMasterIntStatusEx</name>
         <value>0x200120f9</value>
         <object_component_ref idref="oc-66e"/>
      </symbol>
      <symbol id="sm-c99">
         <name>I2CFIFODataGetNonBlocking</name>
         <value>0x20011f31</value>
         <object_component_ref idref="oc-818"/>
      </symbol>
      <symbol id="sm-cde">
         <name>IntVTableBaseSet</name>
         <value>0x200124a1</value>
         <object_component_ref idref="oc-af"/>
      </symbol>
      <symbol id="sm-cdf">
         <name>IntEnable</name>
         <value>0x2000f881</value>
         <object_component_ref idref="oc-b5"/>
      </symbol>
      <symbol id="sm-ce0">
         <name>IntMasterDisable</name>
         <value>0x2001271d</value>
         <object_component_ref idref="oc-53"/>
      </symbol>
      <symbol id="sm-ce1">
         <name>IntPendSet</name>
         <value>0x2000ff39</value>
         <object_component_ref idref="oc-8ef"/>
      </symbol>
      <symbol id="sm-d1b">
         <name>PinModeGet</name>
         <value>0x20011bf1</value>
         <object_component_ref idref="oc-2c8"/>
      </symbol>
      <symbol id="sm-d1c">
         <name>PinConfigSet</name>
         <value>0x2000ffc1</value>
         <object_component_ref idref="oc-38c"/>
      </symbol>
      <symbol id="sm-d1d">
         <name>PinModeSet</name>
         <value>0x20011729</value>
         <object_component_ref idref="oc-2ce"/>
      </symbol>
      <symbol id="sm-d1e">
         <name>PinToPadGet</name>
         <value>0x20012171</value>
         <object_component_ref idref="oc-8bd"/>
      </symbol>
      <symbol id="sm-de7">
         <name>PRCMLPDSRestoreInfoSet</name>
         <value>0x200114c9</value>
         <object_component_ref idref="oc-8d1"/>
      </symbol>
      <symbol id="sm-de8">
         <name>PRCMPeripheralReset</name>
         <value>0x20010c41</value>
         <object_component_ref idref="oc-2bc"/>
      </symbol>
      <symbol id="sm-de9">
         <name>PRCMLPDSEnter</name>
         <value>0x20011291</value>
         <object_component_ref idref="oc-731"/>
      </symbol>
      <symbol id="sm-dea">
         <name>PRCMPeripheralClkEnable</name>
         <value>0x200112d9</value>
         <object_component_ref idref="oc-2b6"/>
      </symbol>
      <symbol id="sm-deb">
         <name>PRCMLPDSEnterKeepDebugIf</name>
         <value>0x20011995</value>
         <object_component_ref idref="oc-737"/>
      </symbol>
      <symbol id="sm-dec">
         <name>PRCMCC3200MCUInit</name>
         <value>0x2000ca91</value>
         <object_component_ref idref="oc-1ce"/>
      </symbol>
      <symbol id="sm-ded">
         <name>PRCMHIBRegWrite</name>
         <value>0x2001240d</value>
         <object_component_ref idref="oc-2aa"/>
      </symbol>
      <symbol id="sm-dee">
         <name>PRCMSysResetCauseGet</name>
         <value>0x20010a75</value>
         <object_component_ref idref="oc-2a3"/>
      </symbol>
      <symbol id="sm-def">
         <name>PRCMPeripheralClkDisable</name>
         <value>0x20011eb9</value>
         <object_component_ref idref="oc-2c2"/>
      </symbol>
      <symbol id="sm-df0">
         <name>PRCMHIBRegRead</name>
         <value>0x200123f7</value>
         <object_component_ref idref="oc-2b0"/>
      </symbol>
      <symbol id="sm-e38">
         <name>TimerLoadSet</name>
         <value>0x20011e3b</value>
         <object_component_ref idref="oc-9f6"/>
      </symbol>
      <symbol id="sm-e39">
         <name>TimerDisable</name>
         <value>0x20012135</value>
         <object_component_ref idref="oc-a0a"/>
      </symbol>
      <symbol id="sm-e3a">
         <name>TimerEnable</name>
         <value>0x20012153</value>
         <object_component_ref idref="oc-a03"/>
      </symbol>
      <symbol id="sm-e3b">
         <name>TimerIntDisable</name>
         <value>0x200122f1</value>
         <object_component_ref idref="oc-a10"/>
      </symbol>
      <symbol id="sm-e3c">
         <name>TimerPrescaleSet</name>
         <value>0x20011e65</value>
         <object_component_ref idref="oc-9f0"/>
      </symbol>
      <symbol id="sm-e3d">
         <name>TimerControlStall</name>
         <value>0x20011b1d</value>
         <object_component_ref idref="oc-aa7"/>
      </symbol>
      <symbol id="sm-e3e">
         <name>TimerIntEnable</name>
         <value>0x20012309</value>
         <object_component_ref idref="oc-9fd"/>
      </symbol>
      <symbol id="sm-e3f">
         <name>TimerIntClear</name>
         <value>0x2001253b</value>
         <object_component_ref idref="oc-aaf"/>
      </symbol>
      <symbol id="sm-e53">
         <name>UARTBusy</name>
         <value>0x20012321</value>
         <object_component_ref idref="oc-977"/>
      </symbol>
      <symbol id="sm-e54">
         <name>UARTIntEnable</name>
         <value>0x20012339</value>
         <object_component_ref idref="oc-a84"/>
      </symbol>
      <symbol id="sm-e58">
         <name>UtilsDelay</name>
         <value>0x2001277f</value>
         <object_component_ref idref="oc-2a9"/>
      </symbol>
      <symbol id="sm-e68">
         <name>FlashDisable</name>
         <value>0x20011249</value>
         <object_component_ref idref="oc-8e7"/>
      </symbol>
      <symbol id="sm-e97">
         <name>snprintf</name>
         <value>0x200111fd</value>
         <object_component_ref idref="oc-334"/>
      </symbol>
      <symbol id="sm-ea1">
         <name>__aeabi_fmul</name>
         <value>0x2001045b</value>
         <object_component_ref idref="oc-380"/>
      </symbol>
      <symbol id="sm-eab">
         <name>__aeabi_f2iz</name>
         <value>0x20011aad</value>
         <object_component_ref idref="oc-385"/>
      </symbol>
      <symbol id="sm-eb6">
         <name>__aeabi_i2f</name>
         <value>0x20011ae5</value>
         <object_component_ref idref="oc-37b"/>
      </symbol>
      <symbol id="sm-ebf">
         <name>__aeabi_lmul</name>
         <value>0x200123b1</value>
         <object_component_ref idref="oc-5a0"/>
      </symbol>
      <symbol id="sm-eda">
         <name>memcpy</name>
         <value>0x2000fc51</value>
         <object_component_ref idref="oc-3b"/>
      </symbol>
      <symbol id="sm-edb">
         <name>__aeabi_memcpy</name>
         <value>0x2000fc51</value>
         <object_component_ref idref="oc-3b"/>
      </symbol>
      <symbol id="sm-edc">
         <name>__aeabi_memcpy8</name>
         <value>0x2000fc51</value>
         <object_component_ref idref="oc-3b"/>
      </symbol>
      <symbol id="sm-edd">
         <name>__aeabi_memcpy4</name>
         <value>0x2000fc51</value>
         <object_component_ref idref="oc-3b"/>
      </symbol>
      <symbol id="sm-eea">
         <name>__aeabi_uldivmod</name>
         <value>0x2000fd85</value>
         <object_component_ref idref="oc-595"/>
      </symbol>
      <symbol id="sm-efc">
         <name>__TI_zero_init</name>
         <value>0x200126e5</value>
         <object_component_ref idref="oc-4d"/>
      </symbol>
      <symbol id="sm-f13">
         <name>__TI_decompress_none</name>
         <value>0x200126b3</value>
         <object_component_ref idref="oc-1a"/>
      </symbol>
      <symbol id="sm-f36">
         <name>__TI_decompress_lzss</name>
         <value>0x20010875</value>
         <object_component_ref idref="oc-14"/>
      </symbol>
      <symbol id="sm-f4c">
         <name>atoi</name>
         <value>0x20011165</value>
         <object_component_ref idref="oc-224"/>
      </symbol>
      <symbol id="sm-f57">
         <name>_ctypes_</name>
         <value>0x20012d58</value>
         <object_component_ref idref="oc-3ca"/>
      </symbol>
      <symbol id="sm-fe0">
         <name>_sys_memory</name>
         <value>0x20004040</value>
         <object_component_ref idref="oc-2a"/>
      </symbol>
      <symbol id="sm-fe1">
         <name>free</name>
         <value>0x2000eee9</value>
         <object_component_ref idref="oc-440"/>
      </symbol>
      <symbol id="sm-fe2">
         <name>memalign</name>
         <value>0x2000eafd</value>
         <object_component_ref idref="oc-6e1"/>
      </symbol>
      <symbol id="sm-fe3">
         <name>malloc</name>
         <value>0x20012755</value>
         <object_component_ref idref="oc-520"/>
      </symbol>
      <symbol id="sm-fe4">
         <name>aligned_alloc</name>
         <value>0x2000eafd</value>
         <object_component_ref idref="oc-6e1"/>
      </symbol>
      <symbol id="sm-ff6">
         <name>__stack</name>
         <value>0x20003000</value>
         <object_component_ref idref="oc-2d"/>
      </symbol>
      <symbol id="sm-ff7">
         <name>_c_int00_noargs</name>
         <value>0x20012011</value>
         <object_component_ref idref="oc-c5"/>
      </symbol>
      <symbol id="sm-115c">
         <name>__TI_printfi</name>
         <value>0x2000c041</value>
         <object_component_ref idref="oc-4a7"/>
      </symbol>
      <symbol id="sm-1166">
         <name>__aeabi_idiv0</name>
         <value>0x20010f8f</value>
         <object_component_ref idref="oc-702"/>
      </symbol>
      <symbol id="sm-1167">
         <name>__aeabi_ldiv0</name>
         <value>0x20010f8f</value>
         <object_component_ref idref="oc-702"/>
      </symbol>
      <symbol id="sm-117e">
         <name>__aeabi_dsub</name>
         <value>0x2000dbc1</value>
         <object_component_ref idref="oc-7c2"/>
      </symbol>
      <symbol id="sm-117f">
         <name>__aeabi_dadd</name>
         <value>0x2000dbcb</value>
         <object_component_ref idref="oc-7c2"/>
      </symbol>
      <symbol id="sm-11a1">
         <name>__aeabi_cdcmpeq</name>
         <value>0x200100d1</value>
         <object_component_ref idref="oc-614"/>
      </symbol>
      <symbol id="sm-11a2">
         <name>__aeabi_cdcmple</name>
         <value>0x200100d1</value>
         <object_component_ref idref="oc-614"/>
      </symbol>
      <symbol id="sm-11a3">
         <name>__aeabi_cdrcmple</name>
         <value>0x20010157</value>
         <object_component_ref idref="oc-7ad"/>
      </symbol>
      <symbol id="sm-11b7">
         <name>__aeabi_ddiv</name>
         <value>0x2000e419</value>
         <object_component_ref idref="oc-7a8"/>
      </symbol>
      <symbol id="sm-11c2">
         <name>__aeabi_dmul</name>
         <value>0x2000ecf9</value>
         <object_component_ref idref="oc-7a3"/>
      </symbol>
      <symbol id="sm-11cc">
         <name>__aeabi_d2iz</name>
         <value>0x200113b1</value>
         <object_component_ref idref="oc-7b2"/>
      </symbol>
      <symbol id="sm-11d6">
         <name>__aeabi_i2d</name>
         <value>0x20011db5</value>
         <object_component_ref idref="oc-7bd"/>
      </symbol>
      <symbol id="sm-11e5">
         <name>__aeabi_memset</name>
         <value>0x200104d7</value>
         <object_component_ref idref="oc-9d"/>
      </symbol>
      <symbol id="sm-11e6">
         <name>memset</name>
         <value>0x200104dd</value>
         <object_component_ref idref="oc-9d"/>
      </symbol>
      <symbol id="sm-11e7">
         <name>__aeabi_memset8</name>
         <value>0x200104d7</value>
         <object_component_ref idref="oc-9d"/>
      </symbol>
      <symbol id="sm-11e8">
         <name>__aeabi_memset4</name>
         <value>0x200104d7</value>
         <object_component_ref idref="oc-9d"/>
      </symbol>
      <symbol id="sm-11e9">
         <name>__aeabi_memclr8</name>
         <value>0x200104d5</value>
         <object_component_ref idref="oc-9d"/>
      </symbol>
      <symbol id="sm-11ea">
         <name>__aeabi_memclr4</name>
         <value>0x200104d5</value>
         <object_component_ref idref="oc-9d"/>
      </symbol>
      <symbol id="sm-11eb">
         <name>__aeabi_memclr</name>
         <value>0x200104d5</value>
         <object_component_ref idref="oc-9d"/>
      </symbol>
      <symbol id="sm-1213">
         <name>__TI_auto_init_nobinit_nopinit</name>
         <value>0x20011661</value>
         <object_component_ref idref="oc-172"/>
      </symbol>
      <symbol id="sm-121d">
         <name>_system_pre_init</name>
         <value>0x20012791</value>
         <object_component_ref idref="oc-114"/>
      </symbol>
      <symbol id="sm-1229">
         <name>C$$EXIT</name>
         <value>0x20012795</value>
         <object_component_ref idref="oc-166"/>
      </symbol>
      <symbol id="sm-122a">
         <name>abort</name>
         <value>0x20012795</value>
         <object_component_ref idref="oc-166"/>
      </symbol>
      <symbol id="sm-123f">
         <name>_nop</name>
         <value>0x2000f167</value>
         <object_component_ref idref="oc-3e6"/>
      </symbol>
      <symbol id="sm-1240">
         <name>_lock</name>
         <value>0x20012d2c</value>
         <object_component_ref idref="oc-256"/>
      </symbol>
      <symbol id="sm-1241">
         <name>_unlock</name>
         <value>0x20012d30</value>
         <object_component_ref idref="oc-256"/>
      </symbol>
      <symbol id="sm-1250">
         <name>__TI_ltoa</name>
         <value>0x20010d9d</value>
         <object_component_ref idref="oc-7b7"/>
      </symbol>
      <symbol id="sm-1261">
         <name>memccpy</name>
         <value>0x200121c5</value>
         <object_component_ref idref="oc-631"/>
      </symbol>
      <symbol id="sm-1271">
         <name>strchr</name>
         <value>0x20012439</value>
         <object_component_ref idref="oc-7ee"/>
      </symbol>
      <symbol id="sm-127f">
         <name>strlen</name>
         <value>0x200124f1</value>
         <object_component_ref idref="oc-608"/>
      </symbol>
      <symbol id="sm-1295">
         <name>__aeabi_errno_addr</name>
         <value>0x2001274d</value>
         <object_component_ref idref="oc-63d"/>
      </symbol>
      <symbol id="sm-1296">
         <name>errno</name>
         <value>0x20012d54</value>
         <object_component_ref idref="oc-7fe"/>
      </symbol>
      <symbol id="sm-12b6">
         <name>frexpl</name>
         <value>0x20010b31</value>
         <object_component_ref idref="oc-7e2"/>
      </symbol>
      <symbol id="sm-12b7">
         <name>frexp</name>
         <value>0x20010b31</value>
         <object_component_ref idref="oc-7e2"/>
      </symbol>
      <symbol id="sm-12d5">
         <name>scalbn</name>
         <value>0x2000efcd</value>
         <object_component_ref idref="oc-7e8"/>
      </symbol>
      <symbol id="sm-12d6">
         <name>scalbnl</name>
         <value>0x2000efcd</value>
         <object_component_ref idref="oc-7e8"/>
      </symbol>
      <symbol id="sm-12d7">
         <name>ldexpl</name>
         <value>0x2000efcd</value>
         <object_component_ref idref="oc-7e8"/>
      </symbol>
      <symbol id="sm-12d8">
         <name>ldexp</name>
         <value>0x2000efcd</value>
         <object_component_ref idref="oc-7e8"/>
      </symbol>
      <symbol id="sm-12e2">
         <name>copysign</name>
         <value>0x200126d9</value>
         <object_component_ref idref="oc-99f"/>
      </symbol>
      <symbol id="sm-12e3">
         <name>copysignl</name>
         <value>0x200126d9</value>
         <object_component_ref idref="oc-99f"/>
      </symbol>
      <symbol id="sm-12fc">
         <name>wcslen</name>
         <value>0x2001255f</value>
         <object_component_ref idref="oc-637"/>
      </symbol>
      <symbol id="sm-12fd">
         <name>__TI_static_base__</name>
         <value>0x20013690</value>
      </symbol>
      <symbol id="sm-1300">
         <name>ITM_flush</name>
         <value>0x0</value>
      </symbol>
      <symbol id="sm-1301">
         <name>ITM_restore</name>
         <value>0x0</value>
      </symbol>
      <symbol id="sm-1302">
         <name>__mpu_init</name>
         <value>0x0</value>
      </symbol>
      <symbol id="sm-1303">
         <name>_system_post_cinit</name>
         <value>0x0</value>
      </symbol>
      <symbol id="sm-1304">
         <name>NoRTOS_start</name>
         <value>0x2001267b</value>
      </symbol>
   </symbol_table>
   <title>Link successful</title>
</link_info>
